<!doctype html public "-//w3c//dtd html 4.0 transitional//en">
<html><head>
<title>Static Call Graph - [.\objects\template.axf]</title></head>
<body><HR>
<H1>Static Call Graph for image .\objects\template.axf</H1><HR>
<BR><P>#&#060CALLGRAPH&#062# ARM Linker, 5060960: Last Updated: Fri Jul 03 11:53:04 2026
<BR><P>
<H3>Maximum Stack Usage =        560 bytes + Unknown(Cycles, Untraceable Function Pointers)</H3><H3>
Call chain for Maximum Stack Depth:</H3>
SetReadWrite &rArr; __0sscanf &rArr; __vfscanf_char &rArr; __vfscanf &rArr; _scanf_real
<P>
<H3>
Mutually Recursive functions
</H3> <LI><a href="#[4f]">ACC_IRQHandler</a>&nbsp;&nbsp;&nbsp;&rArr;&nbsp;&nbsp;&nbsp;<a href="#[4f]">ACC_IRQHandler</a><BR>
</UL>
<P>
<H3>
Function Pointers
</H3><UL>
 <LI><a href="#[4f]">ACC_IRQHandler</a> from startup_at32f403a_407.o(.text) referenced from startup_at32f403a_407.o(RESET)
 <LI><a href="#[1d]">ADC1_2_IRQHandler</a> from startup_at32f403a_407.o(.text) referenced from startup_at32f403a_407.o(RESET)
 <LI><a href="#[3a]">ADC3_IRQHandler</a> from startup_at32f403a_407.o(.text) referenced from startup_at32f403a_407.o(RESET)
 <LI><a href="#[67]">BaudrateUART</a> from command.o(i.BaudrateUART) referenced from command.o(.constdata)
 <LI><a href="#[5]">BusFault_Handler</a> from at32f403a_407_int.o(i.BusFault_Handler) referenced from startup_at32f403a_407.o(RESET)
 <LI><a href="#[20]">CAN1_RX1_IRQHandler</a> from startup_at32f403a_407.o(.text) referenced from startup_at32f403a_407.o(RESET)
 <LI><a href="#[21]">CAN1_SE_IRQHandler</a> from startup_at32f403a_407.o(.text) referenced from startup_at32f403a_407.o(RESET)
 <LI><a href="#[4c]">CAN2_RX0_IRQHandler</a> from startup_at32f403a_407.o(.text) referenced from startup_at32f403a_407.o(RESET)
 <LI><a href="#[4d]">CAN2_RX1_IRQHandler</a> from startup_at32f403a_407.o(.text) referenced from startup_at32f403a_407.o(RESET)
 <LI><a href="#[4e]">CAN2_SE_IRQHandler</a> from startup_at32f403a_407.o(.text) referenced from startup_at32f403a_407.o(RESET)
 <LI><a href="#[4b]">CAN2_TX_IRQHandler</a> from startup_at32f403a_407.o(.text) referenced from startup_at32f403a_407.o(RESET)
 <LI><a href="#[10]">CRM_IRQHandler</a> from startup_at32f403a_407.o(.text) referenced from startup_at32f403a_407.o(RESET)
 <LI><a href="#[16]">DMA1_Channel1_IRQHandler</a> from startup_at32f403a_407.o(.text) referenced from startup_at32f403a_407.o(RESET)
 <LI><a href="#[17]">DMA1_Channel2_IRQHandler</a> from startup_at32f403a_407.o(.text) referenced from startup_at32f403a_407.o(RESET)
 <LI><a href="#[18]">DMA1_Channel3_IRQHandler</a> from startup_at32f403a_407.o(.text) referenced from startup_at32f403a_407.o(RESET)
 <LI><a href="#[19]">DMA1_Channel4_IRQHandler</a> from startup_at32f403a_407.o(.text) referenced from startup_at32f403a_407.o(RESET)
 <LI><a href="#[1a]">DMA1_Channel5_IRQHandler</a> from startup_at32f403a_407.o(.text) referenced from startup_at32f403a_407.o(RESET)
 <LI><a href="#[1b]">DMA1_Channel6_IRQHandler</a> from startup_at32f403a_407.o(.text) referenced from startup_at32f403a_407.o(RESET)
 <LI><a href="#[1c]">DMA1_Channel7_IRQHandler</a> from startup_at32f403a_407.o(.text) referenced from startup_at32f403a_407.o(RESET)
 <LI><a href="#[43]">DMA2_Channel1_IRQHandler</a> from startup_at32f403a_407.o(.text) referenced from startup_at32f403a_407.o(RESET)
 <LI><a href="#[44]">DMA2_Channel2_IRQHandler</a> from startup_at32f403a_407.o(.text) referenced from startup_at32f403a_407.o(RESET)
 <LI><a href="#[45]">DMA2_Channel3_IRQHandler</a> from startup_at32f403a_407.o(.text) referenced from startup_at32f403a_407.o(RESET)
 <LI><a href="#[46]">DMA2_Channel4_5_IRQHandler</a> from startup_at32f403a_407.o(.text) referenced from startup_at32f403a_407.o(RESET)
 <LI><a href="#[52]">DMA2_Channel6_7_IRQHandler</a> from startup_at32f403a_407.o(.text) referenced from startup_at32f403a_407.o(RESET)
 <LI><a href="#[8]">DebugMon_Handler</a> from at32f403a_407_int.o(i.DebugMon_Handler) referenced from startup_at32f403a_407.o(RESET)
 <LI><a href="#[56]">EMAC_IRQHandler</a> from startup_at32f403a_407.o(.text) referenced from startup_at32f403a_407.o(RESET)
 <LI><a href="#[57]">EMAC_WKUP_IRQHandler</a> from startup_at32f403a_407.o(.text) referenced from startup_at32f403a_407.o(RESET)
 <LI><a href="#[11]">EXINT0_IRQHandler</a> from startup_at32f403a_407.o(.text) referenced from startup_at32f403a_407.o(RESET)
 <LI><a href="#[33]">EXINT15_10_IRQHandler</a> from startup_at32f403a_407.o(.text) referenced from startup_at32f403a_407.o(RESET)
 <LI><a href="#[12]">EXINT1_IRQHandler</a> from startup_at32f403a_407.o(.text) referenced from startup_at32f403a_407.o(RESET)
 <LI><a href="#[13]">EXINT2_IRQHandler</a> from startup_at32f403a_407.o(.text) referenced from startup_at32f403a_407.o(RESET)
 <LI><a href="#[14]">EXINT3_IRQHandler</a> from startup_at32f403a_407.o(.text) referenced from startup_at32f403a_407.o(RESET)
 <LI><a href="#[15]">EXINT4_IRQHandler</a> from startup_at32f403a_407.o(.text) referenced from startup_at32f403a_407.o(RESET)
 <LI><a href="#[22]">EXINT9_5_IRQHandler</a> from startup_at32f403a_407.o(.text) referenced from startup_at32f403a_407.o(RESET)
 <LI><a href="#[f]">FLASH_IRQHandler</a> from startup_at32f403a_407.o(.text) referenced from startup_at32f403a_407.o(RESET)
 <LI><a href="#[64]">FactoryReset</a> from command.o(i.FactoryReset) referenced from command.o(.constdata)
 <LI><a href="#[3]">HardFault_Handler</a> from at32f403a_407_int.o(i.HardFault_Handler) referenced from startup_at32f403a_407.o(RESET)
 <LI><a href="#[2b]">I2C1_ERR_IRQHandler</a> from startup_at32f403a_407.o(.text) referenced from startup_at32f403a_407.o(RESET)
 <LI><a href="#[2a]">I2C1_EVT_IRQHandler</a> from startup_at32f403a_407.o(.text) referenced from startup_at32f403a_407.o(RESET)
 <LI><a href="#[2d]">I2C2_ERR_IRQHandler</a> from startup_at32f403a_407.o(.text) referenced from startup_at32f403a_407.o(RESET)
 <LI><a href="#[2c]">I2C2_EVT_IRQHandler</a> from startup_at32f403a_407.o(.text) referenced from startup_at32f403a_407.o(RESET)
 <LI><a href="#[49]">I2C3_ERR_IRQHandler</a> from startup_at32f403a_407.o(.text) referenced from startup_at32f403a_407.o(RESET)
 <LI><a href="#[48]">I2C3_EVT_IRQHandler</a> from startup_at32f403a_407.o(.text) referenced from startup_at32f403a_407.o(RESET)
 <LI><a href="#[6a]">LevelValueDispose</a> from command.o(i.LevelValueDispose) referenced from command.o(.constdata)
 <LI><a href="#[4]">MemManage_Handler</a> from at32f403a_407_int.o(i.MemManage_Handler) referenced from startup_at32f403a_407.o(RESET)
 <LI><a href="#[2]">NMI_Handler</a> from at32f403a_407_int.o(i.NMI_Handler) referenced from startup_at32f403a_407.o(RESET)
 <LI><a href="#[c]">PVM_IRQHandler</a> from startup_at32f403a_407.o(.text) referenced from startup_at32f403a_407.o(RESET)
 <LI><a href="#[9]">PendSV_Handler</a> from at32f403a_407_int.o(i.PendSV_Handler) referenced from startup_at32f403a_407.o(RESET)
 <LI><a href="#[34]">RTCAlarm_IRQHandler</a> from startup_at32f403a_407.o(.text) referenced from startup_at32f403a_407.o(RESET)
 <LI><a href="#[e]">RTC_IRQHandler</a> from startup_at32f403a_407.o(.text) referenced from startup_at32f403a_407.o(RESET)
 <LI><a href="#[65]">ReadSelectSwitch</a> from command.o(i.ReadSelectSwitch) referenced from command.o(.constdata)
 <LI><a href="#[62]">ReadVersion</a> from command.o(i.ReadVersion) referenced from command.o(.constdata)
 <LI><a href="#[66]">ReadWriteBoardIDN</a> from command.o(i.ReadWriteBoardIDN) referenced from command.o(.constdata)
 <LI><a href="#[69]">ReadWriteMaxCH</a> from command.o(i.ReadWriteMaxCH) referenced from command.o(.constdata)
 <LI><a href="#[61]">RebackCharacter</a> from command.o(i.RebackCharacter) referenced from command.o(.constdata)
 <LI><a href="#[1]">Reset_Handler</a> from startup_at32f403a_407.o(.text) referenced from startup_at32f403a_407.o(RESET)
 <LI><a href="#[3c]">SDIO1_IRQHandler</a> from startup_at32f403a_407.o(.text) referenced from startup_at32f403a_407.o(RESET)
 <LI><a href="#[47]">SDIO2_IRQHandler</a> from startup_at32f403a_407.o(.text) referenced from startup_at32f403a_407.o(RESET)
 <LI><a href="#[2e]">SPI1_IRQHandler</a> from startup_at32f403a_407.o(.text) referenced from startup_at32f403a_407.o(RESET)
 <LI><a href="#[2f]">SPI2_I2S2EXT_IRQHandler</a> from startup_at32f403a_407.o(.text) referenced from startup_at32f403a_407.o(RESET)
 <LI><a href="#[3e]">SPI3_I2S3EXT_IRQHandler</a> from startup_at32f403a_407.o(.text) referenced from startup_at32f403a_407.o(RESET)
 <LI><a href="#[4a]">SPI4_IRQHandler</a> from startup_at32f403a_407.o(.text) referenced from startup_at32f403a_407.o(RESET)
 <LI><a href="#[7]">SVC_Handler</a> from at32f403a_407_int.o(i.SVC_Handler) referenced from startup_at32f403a_407.o(RESET)
 <LI><a href="#[68]">SaveSelectSwitch</a> from command.o(i.SaveSelectSwitch) referenced from command.o(.constdata)
 <LI><a href="#[6b]">SetReadWrite</a> from command.o(i.SetReadWrite) referenced from command.o(.constdata)
 <LI><a href="#[a]">SysTick_Handler</a> from at32f403a_407_int.o(i.SysTick_Handler) referenced from startup_at32f403a_407.o(RESET)
 <LI><a href="#[59]">SystemInit</a> from system_at32f403a_407.o(i.SystemInit) referenced from startup_at32f403a_407.o(.text)
 <LI><a href="#[63]">SystemReset</a> from command.o(i.SystemReset) referenced from command.o(.constdata)
 <LI><a href="#[d]">TAMPER_IRQHandler</a> from startup_at32f403a_407.o(.text) referenced from startup_at32f403a_407.o(RESET)
 <LI><a href="#[23]">TMR1_BRK_TMR9_IRQHandler</a> from startup_at32f403a_407.o(.text) referenced from startup_at32f403a_407.o(RESET)
 <LI><a href="#[26]">TMR1_CH_IRQHandler</a> from startup_at32f403a_407.o(.text) referenced from startup_at32f403a_407.o(RESET)
 <LI><a href="#[24]">TMR1_OVF_TMR10_IRQHandler</a> from startup_at32f403a_407.o(.text) referenced from startup_at32f403a_407.o(RESET)
 <LI><a href="#[25]">TMR1_TRG_HALL_TMR11_IRQHandler</a> from startup_at32f403a_407.o(.text) referenced from startup_at32f403a_407.o(RESET)
 <LI><a href="#[27]">TMR2_GLOBAL_IRQHandler</a> from startup_at32f403a_407.o(.text) referenced from startup_at32f403a_407.o(RESET)
 <LI><a href="#[28]">TMR3_GLOBAL_IRQHandler</a> from startup_at32f403a_407.o(.text) referenced from startup_at32f403a_407.o(RESET)
 <LI><a href="#[29]">TMR4_GLOBAL_IRQHandler</a> from startup_at32f403a_407.o(.text) referenced from startup_at32f403a_407.o(RESET)
 <LI><a href="#[3d]">TMR5_GLOBAL_IRQHandler</a> from startup_at32f403a_407.o(.text) referenced from startup_at32f403a_407.o(RESET)
 <LI><a href="#[41]">TMR6_GLOBAL_IRQHandler</a> from startup_at32f403a_407.o(.text) referenced from startup_at32f403a_407.o(RESET)
 <LI><a href="#[42]">TMR7_GLOBAL_IRQHandler</a> from startup_at32f403a_407.o(.text) referenced from startup_at32f403a_407.o(RESET)
 <LI><a href="#[36]">TMR8_BRK_TMR12_IRQHandler</a> from startup_at32f403a_407.o(.text) referenced from startup_at32f403a_407.o(RESET)
 <LI><a href="#[39]">TMR8_CH_IRQHandler</a> from startup_at32f403a_407.o(.text) referenced from startup_at32f403a_407.o(RESET)
 <LI><a href="#[37]">TMR8_OVF_TMR13_IRQHandler</a> from startup_at32f403a_407.o(.text) referenced from startup_at32f403a_407.o(RESET)
 <LI><a href="#[38]">TMR8_TRG_HALL_TMR14_IRQHandler</a> from startup_at32f403a_407.o(.text) referenced from startup_at32f403a_407.o(RESET)
 <LI><a href="#[3f]">UART4_IRQHandler</a> from at32f403a_407_int.o(i.UART4_IRQHandler) referenced from startup_at32f403a_407.o(RESET)
 <LI><a href="#[40]">UART5_IRQHandler</a> from startup_at32f403a_407.o(.text) referenced from startup_at32f403a_407.o(RESET)
 <LI><a href="#[54]">UART7_IRQHandler</a> from startup_at32f403a_407.o(.text) referenced from startup_at32f403a_407.o(RESET)
 <LI><a href="#[55]">UART8_IRQHandler</a> from startup_at32f403a_407.o(.text) referenced from startup_at32f403a_407.o(RESET)
 <LI><a href="#[30]">USART1_IRQHandler</a> from at32f403a_407_int.o(i.USART1_IRQHandler) referenced from startup_at32f403a_407.o(RESET)
 <LI><a href="#[31]">USART2_IRQHandler</a> from at32f403a_407_int.o(i.USART2_IRQHandler) referenced from startup_at32f403a_407.o(RESET)
 <LI><a href="#[32]">USART3_IRQHandler</a> from at32f403a_407_int.o(i.USART3_IRQHandler) referenced from startup_at32f403a_407.o(RESET)
 <LI><a href="#[53]">USART6_IRQHandler</a> from startup_at32f403a_407.o(.text) referenced from startup_at32f403a_407.o(RESET)
 <LI><a href="#[35]">USBFSWakeUp_IRQHandler</a> from startup_at32f403a_407.o(.text) referenced from startup_at32f403a_407.o(RESET)
 <LI><a href="#[1e]">USBFS_H_CAN1_TX_IRQHandler</a> from startup_at32f403a_407.o(.text) referenced from startup_at32f403a_407.o(RESET)
 <LI><a href="#[1f]">USBFS_L_CAN1_RX0_IRQHandler</a> from startup_at32f403a_407.o(.text) referenced from startup_at32f403a_407.o(RESET)
 <LI><a href="#[50]">USBFS_MAPH_IRQHandler</a> from startup_at32f403a_407.o(.text) referenced from startup_at32f403a_407.o(RESET)
 <LI><a href="#[51]">USBFS_MAPL_IRQHandler</a> from startup_at32f403a_407.o(.text) referenced from startup_at32f403a_407.o(RESET)
 <LI><a href="#[6]">UsageFault_Handler</a> from at32f403a_407_int.o(i.UsageFault_Handler) referenced from startup_at32f403a_407.o(RESET)
 <LI><a href="#[b]">WWDT_IRQHandler</a> from startup_at32f403a_407.o(.text) referenced from startup_at32f403a_407.o(RESET)
 <LI><a href="#[3b]">XMC_IRQHandler</a> from startup_at32f403a_407.o(.text) referenced from startup_at32f403a_407.o(RESET)
 <LI><a href="#[5a]">__main</a> from entry.o(.ARM.Collect$$$$00000000) referenced from startup_at32f403a_407.o(.text)
 <LI><a href="#[5c]">_sbackspace</a> from _sgetc.o(.text) referenced 2 times from __0sscanf.o(.text)
 <LI><a href="#[5d]">_scanf_char_input</a> from scanf_char.o(.text) referenced from scanf_char.o(.text)
 <LI><a href="#[5b]">_sgetc</a> from _sgetc.o(.text) referenced 2 times from __0sscanf.o(.text)
 <LI><a href="#[5f]">_sputc</a> from printfa.o(i._sputc) referenced from printfa.o(i.__0vsprintf)
 <LI><a href="#[60]">help</a> from command.o(i.help) referenced from command.o(.constdata)
 <LI><a href="#[5e]">isspace</a> from isspace_o.o(.text) referenced 2 times from scanf_char.o(.text)
 <LI><a href="#[58]">main</a> from main.o(i.main) referenced from entry9a.o(.ARM.Collect$$$$0000000B)
</UL>
<P>
<H3>
Global Symbols
</H3>
<P><STRONG><a name="[5a]"></a>__main</STRONG> (Thumb, 0 bytes, Stack size unknown bytes, entry.o(.ARM.Collect$$$$00000000))
<BR>[Address Reference Count : 1]<UL><LI> startup_at32f403a_407.o(.text)
</UL>
<P><STRONG><a name="[108]"></a>_main_stk</STRONG> (Thumb, 0 bytes, Stack size unknown bytes, entry2.o(.ARM.Collect$$$$00000001))

<P><STRONG><a name="[6c]"></a>_main_scatterload</STRONG> (Thumb, 0 bytes, Stack size unknown bytes, entry5.o(.ARM.Collect$$$$00000004))
<BR><BR>[Calls]<UL><LI><a href="#[6d]">&gt;&gt;</a>&nbsp;&nbsp;&nbsp;__scatterload
</UL>

<P><STRONG><a name="[93]"></a>__main_after_scatterload</STRONG> (Thumb, 0 bytes, Stack size unknown bytes, entry5.o(.ARM.Collect$$$$00000004))
<BR><BR>[Called By]<UL><LI><a href="#[6d]">&gt;&gt;</a>&nbsp;&nbsp;&nbsp;__scatterload
</UL>

<P><STRONG><a name="[109]"></a>_main_clock</STRONG> (Thumb, 0 bytes, Stack size unknown bytes, entry7b.o(.ARM.Collect$$$$00000008))

<P><STRONG><a name="[10a]"></a>_main_cpp_init</STRONG> (Thumb, 0 bytes, Stack size unknown bytes, entry8b.o(.ARM.Collect$$$$0000000A))

<P><STRONG><a name="[10b]"></a>_main_init</STRONG> (Thumb, 0 bytes, Stack size unknown bytes, entry9a.o(.ARM.Collect$$$$0000000B))

<P><STRONG><a name="[10c]"></a>__rt_lib_shutdown_fini</STRONG> (Thumb, 0 bytes, Stack size unknown bytes, entry12b.o(.ARM.Collect$$$$0000000E))

<P><STRONG><a name="[10d]"></a>__rt_final_cpp</STRONG> (Thumb, 0 bytes, Stack size unknown bytes, entry10a.o(.ARM.Collect$$$$0000000F))

<P><STRONG><a name="[10e]"></a>__rt_final_exit</STRONG> (Thumb, 0 bytes, Stack size unknown bytes, entry11a.o(.ARM.Collect$$$$00000011))

<P><STRONG><a name="[1]"></a>Reset_Handler</STRONG> (Thumb, 8 bytes, Stack size 0 bytes, startup_at32f403a_407.o(.text))
<BR>[Address Reference Count : 1]<UL><LI> startup_at32f403a_407.o(RESET)
</UL>
<P><STRONG><a name="[4f]"></a>ACC_IRQHandler</STRONG> (Thumb, 0 bytes, Stack size 0 bytes, startup_at32f403a_407.o(.text))
<BR><BR>[Calls]<UL><LI><a href="#[4f]">&gt;&gt;</a>&nbsp;&nbsp;&nbsp;ACC_IRQHandler
</UL>
<BR>[Called By]<UL><LI><a href="#[4f]">&gt;&gt;</a>&nbsp;&nbsp;&nbsp;ACC_IRQHandler
</UL>
<BR>[Address Reference Count : 1]<UL><LI> startup_at32f403a_407.o(RESET)
</UL>
<P><STRONG><a name="[1d]"></a>ADC1_2_IRQHandler</STRONG> (Thumb, 0 bytes, Stack size 0 bytes, startup_at32f403a_407.o(.text))
<BR>[Address Reference Count : 1]<UL><LI> startup_at32f403a_407.o(RESET)
</UL>
<P><STRONG><a name="[3a]"></a>ADC3_IRQHandler</STRONG> (Thumb, 0 bytes, Stack size 0 bytes, startup_at32f403a_407.o(.text))
<BR>[Address Reference Count : 1]<UL><LI> startup_at32f403a_407.o(RESET)
</UL>
<P><STRONG><a name="[20]"></a>CAN1_RX1_IRQHandler</STRONG> (Thumb, 0 bytes, Stack size 0 bytes, startup_at32f403a_407.o(.text))
<BR>[Address Reference Count : 1]<UL><LI> startup_at32f403a_407.o(RESET)
</UL>
<P><STRONG><a name="[21]"></a>CAN1_SE_IRQHandler</STRONG> (Thumb, 0 bytes, Stack size 0 bytes, startup_at32f403a_407.o(.text))
<BR>[Address Reference Count : 1]<UL><LI> startup_at32f403a_407.o(RESET)
</UL>
<P><STRONG><a name="[4c]"></a>CAN2_RX0_IRQHandler</STRONG> (Thumb, 0 bytes, Stack size 0 bytes, startup_at32f403a_407.o(.text))
<BR>[Address Reference Count : 1]<UL><LI> startup_at32f403a_407.o(RESET)
</UL>
<P><STRONG><a name="[4d]"></a>CAN2_RX1_IRQHandler</STRONG> (Thumb, 0 bytes, Stack size 0 bytes, startup_at32f403a_407.o(.text))
<BR>[Address Reference Count : 1]<UL><LI> startup_at32f403a_407.o(RESET)
</UL>
<P><STRONG><a name="[4e]"></a>CAN2_SE_IRQHandler</STRONG> (Thumb, 0 bytes, Stack size 0 bytes, startup_at32f403a_407.o(.text))
<BR>[Address Reference Count : 1]<UL><LI> startup_at32f403a_407.o(RESET)
</UL>
<P><STRONG><a name="[4b]"></a>CAN2_TX_IRQHandler</STRONG> (Thumb, 0 bytes, Stack size 0 bytes, startup_at32f403a_407.o(.text))
<BR>[Address Reference Count : 1]<UL><LI> startup_at32f403a_407.o(RESET)
</UL>
<P><STRONG><a name="[10]"></a>CRM_IRQHandler</STRONG> (Thumb, 0 bytes, Stack size 0 bytes, startup_at32f403a_407.o(.text))
<BR>[Address Reference Count : 1]<UL><LI> startup_at32f403a_407.o(RESET)
</UL>
<P><STRONG><a name="[16]"></a>DMA1_Channel1_IRQHandler</STRONG> (Thumb, 0 bytes, Stack size 0 bytes, startup_at32f403a_407.o(.text))
<BR>[Address Reference Count : 1]<UL><LI> startup_at32f403a_407.o(RESET)
</UL>
<P><STRONG><a name="[17]"></a>DMA1_Channel2_IRQHandler</STRONG> (Thumb, 0 bytes, Stack size 0 bytes, startup_at32f403a_407.o(.text))
<BR>[Address Reference Count : 1]<UL><LI> startup_at32f403a_407.o(RESET)
</UL>
<P><STRONG><a name="[18]"></a>DMA1_Channel3_IRQHandler</STRONG> (Thumb, 0 bytes, Stack size 0 bytes, startup_at32f403a_407.o(.text))
<BR>[Address Reference Count : 1]<UL><LI> startup_at32f403a_407.o(RESET)
</UL>
<P><STRONG><a name="[19]"></a>DMA1_Channel4_IRQHandler</STRONG> (Thumb, 0 bytes, Stack size 0 bytes, startup_at32f403a_407.o(.text))
<BR>[Address Reference Count : 1]<UL><LI> startup_at32f403a_407.o(RESET)
</UL>
<P><STRONG><a name="[1a]"></a>DMA1_Channel5_IRQHandler</STRONG> (Thumb, 0 bytes, Stack size 0 bytes, startup_at32f403a_407.o(.text))
<BR>[Address Reference Count : 1]<UL><LI> startup_at32f403a_407.o(RESET)
</UL>
<P><STRONG><a name="[1b]"></a>DMA1_Channel6_IRQHandler</STRONG> (Thumb, 0 bytes, Stack size 0 bytes, startup_at32f403a_407.o(.text))
<BR>[Address Reference Count : 1]<UL><LI> startup_at32f403a_407.o(RESET)
</UL>
<P><STRONG><a name="[1c]"></a>DMA1_Channel7_IRQHandler</STRONG> (Thumb, 0 bytes, Stack size 0 bytes, startup_at32f403a_407.o(.text))
<BR>[Address Reference Count : 1]<UL><LI> startup_at32f403a_407.o(RESET)
</UL>
<P><STRONG><a name="[43]"></a>DMA2_Channel1_IRQHandler</STRONG> (Thumb, 0 bytes, Stack size 0 bytes, startup_at32f403a_407.o(.text))
<BR>[Address Reference Count : 1]<UL><LI> startup_at32f403a_407.o(RESET)
</UL>
<P><STRONG><a name="[44]"></a>DMA2_Channel2_IRQHandler</STRONG> (Thumb, 0 bytes, Stack size 0 bytes, startup_at32f403a_407.o(.text))
<BR>[Address Reference Count : 1]<UL><LI> startup_at32f403a_407.o(RESET)
</UL>
<P><STRONG><a name="[45]"></a>DMA2_Channel3_IRQHandler</STRONG> (Thumb, 0 bytes, Stack size 0 bytes, startup_at32f403a_407.o(.text))
<BR>[Address Reference Count : 1]<UL><LI> startup_at32f403a_407.o(RESET)
</UL>
<P><STRONG><a name="[46]"></a>DMA2_Channel4_5_IRQHandler</STRONG> (Thumb, 0 bytes, Stack size 0 bytes, startup_at32f403a_407.o(.text))
<BR>[Address Reference Count : 1]<UL><LI> startup_at32f403a_407.o(RESET)
</UL>
<P><STRONG><a name="[52]"></a>DMA2_Channel6_7_IRQHandler</STRONG> (Thumb, 0 bytes, Stack size 0 bytes, startup_at32f403a_407.o(.text))
<BR>[Address Reference Count : 1]<UL><LI> startup_at32f403a_407.o(RESET)
</UL>
<P><STRONG><a name="[56]"></a>EMAC_IRQHandler</STRONG> (Thumb, 0 bytes, Stack size 0 bytes, startup_at32f403a_407.o(.text))
<BR>[Address Reference Count : 1]<UL><LI> startup_at32f403a_407.o(RESET)
</UL>
<P><STRONG><a name="[57]"></a>EMAC_WKUP_IRQHandler</STRONG> (Thumb, 0 bytes, Stack size 0 bytes, startup_at32f403a_407.o(.text))
<BR>[Address Reference Count : 1]<UL><LI> startup_at32f403a_407.o(RESET)
</UL>
<P><STRONG><a name="[11]"></a>EXINT0_IRQHandler</STRONG> (Thumb, 0 bytes, Stack size 0 bytes, startup_at32f403a_407.o(.text))
<BR>[Address Reference Count : 1]<UL><LI> startup_at32f403a_407.o(RESET)
</UL>
<P><STRONG><a name="[33]"></a>EXINT15_10_IRQHandler</STRONG> (Thumb, 0 bytes, Stack size 0 bytes, startup_at32f403a_407.o(.text))
<BR>[Address Reference Count : 1]<UL><LI> startup_at32f403a_407.o(RESET)
</UL>
<P><STRONG><a name="[12]"></a>EXINT1_IRQHandler</STRONG> (Thumb, 0 bytes, Stack size 0 bytes, startup_at32f403a_407.o(.text))
<BR>[Address Reference Count : 1]<UL><LI> startup_at32f403a_407.o(RESET)
</UL>
<P><STRONG><a name="[13]"></a>EXINT2_IRQHandler</STRONG> (Thumb, 0 bytes, Stack size 0 bytes, startup_at32f403a_407.o(.text))
<BR>[Address Reference Count : 1]<UL><LI> startup_at32f403a_407.o(RESET)
</UL>
<P><STRONG><a name="[14]"></a>EXINT3_IRQHandler</STRONG> (Thumb, 0 bytes, Stack size 0 bytes, startup_at32f403a_407.o(.text))
<BR>[Address Reference Count : 1]<UL><LI> startup_at32f403a_407.o(RESET)
</UL>
<P><STRONG><a name="[15]"></a>EXINT4_IRQHandler</STRONG> (Thumb, 0 bytes, Stack size 0 bytes, startup_at32f403a_407.o(.text))
<BR>[Address Reference Count : 1]<UL><LI> startup_at32f403a_407.o(RESET)
</UL>
<P><STRONG><a name="[22]"></a>EXINT9_5_IRQHandler</STRONG> (Thumb, 0 bytes, Stack size 0 bytes, startup_at32f403a_407.o(.text))
<BR>[Address Reference Count : 1]<UL><LI> startup_at32f403a_407.o(RESET)
</UL>
<P><STRONG><a name="[f]"></a>FLASH_IRQHandler</STRONG> (Thumb, 0 bytes, Stack size 0 bytes, startup_at32f403a_407.o(.text))
<BR>[Address Reference Count : 1]<UL><LI> startup_at32f403a_407.o(RESET)
</UL>
<P><STRONG><a name="[2b]"></a>I2C1_ERR_IRQHandler</STRONG> (Thumb, 0 bytes, Stack size 0 bytes, startup_at32f403a_407.o(.text))
<BR>[Address Reference Count : 1]<UL><LI> startup_at32f403a_407.o(RESET)
</UL>
<P><STRONG><a name="[2a]"></a>I2C1_EVT_IRQHandler</STRONG> (Thumb, 0 bytes, Stack size 0 bytes, startup_at32f403a_407.o(.text))
<BR>[Address Reference Count : 1]<UL><LI> startup_at32f403a_407.o(RESET)
</UL>
<P><STRONG><a name="[2d]"></a>I2C2_ERR_IRQHandler</STRONG> (Thumb, 0 bytes, Stack size 0 bytes, startup_at32f403a_407.o(.text))
<BR>[Address Reference Count : 1]<UL><LI> startup_at32f403a_407.o(RESET)
</UL>
<P><STRONG><a name="[2c]"></a>I2C2_EVT_IRQHandler</STRONG> (Thumb, 0 bytes, Stack size 0 bytes, startup_at32f403a_407.o(.text))
<BR>[Address Reference Count : 1]<UL><LI> startup_at32f403a_407.o(RESET)
</UL>
<P><STRONG><a name="[49]"></a>I2C3_ERR_IRQHandler</STRONG> (Thumb, 0 bytes, Stack size 0 bytes, startup_at32f403a_407.o(.text))
<BR>[Address Reference Count : 1]<UL><LI> startup_at32f403a_407.o(RESET)
</UL>
<P><STRONG><a name="[48]"></a>I2C3_EVT_IRQHandler</STRONG> (Thumb, 0 bytes, Stack size 0 bytes, startup_at32f403a_407.o(.text))
<BR>[Address Reference Count : 1]<UL><LI> startup_at32f403a_407.o(RESET)
</UL>
<P><STRONG><a name="[c]"></a>PVM_IRQHandler</STRONG> (Thumb, 0 bytes, Stack size 0 bytes, startup_at32f403a_407.o(.text))
<BR>[Address Reference Count : 1]<UL><LI> startup_at32f403a_407.o(RESET)
</UL>
<P><STRONG><a name="[34]"></a>RTCAlarm_IRQHandler</STRONG> (Thumb, 0 bytes, Stack size 0 bytes, startup_at32f403a_407.o(.text))
<BR>[Address Reference Count : 1]<UL><LI> startup_at32f403a_407.o(RESET)
</UL>
<P><STRONG><a name="[e]"></a>RTC_IRQHandler</STRONG> (Thumb, 0 bytes, Stack size 0 bytes, startup_at32f403a_407.o(.text))
<BR>[Address Reference Count : 1]<UL><LI> startup_at32f403a_407.o(RESET)
</UL>
<P><STRONG><a name="[3c]"></a>SDIO1_IRQHandler</STRONG> (Thumb, 0 bytes, Stack size 0 bytes, startup_at32f403a_407.o(.text))
<BR>[Address Reference Count : 1]<UL><LI> startup_at32f403a_407.o(RESET)
</UL>
<P><STRONG><a name="[47]"></a>SDIO2_IRQHandler</STRONG> (Thumb, 0 bytes, Stack size 0 bytes, startup_at32f403a_407.o(.text))
<BR>[Address Reference Count : 1]<UL><LI> startup_at32f403a_407.o(RESET)
</UL>
<P><STRONG><a name="[2e]"></a>SPI1_IRQHandler</STRONG> (Thumb, 0 bytes, Stack size 0 bytes, startup_at32f403a_407.o(.text))
<BR>[Address Reference Count : 1]<UL><LI> startup_at32f403a_407.o(RESET)
</UL>
<P><STRONG><a name="[2f]"></a>SPI2_I2S2EXT_IRQHandler</STRONG> (Thumb, 0 bytes, Stack size 0 bytes, startup_at32f403a_407.o(.text))
<BR>[Address Reference Count : 1]<UL><LI> startup_at32f403a_407.o(RESET)
</UL>
<P><STRONG><a name="[3e]"></a>SPI3_I2S3EXT_IRQHandler</STRONG> (Thumb, 0 bytes, Stack size 0 bytes, startup_at32f403a_407.o(.text))
<BR>[Address Reference Count : 1]<UL><LI> startup_at32f403a_407.o(RESET)
</UL>
<P><STRONG><a name="[4a]"></a>SPI4_IRQHandler</STRONG> (Thumb, 0 bytes, Stack size 0 bytes, startup_at32f403a_407.o(.text))
<BR>[Address Reference Count : 1]<UL><LI> startup_at32f403a_407.o(RESET)
</UL>
<P><STRONG><a name="[d]"></a>TAMPER_IRQHandler</STRONG> (Thumb, 0 bytes, Stack size 0 bytes, startup_at32f403a_407.o(.text))
<BR>[Address Reference Count : 1]<UL><LI> startup_at32f403a_407.o(RESET)
</UL>
<P><STRONG><a name="[23]"></a>TMR1_BRK_TMR9_IRQHandler</STRONG> (Thumb, 0 bytes, Stack size 0 bytes, startup_at32f403a_407.o(.text))
<BR>[Address Reference Count : 1]<UL><LI> startup_at32f403a_407.o(RESET)
</UL>
<P><STRONG><a name="[26]"></a>TMR1_CH_IRQHandler</STRONG> (Thumb, 0 bytes, Stack size 0 bytes, startup_at32f403a_407.o(.text))
<BR>[Address Reference Count : 1]<UL><LI> startup_at32f403a_407.o(RESET)
</UL>
<P><STRONG><a name="[24]"></a>TMR1_OVF_TMR10_IRQHandler</STRONG> (Thumb, 0 bytes, Stack size 0 bytes, startup_at32f403a_407.o(.text))
<BR>[Address Reference Count : 1]<UL><LI> startup_at32f403a_407.o(RESET)
</UL>
<P><STRONG><a name="[25]"></a>TMR1_TRG_HALL_TMR11_IRQHandler</STRONG> (Thumb, 0 bytes, Stack size 0 bytes, startup_at32f403a_407.o(.text))
<BR>[Address Reference Count : 1]<UL><LI> startup_at32f403a_407.o(RESET)
</UL>
<P><STRONG><a name="[27]"></a>TMR2_GLOBAL_IRQHandler</STRONG> (Thumb, 0 bytes, Stack size 0 bytes, startup_at32f403a_407.o(.text))
<BR>[Address Reference Count : 1]<UL><LI> startup_at32f403a_407.o(RESET)
</UL>
<P><STRONG><a name="[28]"></a>TMR3_GLOBAL_IRQHandler</STRONG> (Thumb, 0 bytes, Stack size 0 bytes, startup_at32f403a_407.o(.text))
<BR>[Address Reference Count : 1]<UL><LI> startup_at32f403a_407.o(RESET)
</UL>
<P><STRONG><a name="[29]"></a>TMR4_GLOBAL_IRQHandler</STRONG> (Thumb, 0 bytes, Stack size 0 bytes, startup_at32f403a_407.o(.text))
<BR>[Address Reference Count : 1]<UL><LI> startup_at32f403a_407.o(RESET)
</UL>
<P><STRONG><a name="[3d]"></a>TMR5_GLOBAL_IRQHandler</STRONG> (Thumb, 0 bytes, Stack size 0 bytes, startup_at32f403a_407.o(.text))
<BR>[Address Reference Count : 1]<UL><LI> startup_at32f403a_407.o(RESET)
</UL>
<P><STRONG><a name="[41]"></a>TMR6_GLOBAL_IRQHandler</STRONG> (Thumb, 0 bytes, Stack size 0 bytes, startup_at32f403a_407.o(.text))
<BR>[Address Reference Count : 1]<UL><LI> startup_at32f403a_407.o(RESET)
</UL>
<P><STRONG><a name="[42]"></a>TMR7_GLOBAL_IRQHandler</STRONG> (Thumb, 0 bytes, Stack size 0 bytes, startup_at32f403a_407.o(.text))
<BR>[Address Reference Count : 1]<UL><LI> startup_at32f403a_407.o(RESET)
</UL>
<P><STRONG><a name="[36]"></a>TMR8_BRK_TMR12_IRQHandler</STRONG> (Thumb, 0 bytes, Stack size 0 bytes, startup_at32f403a_407.o(.text))
<BR>[Address Reference Count : 1]<UL><LI> startup_at32f403a_407.o(RESET)
</UL>
<P><STRONG><a name="[39]"></a>TMR8_CH_IRQHandler</STRONG> (Thumb, 0 bytes, Stack size 0 bytes, startup_at32f403a_407.o(.text))
<BR>[Address Reference Count : 1]<UL><LI> startup_at32f403a_407.o(RESET)
</UL>
<P><STRONG><a name="[37]"></a>TMR8_OVF_TMR13_IRQHandler</STRONG> (Thumb, 0 bytes, Stack size 0 bytes, startup_at32f403a_407.o(.text))
<BR>[Address Reference Count : 1]<UL><LI> startup_at32f403a_407.o(RESET)
</UL>
<P><STRONG><a name="[38]"></a>TMR8_TRG_HALL_TMR14_IRQHandler</STRONG> (Thumb, 0 bytes, Stack size 0 bytes, startup_at32f403a_407.o(.text))
<BR>[Address Reference Count : 1]<UL><LI> startup_at32f403a_407.o(RESET)
</UL>
<P><STRONG><a name="[40]"></a>UART5_IRQHandler</STRONG> (Thumb, 0 bytes, Stack size 0 bytes, startup_at32f403a_407.o(.text))
<BR>[Address Reference Count : 1]<UL><LI> startup_at32f403a_407.o(RESET)
</UL>
<P><STRONG><a name="[54]"></a>UART7_IRQHandler</STRONG> (Thumb, 0 bytes, Stack size 0 bytes, startup_at32f403a_407.o(.text))
<BR>[Address Reference Count : 1]<UL><LI> startup_at32f403a_407.o(RESET)
</UL>
<P><STRONG><a name="[55]"></a>UART8_IRQHandler</STRONG> (Thumb, 0 bytes, Stack size 0 bytes, startup_at32f403a_407.o(.text))
<BR>[Address Reference Count : 1]<UL><LI> startup_at32f403a_407.o(RESET)
</UL>
<P><STRONG><a name="[53]"></a>USART6_IRQHandler</STRONG> (Thumb, 0 bytes, Stack size 0 bytes, startup_at32f403a_407.o(.text))
<BR>[Address Reference Count : 1]<UL><LI> startup_at32f403a_407.o(RESET)
</UL>
<P><STRONG><a name="[35]"></a>USBFSWakeUp_IRQHandler</STRONG> (Thumb, 0 bytes, Stack size 0 bytes, startup_at32f403a_407.o(.text))
<BR>[Address Reference Count : 1]<UL><LI> startup_at32f403a_407.o(RESET)
</UL>
<P><STRONG><a name="[1e]"></a>USBFS_H_CAN1_TX_IRQHandler</STRONG> (Thumb, 0 bytes, Stack size 0 bytes, startup_at32f403a_407.o(.text))
<BR>[Address Reference Count : 1]<UL><LI> startup_at32f403a_407.o(RESET)
</UL>
<P><STRONG><a name="[1f]"></a>USBFS_L_CAN1_RX0_IRQHandler</STRONG> (Thumb, 0 bytes, Stack size 0 bytes, startup_at32f403a_407.o(.text))
<BR>[Address Reference Count : 1]<UL><LI> startup_at32f403a_407.o(RESET)
</UL>
<P><STRONG><a name="[50]"></a>USBFS_MAPH_IRQHandler</STRONG> (Thumb, 0 bytes, Stack size 0 bytes, startup_at32f403a_407.o(.text))
<BR>[Address Reference Count : 1]<UL><LI> startup_at32f403a_407.o(RESET)
</UL>
<P><STRONG><a name="[51]"></a>USBFS_MAPL_IRQHandler</STRONG> (Thumb, 0 bytes, Stack size 0 bytes, startup_at32f403a_407.o(.text))
<BR>[Address Reference Count : 1]<UL><LI> startup_at32f403a_407.o(RESET)
</UL>
<P><STRONG><a name="[b]"></a>WWDT_IRQHandler</STRONG> (Thumb, 0 bytes, Stack size 0 bytes, startup_at32f403a_407.o(.text))
<BR>[Address Reference Count : 1]<UL><LI> startup_at32f403a_407.o(RESET)
</UL>
<P><STRONG><a name="[3b]"></a>XMC_IRQHandler</STRONG> (Thumb, 0 bytes, Stack size 0 bytes, startup_at32f403a_407.o(.text))
<BR>[Address Reference Count : 1]<UL><LI> startup_at32f403a_407.o(RESET)
</UL>
<P><STRONG><a name="[ca]"></a>__aeabi_memcpy</STRONG> (Thumb, 36 bytes, Stack size 0 bytes, memcpya.o(.text))
<BR><BR>[Called By]<UL><LI><a href="#[e7]">&gt;&gt;</a>&nbsp;&nbsp;&nbsp;epramInitialize
<LI><a href="#[6b]">&gt;&gt;</a>&nbsp;&nbsp;&nbsp;SetReadWrite
<LI><a href="#[66]">&gt;&gt;</a>&nbsp;&nbsp;&nbsp;ReadWriteBoardIDN
<LI><a href="#[62]">&gt;&gt;</a>&nbsp;&nbsp;&nbsp;ReadVersion
</UL>

<P><STRONG><a name="[d4]"></a>__aeabi_memcpy4</STRONG> (Thumb, 0 bytes, Stack size 0 bytes, memcpya.o(.text))
<BR><BR>[Called By]<UL><LI><a href="#[6b]">&gt;&gt;</a>&nbsp;&nbsp;&nbsp;SetReadWrite
</UL>

<P><STRONG><a name="[10f]"></a>__aeabi_memcpy8</STRONG> (Thumb, 0 bytes, Stack size 0 bytes, memcpya.o(.text), UNUSED)

<P><STRONG><a name="[6f]"></a>__aeabi_memset</STRONG> (Thumb, 14 bytes, Stack size 0 bytes, memseta.o(.text))
<BR><BR>[Called By]<UL><LI><a href="#[c6]">&gt;&gt;</a>&nbsp;&nbsp;&nbsp;QueryPoint
<LI><a href="#[70]">&gt;&gt;</a>&nbsp;&nbsp;&nbsp;_memset$wrapper
<LI><a href="#[6e]">&gt;&gt;</a>&nbsp;&nbsp;&nbsp;__aeabi_memclr
</UL>

<P><STRONG><a name="[110]"></a>__aeabi_memset4</STRONG> (Thumb, 0 bytes, Stack size 0 bytes, memseta.o(.text), UNUSED)

<P><STRONG><a name="[111]"></a>__aeabi_memset8</STRONG> (Thumb, 0 bytes, Stack size 0 bytes, memseta.o(.text), UNUSED)

<P><STRONG><a name="[6e]"></a>__aeabi_memclr</STRONG> (Thumb, 4 bytes, Stack size 0 bytes, memseta.o(.text))
<BR><BR>[Calls]<UL><LI><a href="#[6f]">&gt;&gt;</a>&nbsp;&nbsp;&nbsp;__aeabi_memset
</UL>
<BR>[Called By]<UL><LI><a href="#[a6]">&gt;&gt;</a>&nbsp;&nbsp;&nbsp;ReadParamet
<LI><a href="#[ee]">&gt;&gt;</a>&nbsp;&nbsp;&nbsp;rxCommand
<LI><a href="#[e7]">&gt;&gt;</a>&nbsp;&nbsp;&nbsp;epramInitialize
<LI><a href="#[e4]">&gt;&gt;</a>&nbsp;&nbsp;&nbsp;bsp_Init
<LI><a href="#[66]">&gt;&gt;</a>&nbsp;&nbsp;&nbsp;ReadWriteBoardIDN
</UL>

<P><STRONG><a name="[9b]"></a>__aeabi_memclr4</STRONG> (Thumb, 0 bytes, Stack size 0 bytes, memseta.o(.text))
<BR><BR>[Called By]<UL><LI><a href="#[9f]">&gt;&gt;</a>&nbsp;&nbsp;&nbsp;sprintfx
<LI><a href="#[6b]">&gt;&gt;</a>&nbsp;&nbsp;&nbsp;SetReadWrite
<LI><a href="#[68]">&gt;&gt;</a>&nbsp;&nbsp;&nbsp;SaveSelectSwitch
<LI><a href="#[69]">&gt;&gt;</a>&nbsp;&nbsp;&nbsp;ReadWriteMaxCH
<LI><a href="#[66]">&gt;&gt;</a>&nbsp;&nbsp;&nbsp;ReadWriteBoardIDN
<LI><a href="#[62]">&gt;&gt;</a>&nbsp;&nbsp;&nbsp;ReadVersion
<LI><a href="#[65]">&gt;&gt;</a>&nbsp;&nbsp;&nbsp;ReadSelectSwitch
<LI><a href="#[67]">&gt;&gt;</a>&nbsp;&nbsp;&nbsp;BaudrateUART
</UL>

<P><STRONG><a name="[112]"></a>__aeabi_memclr8</STRONG> (Thumb, 0 bytes, Stack size 0 bytes, memseta.o(.text), UNUSED)

<P><STRONG><a name="[70]"></a>_memset$wrapper</STRONG> (Thumb, 18 bytes, Stack size 8 bytes, memseta.o(.text), UNUSED)
<BR><BR>[Calls]<UL><LI><a href="#[6f]">&gt;&gt;</a>&nbsp;&nbsp;&nbsp;__aeabi_memset
</UL>

<P><STRONG><a name="[9d]"></a>strncpy</STRONG> (Thumb, 24 bytes, Stack size 8 bytes, strncpy.o(.text))
<BR><BR>[Stack]<UL><LI>Max Depth = 8<LI>Call Chain = strncpy
</UL>
<BR>[Called By]<UL><LI><a href="#[67]">&gt;&gt;</a>&nbsp;&nbsp;&nbsp;BaudrateUART
</UL>

<P><STRONG><a name="[a0]"></a>strlen</STRONG> (Thumb, 14 bytes, Stack size 0 bytes, strlen.o(.text))
<BR><BR>[Called By]<UL><LI><a href="#[9f]">&gt;&gt;</a>&nbsp;&nbsp;&nbsp;sprintfx
<LI><a href="#[c4]">&gt;&gt;</a>&nbsp;&nbsp;&nbsp;gLowerCaseString
<LI><a href="#[6b]">&gt;&gt;</a>&nbsp;&nbsp;&nbsp;SetReadWrite
<LI><a href="#[69]">&gt;&gt;</a>&nbsp;&nbsp;&nbsp;ReadWriteMaxCH
<LI><a href="#[66]">&gt;&gt;</a>&nbsp;&nbsp;&nbsp;ReadWriteBoardIDN
<LI><a href="#[62]">&gt;&gt;</a>&nbsp;&nbsp;&nbsp;ReadVersion
<LI><a href="#[65]">&gt;&gt;</a>&nbsp;&nbsp;&nbsp;ReadSelectSwitch
<LI><a href="#[67]">&gt;&gt;</a>&nbsp;&nbsp;&nbsp;BaudrateUART
</UL>

<P><STRONG><a name="[9c]"></a>strcmp</STRONG> (Thumb, 28 bytes, Stack size 8 bytes, strcmp.o(.text))
<BR><BR>[Stack]<UL><LI>Max Depth = 8<LI>Call Chain = strcmp
</UL>
<BR>[Called By]<UL><LI><a href="#[ee]">&gt;&gt;</a>&nbsp;&nbsp;&nbsp;rxCommand
<LI><a href="#[6b]">&gt;&gt;</a>&nbsp;&nbsp;&nbsp;SetReadWrite
<LI><a href="#[68]">&gt;&gt;</a>&nbsp;&nbsp;&nbsp;SaveSelectSwitch
<LI><a href="#[69]">&gt;&gt;</a>&nbsp;&nbsp;&nbsp;ReadWriteMaxCH
<LI><a href="#[66]">&gt;&gt;</a>&nbsp;&nbsp;&nbsp;ReadWriteBoardIDN
<LI><a href="#[62]">&gt;&gt;</a>&nbsp;&nbsp;&nbsp;ReadVersion
<LI><a href="#[65]">&gt;&gt;</a>&nbsp;&nbsp;&nbsp;ReadSelectSwitch
<LI><a href="#[6a]">&gt;&gt;</a>&nbsp;&nbsp;&nbsp;LevelValueDispose
<LI><a href="#[67]">&gt;&gt;</a>&nbsp;&nbsp;&nbsp;BaudrateUART
</UL>

<P><STRONG><a name="[71]"></a>__0sscanf</STRONG> (Thumb, 48 bytes, Stack size 72 bytes, __0sscanf.o(.text))
<BR><BR>[Stack]<UL><LI>Max Depth = 264<LI>Call Chain = __0sscanf &rArr; __vfscanf_char &rArr; __vfscanf &rArr; _scanf_real
</UL>
<BR>[Calls]<UL><LI><a href="#[72]">&gt;&gt;</a>&nbsp;&nbsp;&nbsp;__vfscanf_char
</UL>
<BR>[Called By]<UL><LI><a href="#[6b]">&gt;&gt;</a>&nbsp;&nbsp;&nbsp;SetReadWrite
<LI><a href="#[68]">&gt;&gt;</a>&nbsp;&nbsp;&nbsp;SaveSelectSwitch
<LI><a href="#[61]">&gt;&gt;</a>&nbsp;&nbsp;&nbsp;RebackCharacter
<LI><a href="#[69]">&gt;&gt;</a>&nbsp;&nbsp;&nbsp;ReadWriteMaxCH
<LI><a href="#[66]">&gt;&gt;</a>&nbsp;&nbsp;&nbsp;ReadWriteBoardIDN
<LI><a href="#[65]">&gt;&gt;</a>&nbsp;&nbsp;&nbsp;ReadSelectSwitch
<LI><a href="#[6a]">&gt;&gt;</a>&nbsp;&nbsp;&nbsp;LevelValueDispose
<LI><a href="#[67]">&gt;&gt;</a>&nbsp;&nbsp;&nbsp;BaudrateUART
</UL>

<P><STRONG><a name="[73]"></a>_scanf_int</STRONG> (Thumb, 332 bytes, Stack size 56 bytes, _scanf_int.o(.text))
<BR><BR>[Stack]<UL><LI>Max Depth = 56<LI>Call Chain = _scanf_int
</UL>
<BR>[Calls]<UL><LI><a href="#[74]">&gt;&gt;</a>&nbsp;&nbsp;&nbsp;_chval
</UL>
<BR>[Called By]<UL><LI><a href="#[8c]">&gt;&gt;</a>&nbsp;&nbsp;&nbsp;__vfscanf
</UL>

<P><STRONG><a name="[94]"></a>_scanf_string</STRONG> (Thumb, 224 bytes, Stack size 56 bytes, _scanf_str.o(.text))
<BR><BR>[Stack]<UL><LI>Max Depth = 56<LI>Call Chain = _scanf_string
</UL>
<BR>[Called By]<UL><LI><a href="#[8c]">&gt;&gt;</a>&nbsp;&nbsp;&nbsp;__vfscanf
</UL>

<P><STRONG><a name="[8e]"></a>_scanf_real</STRONG> (Thumb, 0 bytes, Stack size 104 bytes, scanf_fp.o(.text))
<BR><BR>[Stack]<UL><LI>Max Depth = 104<LI>Call Chain = _scanf_real
</UL>
<BR>[Called By]<UL><LI><a href="#[8c]">&gt;&gt;</a>&nbsp;&nbsp;&nbsp;__vfscanf
<LI><a href="#[8d]">&gt;&gt;</a>&nbsp;&nbsp;&nbsp;_local_sscanf
</UL>

<P><STRONG><a name="[79]"></a>_scanf_really_real</STRONG> (Thumb, 556 bytes, Stack size 104 bytes, scanf_fp.o(.text), UNUSED)
<BR><BR>[Calls]<UL><LI><a href="#[7b]">&gt;&gt;</a>&nbsp;&nbsp;&nbsp;__aeabi_d2f
<LI><a href="#[7a]">&gt;&gt;</a>&nbsp;&nbsp;&nbsp;_is_digit
<LI><a href="#[75]">&gt;&gt;</a>&nbsp;&nbsp;&nbsp;_fp_value
</UL>

<P><STRONG><a name="[7c]"></a>atoi</STRONG> (Thumb, 26 bytes, Stack size 16 bytes, atoi.o(.text))
<BR><BR>[Stack]<UL><LI>Max Depth = 88<LI>Call Chain = atoi &rArr; strtol &rArr; _strtoul
</UL>
<BR>[Calls]<UL><LI><a href="#[7e]">&gt;&gt;</a>&nbsp;&nbsp;&nbsp;strtol
<LI><a href="#[7d]">&gt;&gt;</a>&nbsp;&nbsp;&nbsp;__aeabi_errno_addr
</UL>
<BR>[Called By]<UL><LI><a href="#[6b]">&gt;&gt;</a>&nbsp;&nbsp;&nbsp;SetReadWrite
<LI><a href="#[65]">&gt;&gt;</a>&nbsp;&nbsp;&nbsp;ReadSelectSwitch
<LI><a href="#[67]">&gt;&gt;</a>&nbsp;&nbsp;&nbsp;BaudrateUART
</UL>

<P><STRONG><a name="[7f]"></a>__aeabi_dadd</STRONG> (Thumb, 322 bytes, Stack size 48 bytes, dadd.o(.text), UNUSED)
<BR><BR>[Calls]<UL><LI><a href="#[83]">&gt;&gt;</a>&nbsp;&nbsp;&nbsp;_double_round
<LI><a href="#[82]">&gt;&gt;</a>&nbsp;&nbsp;&nbsp;_double_epilogue
<LI><a href="#[81]">&gt;&gt;</a>&nbsp;&nbsp;&nbsp;__aeabi_lasr
<LI><a href="#[80]">&gt;&gt;</a>&nbsp;&nbsp;&nbsp;__aeabi_llsl
</UL>
<BR>[Called By]<UL><LI><a href="#[85]">&gt;&gt;</a>&nbsp;&nbsp;&nbsp;__aeabi_drsub
<LI><a href="#[df]">&gt;&gt;</a>&nbsp;&nbsp;&nbsp;_fp_digits
<LI><a href="#[84]">&gt;&gt;</a>&nbsp;&nbsp;&nbsp;__aeabi_dsub
</UL>

<P><STRONG><a name="[84]"></a>__aeabi_dsub</STRONG> (Thumb, 6 bytes, Stack size 0 bytes, dadd.o(.text), UNUSED)
<BR><BR>[Calls]<UL><LI><a href="#[7f]">&gt;&gt;</a>&nbsp;&nbsp;&nbsp;__aeabi_dadd
</UL>

<P><STRONG><a name="[85]"></a>__aeabi_drsub</STRONG> (Thumb, 6 bytes, Stack size 0 bytes, dadd.o(.text), UNUSED)
<BR><BR>[Calls]<UL><LI><a href="#[7f]">&gt;&gt;</a>&nbsp;&nbsp;&nbsp;__aeabi_dadd
</UL>

<P><STRONG><a name="[77]"></a>__aeabi_dmul</STRONG> (Thumb, 228 bytes, Stack size 48 bytes, dmul.o(.text))
<BR><BR>[Stack]<UL><LI>Max Depth = 88<LI>Call Chain = __aeabi_dmul &rArr; _double_epilogue &rArr; _double_round
</UL>
<BR>[Calls]<UL><LI><a href="#[82]">&gt;&gt;</a>&nbsp;&nbsp;&nbsp;_double_epilogue
</UL>
<BR>[Called By]<UL><LI><a href="#[6b]">&gt;&gt;</a>&nbsp;&nbsp;&nbsp;SetReadWrite
<LI><a href="#[6a]">&gt;&gt;</a>&nbsp;&nbsp;&nbsp;LevelValueDispose
<LI><a href="#[75]">&gt;&gt;</a>&nbsp;&nbsp;&nbsp;_fp_value
<LI><a href="#[df]">&gt;&gt;</a>&nbsp;&nbsp;&nbsp;_fp_digits
</UL>

<P><STRONG><a name="[78]"></a>__aeabi_ddiv</STRONG> (Thumb, 222 bytes, Stack size 32 bytes, ddiv.o(.text))
<BR><BR>[Stack]<UL><LI>Max Depth = 40<LI>Call Chain = __aeabi_ddiv &rArr; _double_round
</UL>
<BR>[Calls]<UL><LI><a href="#[83]">&gt;&gt;</a>&nbsp;&nbsp;&nbsp;_double_round
</UL>
<BR>[Called By]<UL><LI><a href="#[6b]">&gt;&gt;</a>&nbsp;&nbsp;&nbsp;SetReadWrite
<LI><a href="#[65]">&gt;&gt;</a>&nbsp;&nbsp;&nbsp;ReadSelectSwitch
<LI><a href="#[6a]">&gt;&gt;</a>&nbsp;&nbsp;&nbsp;LevelValueDispose
<LI><a href="#[75]">&gt;&gt;</a>&nbsp;&nbsp;&nbsp;_fp_value
<LI><a href="#[df]">&gt;&gt;</a>&nbsp;&nbsp;&nbsp;_fp_digits
</UL>

<P><STRONG><a name="[86]"></a>__aeabi_ui2d</STRONG> (Thumb, 26 bytes, Stack size 16 bytes, dfltui.o(.text))
<BR><BR>[Stack]<UL><LI>Max Depth = 56<LI>Call Chain = __aeabi_ui2d &rArr; _double_epilogue &rArr; _double_round
</UL>
<BR>[Calls]<UL><LI><a href="#[82]">&gt;&gt;</a>&nbsp;&nbsp;&nbsp;_double_epilogue
</UL>
<BR>[Called By]<UL><LI><a href="#[6a]">&gt;&gt;</a>&nbsp;&nbsp;&nbsp;LevelValueDispose
</UL>

<P><STRONG><a name="[87]"></a>__aeabi_d2iz</STRONG> (Thumb, 62 bytes, Stack size 16 bytes, dfixi.o(.text))
<BR><BR>[Stack]<UL><LI>Max Depth = 16<LI>Call Chain = __aeabi_d2iz
</UL>
<BR>[Calls]<UL><LI><a href="#[88]">&gt;&gt;</a>&nbsp;&nbsp;&nbsp;__aeabi_llsr
</UL>
<BR>[Called By]<UL><LI><a href="#[6b]">&gt;&gt;</a>&nbsp;&nbsp;&nbsp;SetReadWrite
</UL>

<P><STRONG><a name="[89]"></a>__aeabi_d2uiz</STRONG> (Thumb, 50 bytes, Stack size 8 bytes, dfixui.o(.text))
<BR><BR>[Stack]<UL><LI>Max Depth = 8<LI>Call Chain = __aeabi_d2uiz
</UL>
<BR>[Calls]<UL><LI><a href="#[88]">&gt;&gt;</a>&nbsp;&nbsp;&nbsp;__aeabi_llsr
</UL>
<BR>[Called By]<UL><LI><a href="#[6b]">&gt;&gt;</a>&nbsp;&nbsp;&nbsp;SetReadWrite
<LI><a href="#[6a]">&gt;&gt;</a>&nbsp;&nbsp;&nbsp;LevelValueDispose
</UL>

<P><STRONG><a name="[c7]"></a>__aeabi_f2d</STRONG> (Thumb, 38 bytes, Stack size 0 bytes, f2d.o(.text))
<BR><BR>[Called By]<UL><LI><a href="#[6b]">&gt;&gt;</a>&nbsp;&nbsp;&nbsp;SetReadWrite
<LI><a href="#[65]">&gt;&gt;</a>&nbsp;&nbsp;&nbsp;ReadSelectSwitch
<LI><a href="#[6a]">&gt;&gt;</a>&nbsp;&nbsp;&nbsp;LevelValueDispose
</UL>

<P><STRONG><a name="[113]"></a>__aeabi_cdcmpeq</STRONG> (Thumb, 0 bytes, Stack size 0 bytes, cdcmple.o(.text), UNUSED)

<P><STRONG><a name="[c5]"></a>__aeabi_cdcmple</STRONG> (Thumb, 48 bytes, Stack size 0 bytes, cdcmple.o(.text))
<BR><BR>[Called By]<UL><LI><a href="#[6b]">&gt;&gt;</a>&nbsp;&nbsp;&nbsp;SetReadWrite
<LI><a href="#[65]">&gt;&gt;</a>&nbsp;&nbsp;&nbsp;ReadSelectSwitch
<LI><a href="#[6a]">&gt;&gt;</a>&nbsp;&nbsp;&nbsp;LevelValueDispose
</UL>

<P><STRONG><a name="[e0]"></a>__aeabi_cdrcmple</STRONG> (Thumb, 48 bytes, Stack size 0 bytes, cdrcmple.o(.text), UNUSED)
<BR><BR>[Called By]<UL><LI><a href="#[df]">&gt;&gt;</a>&nbsp;&nbsp;&nbsp;_fp_digits
</UL>

<P><STRONG><a name="[7b]"></a>__aeabi_d2f</STRONG> (Thumb, 56 bytes, Stack size 8 bytes, d2f.o(.text))
<BR><BR>[Stack]<UL><LI>Max Depth = 8<LI>Call Chain = __aeabi_d2f
</UL>
<BR>[Calls]<UL><LI><a href="#[8a]">&gt;&gt;</a>&nbsp;&nbsp;&nbsp;_float_round
</UL>
<BR>[Called By]<UL><LI><a href="#[6b]">&gt;&gt;</a>&nbsp;&nbsp;&nbsp;SetReadWrite
<LI><a href="#[65]">&gt;&gt;</a>&nbsp;&nbsp;&nbsp;ReadSelectSwitch
<LI><a href="#[6a]">&gt;&gt;</a>&nbsp;&nbsp;&nbsp;LevelValueDispose
<LI><a href="#[79]">&gt;&gt;</a>&nbsp;&nbsp;&nbsp;_scanf_really_real
</UL>

<P><STRONG><a name="[114]"></a>__aeabi_uidiv</STRONG> (Thumb, 0 bytes, Stack size 12 bytes, uidiv.o(.text), UNUSED)

<P><STRONG><a name="[e3]"></a>__aeabi_uidivmod</STRONG> (Thumb, 44 bytes, Stack size 12 bytes, uidiv.o(.text), UNUSED)
<BR><BR>[Called By]<UL><LI><a href="#[dc]">&gt;&gt;</a>&nbsp;&nbsp;&nbsp;_printf_core
</UL>

<P><STRONG><a name="[8b]"></a>__aeabi_uldivmod</STRONG> (Thumb, 98 bytes, Stack size 40 bytes, uldiv.o(.text), UNUSED)
<BR><BR>[Calls]<UL><LI><a href="#[88]">&gt;&gt;</a>&nbsp;&nbsp;&nbsp;__aeabi_llsr
<LI><a href="#[80]">&gt;&gt;</a>&nbsp;&nbsp;&nbsp;__aeabi_llsl
</UL>
<BR>[Called By]<UL><LI><a href="#[dc]">&gt;&gt;</a>&nbsp;&nbsp;&nbsp;_printf_core
<LI><a href="#[df]">&gt;&gt;</a>&nbsp;&nbsp;&nbsp;_fp_digits
</UL>

<P><STRONG><a name="[80]"></a>__aeabi_llsl</STRONG> (Thumb, 30 bytes, Stack size 0 bytes, llshl.o(.text))
<BR><BR>[Called By]<UL><LI><a href="#[7f]">&gt;&gt;</a>&nbsp;&nbsp;&nbsp;__aeabi_dadd
<LI><a href="#[82]">&gt;&gt;</a>&nbsp;&nbsp;&nbsp;_double_epilogue
<LI><a href="#[92]">&gt;&gt;</a>&nbsp;&nbsp;&nbsp;__aeabi_d2ulz
<LI><a href="#[8b]">&gt;&gt;</a>&nbsp;&nbsp;&nbsp;__aeabi_uldivmod
</UL>

<P><STRONG><a name="[115]"></a>_ll_shift_l</STRONG> (Thumb, 0 bytes, Stack size 0 bytes, llshl.o(.text), UNUSED)

<P><STRONG><a name="[88]"></a>__aeabi_llsr</STRONG> (Thumb, 32 bytes, Stack size 0 bytes, llushr.o(.text))
<BR><BR>[Called By]<UL><LI><a href="#[89]">&gt;&gt;</a>&nbsp;&nbsp;&nbsp;__aeabi_d2uiz
<LI><a href="#[87]">&gt;&gt;</a>&nbsp;&nbsp;&nbsp;__aeabi_d2iz
<LI><a href="#[82]">&gt;&gt;</a>&nbsp;&nbsp;&nbsp;_double_epilogue
<LI><a href="#[92]">&gt;&gt;</a>&nbsp;&nbsp;&nbsp;__aeabi_d2ulz
<LI><a href="#[8b]">&gt;&gt;</a>&nbsp;&nbsp;&nbsp;__aeabi_uldivmod
</UL>

<P><STRONG><a name="[116]"></a>_ll_ushift_r</STRONG> (Thumb, 0 bytes, Stack size 0 bytes, llushr.o(.text), UNUSED)

<P><STRONG><a name="[81]"></a>__aeabi_lasr</STRONG> (Thumb, 36 bytes, Stack size 0 bytes, llsshr.o(.text), UNUSED)
<BR><BR>[Called By]<UL><LI><a href="#[7f]">&gt;&gt;</a>&nbsp;&nbsp;&nbsp;__aeabi_dadd
</UL>

<P><STRONG><a name="[117]"></a>_ll_sshift_r</STRONG> (Thumb, 0 bytes, Stack size 0 bytes, llsshr.o(.text), UNUSED)

<P><STRONG><a name="[74]"></a>_chval</STRONG> (Thumb, 28 bytes, Stack size 0 bytes, _chval.o(.text))
<BR><BR>[Called By]<UL><LI><a href="#[73]">&gt;&gt;</a>&nbsp;&nbsp;&nbsp;_scanf_int
<LI><a href="#[91]">&gt;&gt;</a>&nbsp;&nbsp;&nbsp;_strtoul
</UL>

<P><STRONG><a name="[72]"></a>__vfscanf_char</STRONG> (Thumb, 20 bytes, Stack size 0 bytes, scanf_char.o(.text))
<BR><BR>[Stack]<UL><LI>Max Depth = 192<LI>Call Chain = __vfscanf_char &rArr; __vfscanf &rArr; _scanf_real
</UL>
<BR>[Calls]<UL><LI><a href="#[8c]">&gt;&gt;</a>&nbsp;&nbsp;&nbsp;__vfscanf
</UL>
<BR>[Called By]<UL><LI><a href="#[71]">&gt;&gt;</a>&nbsp;&nbsp;&nbsp;__0sscanf
</UL>

<P><STRONG><a name="[5b]"></a>_sgetc</STRONG> (Thumb, 30 bytes, Stack size 0 bytes, _sgetc.o(.text))
<BR>[Address Reference Count : 2]<UL><LI> strtod.o(.text)
<LI> __0sscanf.o(.text)
</UL>
<P><STRONG><a name="[5c]"></a>_sbackspace</STRONG> (Thumb, 34 bytes, Stack size 0 bytes, _sgetc.o(.text))
<BR>[Address Reference Count : 2]<UL><LI> strtod.o(.text)
<LI> __0sscanf.o(.text)
</UL>
<P><STRONG><a name="[8f]"></a>__strtod_int</STRONG> (Thumb, 90 bytes, Stack size 40 bytes, strtod.o(.text))
<BR><BR>[Stack]<UL><LI>Max Depth = 200<LI>Call Chain = __strtod_int &rArr; _local_sscanf &rArr; _scanf_real
</UL>
<BR>[Calls]<UL><LI><a href="#[8d]">&gt;&gt;</a>&nbsp;&nbsp;&nbsp;_local_sscanf
</UL>
<BR>[Called By]<UL><LI><a href="#[c8]">&gt;&gt;</a>&nbsp;&nbsp;&nbsp;__hardfp_atof
</UL>

<P><STRONG><a name="[7e]"></a>strtol</STRONG> (Thumb, 112 bytes, Stack size 32 bytes, strtol.o(.text))
<BR><BR>[Stack]<UL><LI>Max Depth = 72<LI>Call Chain = strtol &rArr; _strtoul
</UL>
<BR>[Calls]<UL><LI><a href="#[91]">&gt;&gt;</a>&nbsp;&nbsp;&nbsp;_strtoul
<LI><a href="#[90]">&gt;&gt;</a>&nbsp;&nbsp;&nbsp;__rt_ctype_table
<LI><a href="#[7d]">&gt;&gt;</a>&nbsp;&nbsp;&nbsp;__aeabi_errno_addr
</UL>
<BR>[Called By]<UL><LI><a href="#[7c]">&gt;&gt;</a>&nbsp;&nbsp;&nbsp;atoi
</UL>

<P><STRONG><a name="[118]"></a>__I$use$fp</STRONG> (Thumb, 0 bytes, Stack size 0 bytes, iusefp.o(.text), UNUSED)

<P><STRONG><a name="[8a]"></a>_float_round</STRONG> (Thumb, 18 bytes, Stack size 0 bytes, fepilogue.o(.text))
<BR><BR>[Called By]<UL><LI><a href="#[7b]">&gt;&gt;</a>&nbsp;&nbsp;&nbsp;__aeabi_d2f
</UL>

<P><STRONG><a name="[119]"></a>_float_epilogue</STRONG> (Thumb, 92 bytes, Stack size 4 bytes, fepilogue.o(.text), UNUSED)

<P><STRONG><a name="[83]"></a>_double_round</STRONG> (Thumb, 30 bytes, Stack size 8 bytes, depilogue.o(.text))
<BR><BR>[Stack]<UL><LI>Max Depth = 8<LI>Call Chain = _double_round
</UL>
<BR>[Called By]<UL><LI><a href="#[78]">&gt;&gt;</a>&nbsp;&nbsp;&nbsp;__aeabi_ddiv
<LI><a href="#[7f]">&gt;&gt;</a>&nbsp;&nbsp;&nbsp;__aeabi_dadd
<LI><a href="#[82]">&gt;&gt;</a>&nbsp;&nbsp;&nbsp;_double_epilogue
</UL>

<P><STRONG><a name="[82]"></a>_double_epilogue</STRONG> (Thumb, 156 bytes, Stack size 32 bytes, depilogue.o(.text))
<BR><BR>[Stack]<UL><LI>Max Depth = 40<LI>Call Chain = _double_epilogue &rArr; _double_round
</UL>
<BR>[Calls]<UL><LI><a href="#[83]">&gt;&gt;</a>&nbsp;&nbsp;&nbsp;_double_round
<LI><a href="#[88]">&gt;&gt;</a>&nbsp;&nbsp;&nbsp;__aeabi_llsr
<LI><a href="#[80]">&gt;&gt;</a>&nbsp;&nbsp;&nbsp;__aeabi_llsl
</UL>
<BR>[Called By]<UL><LI><a href="#[86]">&gt;&gt;</a>&nbsp;&nbsp;&nbsp;__aeabi_ui2d
<LI><a href="#[77]">&gt;&gt;</a>&nbsp;&nbsp;&nbsp;__aeabi_dmul
<LI><a href="#[7f]">&gt;&gt;</a>&nbsp;&nbsp;&nbsp;__aeabi_dadd
<LI><a href="#[76]">&gt;&gt;</a>&nbsp;&nbsp;&nbsp;__aeabi_ul2d
</UL>

<P><STRONG><a name="[76]"></a>__aeabi_ul2d</STRONG> (Thumb, 24 bytes, Stack size 16 bytes, dfltul.o(.text), UNUSED)
<BR><BR>[Calls]<UL><LI><a href="#[82]">&gt;&gt;</a>&nbsp;&nbsp;&nbsp;_double_epilogue
</UL>
<BR>[Called By]<UL><LI><a href="#[75]">&gt;&gt;</a>&nbsp;&nbsp;&nbsp;_fp_value
</UL>

<P><STRONG><a name="[92]"></a>__aeabi_d2ulz</STRONG> (Thumb, 48 bytes, Stack size 0 bytes, dfixul.o(.text), UNUSED)
<BR><BR>[Calls]<UL><LI><a href="#[88]">&gt;&gt;</a>&nbsp;&nbsp;&nbsp;__aeabi_llsr
<LI><a href="#[80]">&gt;&gt;</a>&nbsp;&nbsp;&nbsp;__aeabi_llsl
</UL>
<BR>[Called By]<UL><LI><a href="#[df]">&gt;&gt;</a>&nbsp;&nbsp;&nbsp;_fp_digits
</UL>

<P><STRONG><a name="[6d]"></a>__scatterload</STRONG> (Thumb, 28 bytes, Stack size 0 bytes, init.o(.text))
<BR><BR>[Calls]<UL><LI><a href="#[93]">&gt;&gt;</a>&nbsp;&nbsp;&nbsp;__main_after_scatterload
</UL>
<BR>[Called By]<UL><LI><a href="#[6c]">&gt;&gt;</a>&nbsp;&nbsp;&nbsp;_main_scatterload
</UL>

<P><STRONG><a name="[11a]"></a>__scatterload_rt2</STRONG> (Thumb, 0 bytes, Stack size 0 bytes, init.o(.text), UNUSED)

<P><STRONG><a name="[90]"></a>__rt_ctype_table</STRONG> (Thumb, 4 bytes, Stack size 0 bytes, ctype_o.o(.text))
<BR><BR>[Called By]<UL><LI><a href="#[5e]">&gt;&gt;</a>&nbsp;&nbsp;&nbsp;isspace
<LI><a href="#[7e]">&gt;&gt;</a>&nbsp;&nbsp;&nbsp;strtol
</UL>

<P><STRONG><a name="[5e]"></a>isspace</STRONG> (Thumb, 18 bytes, Stack size 8 bytes, isspace_o.o(.text))
<BR><BR>[Stack]<UL><LI>Max Depth = 8<LI>Call Chain = isspace
</UL>
<BR>[Calls]<UL><LI><a href="#[90]">&gt;&gt;</a>&nbsp;&nbsp;&nbsp;__rt_ctype_table
</UL>
<BR>[Address Reference Count : 2]<UL><LI> scanf_char.o(.text)
<LI> strtod.o(.text)
</UL>
<P><STRONG><a name="[8c]"></a>__vfscanf</STRONG> (Thumb, 810 bytes, Stack size 88 bytes, _scanf.o(.text))
<BR><BR>[Stack]<UL><LI>Max Depth = 192<LI>Call Chain = __vfscanf &rArr; _scanf_real
</UL>
<BR>[Calls]<UL><LI><a href="#[8e]">&gt;&gt;</a>&nbsp;&nbsp;&nbsp;_scanf_real
<LI><a href="#[94]">&gt;&gt;</a>&nbsp;&nbsp;&nbsp;_scanf_string
<LI><a href="#[73]">&gt;&gt;</a>&nbsp;&nbsp;&nbsp;_scanf_int
</UL>
<BR>[Called By]<UL><LI><a href="#[72]">&gt;&gt;</a>&nbsp;&nbsp;&nbsp;__vfscanf_char
</UL>

<P><STRONG><a name="[91]"></a>_strtoul</STRONG> (Thumb, 158 bytes, Stack size 40 bytes, _strtoul.o(.text))
<BR><BR>[Stack]<UL><LI>Max Depth = 40<LI>Call Chain = _strtoul
</UL>
<BR>[Calls]<UL><LI><a href="#[74]">&gt;&gt;</a>&nbsp;&nbsp;&nbsp;_chval
<LI><a href="#[7d]">&gt;&gt;</a>&nbsp;&nbsp;&nbsp;__aeabi_errno_addr
</UL>
<BR>[Called By]<UL><LI><a href="#[7e]">&gt;&gt;</a>&nbsp;&nbsp;&nbsp;strtol
</UL>

<P><STRONG><a name="[95]"></a>ADC1_GetSingle</STRONG> (Thumb, 46 bytes, Stack size 8 bytes, interiorad.o(i.ADC1_GetSingle))
<BR><BR>[Stack]<UL><LI>Max Depth = 16<LI>Call Chain = ADC1_GetSingle &rArr; adc_ordinary_channel_set
</UL>
<BR>[Calls]<UL><LI><a href="#[97]">&gt;&gt;</a>&nbsp;&nbsp;&nbsp;adc_ordinary_software_trigger_enable
<LI><a href="#[99]">&gt;&gt;</a>&nbsp;&nbsp;&nbsp;adc_ordinary_conversion_data_get
<LI><a href="#[96]">&gt;&gt;</a>&nbsp;&nbsp;&nbsp;adc_ordinary_channel_set
<LI><a href="#[98]">&gt;&gt;</a>&nbsp;&nbsp;&nbsp;adc_flag_get
</UL>
<BR>[Called By]<UL><LI><a href="#[9a]">&gt;&gt;</a>&nbsp;&nbsp;&nbsp;AcquisitMCP9700A
</UL>

<P><STRONG><a name="[9a]"></a>AcquisitMCP9700A</STRONG> (Thumb, 132 bytes, Stack size 8 bytes, temperature.o(i.AcquisitMCP9700A))
<BR><BR>[Stack]<UL><LI>Max Depth = 24<LI>Call Chain = AcquisitMCP9700A &rArr; ADC1_GetSingle &rArr; adc_ordinary_channel_set
</UL>
<BR>[Calls]<UL><LI><a href="#[95]">&gt;&gt;</a>&nbsp;&nbsp;&nbsp;ADC1_GetSingle
</UL>
<BR>[Called By]<UL><LI><a href="#[58]">&gt;&gt;</a>&nbsp;&nbsp;&nbsp;main
</UL>

<P><STRONG><a name="[67]"></a>BaudrateUART</STRONG> (Thumb, 160 bytes, Stack size 88 bytes, command.o(i.BaudrateUART))
<BR><BR>[Stack]<UL><LI>Max Depth = 352<LI>Call Chain = BaudrateUART &rArr; __0sscanf &rArr; __vfscanf_char &rArr; __vfscanf &rArr; _scanf_real
</UL>
<BR>[Calls]<UL><LI><a href="#[9f]">&gt;&gt;</a>&nbsp;&nbsp;&nbsp;sprintfx
<LI><a href="#[9e]">&gt;&gt;</a>&nbsp;&nbsp;&nbsp;printfx
<LI><a href="#[7c]">&gt;&gt;</a>&nbsp;&nbsp;&nbsp;atoi
<LI><a href="#[71]">&gt;&gt;</a>&nbsp;&nbsp;&nbsp;__0sscanf
<LI><a href="#[9c]">&gt;&gt;</a>&nbsp;&nbsp;&nbsp;strcmp
<LI><a href="#[a0]">&gt;&gt;</a>&nbsp;&nbsp;&nbsp;strlen
<LI><a href="#[9d]">&gt;&gt;</a>&nbsp;&nbsp;&nbsp;strncpy
<LI><a href="#[9b]">&gt;&gt;</a>&nbsp;&nbsp;&nbsp;__aeabi_memclr4
</UL>
<BR>[Address Reference Count : 1]<UL><LI> command.o(.constdata)
</UL>
<P><STRONG><a name="[5]"></a>BusFault_Handler</STRONG> (Thumb, 4 bytes, Stack size 0 bytes, at32f403a_407_int.o(i.BusFault_Handler))
<BR>[Address Reference Count : 1]<UL><LI> startup_at32f403a_407.o(RESET)
</UL>
<P><STRONG><a name="[a1]"></a>CalculatingLevel</STRONG> (Thumb, 438 bytes, Stack size 72 bytes, spiflash.o(i.CalculatingLevel))
<BR><BR>[Stack]<UL><LI>Max Depth = 104<LI>Call Chain = CalculatingLevel &rArr; spi_flash_read &rArr; spiFlash_wrByte
</UL>
<BR>[Calls]<UL><LI><a href="#[a2]">&gt;&gt;</a>&nbsp;&nbsp;&nbsp;spi_flash_read
</UL>
<BR>[Called By]<UL><LI><a href="#[65]">&gt;&gt;</a>&nbsp;&nbsp;&nbsp;ReadSelectSwitch
</UL>

<P><STRONG><a name="[a3]"></a>Clr_IIC_SCL</STRONG> (Thumb, 90 bytes, Stack size 8 bytes, simulateiic.o(i.Clr_IIC_SCL))
<BR><BR>[Stack]<UL><LI>Max Depth = 8<LI>Call Chain = Clr_IIC_SCL
</UL>
<BR>[Calls]<UL><LI><a href="#[a4]">&gt;&gt;</a>&nbsp;&nbsp;&nbsp;gpio_bits_reset
</UL>
<BR>[Called By]<UL><LI><a href="#[ac]">&gt;&gt;</a>&nbsp;&nbsp;&nbsp;IIC_WRITE_BYTE
<LI><a href="#[ab]">&gt;&gt;</a>&nbsp;&nbsp;&nbsp;IIC_Start
<LI><a href="#[ad]">&gt;&gt;</a>&nbsp;&nbsp;&nbsp;IIC_Recelve_Ack
</UL>

<P><STRONG><a name="[a5]"></a>Clr_IIC_SDA</STRONG> (Thumb, 90 bytes, Stack size 8 bytes, simulateiic.o(i.Clr_IIC_SDA))
<BR><BR>[Stack]<UL><LI>Max Depth = 8<LI>Call Chain = Clr_IIC_SDA
</UL>
<BR>[Calls]<UL><LI><a href="#[a4]">&gt;&gt;</a>&nbsp;&nbsp;&nbsp;gpio_bits_reset
</UL>
<BR>[Called By]<UL><LI><a href="#[ac]">&gt;&gt;</a>&nbsp;&nbsp;&nbsp;IIC_WRITE_BYTE
<LI><a href="#[ae]">&gt;&gt;</a>&nbsp;&nbsp;&nbsp;IIC_Stop
<LI><a href="#[ab]">&gt;&gt;</a>&nbsp;&nbsp;&nbsp;IIC_Start
</UL>

<P><STRONG><a name="[8]"></a>DebugMon_Handler</STRONG> (Thumb, 2 bytes, Stack size 0 bytes, at32f403a_407_int.o(i.DebugMon_Handler))
<BR>[Address Reference Count : 1]<UL><LI> startup_at32f403a_407.o(RESET)
</UL>
<P><STRONG><a name="[64]"></a>FactoryReset</STRONG> (Thumb, 42 bytes, Stack size 0 bytes, command.o(i.FactoryReset))
<BR><BR>[Stack]<UL><LI>Max Depth = 72<LI>Call Chain = FactoryReset &rArr; SaveParamet &rArr; spi_flash_write &rArr; spiflash_wait_busy &rArr; spiFlash_wrByte
</UL>
<BR>[Calls]<UL><LI><a href="#[9e]">&gt;&gt;</a>&nbsp;&nbsp;&nbsp;printfx
<LI><a href="#[a8]">&gt;&gt;</a>&nbsp;&nbsp;&nbsp;delay_ms
<LI><a href="#[a7]">&gt;&gt;</a>&nbsp;&nbsp;&nbsp;SaveParamet
<LI><a href="#[a6]">&gt;&gt;</a>&nbsp;&nbsp;&nbsp;ReadParamet
<LI><a href="#[a9]">&gt;&gt;</a>&nbsp;&nbsp;&nbsp;__NVIC_SystemReset
</UL>
<BR>[Address Reference Count : 1]<UL><LI> command.o(.constdata)
</UL>
<P><STRONG><a name="[aa]"></a>GP8211S_Power</STRONG> (Thumb, 116 bytes, Stack size 32 bytes, gp8211s.o(i.GP8211S_Power))
<BR><BR>[Stack]<UL><LI>Max Depth = 84<LI>Call Chain = GP8211S_Power &rArr; IIC_WRITE_BYTE &rArr; SDA_OUT &rArr; gpio_init
</UL>
<BR>[Calls]<UL><LI><a href="#[ac]">&gt;&gt;</a>&nbsp;&nbsp;&nbsp;IIC_WRITE_BYTE
<LI><a href="#[ae]">&gt;&gt;</a>&nbsp;&nbsp;&nbsp;IIC_Stop
<LI><a href="#[ab]">&gt;&gt;</a>&nbsp;&nbsp;&nbsp;IIC_Start
<LI><a href="#[ad]">&gt;&gt;</a>&nbsp;&nbsp;&nbsp;IIC_Recelve_Ack
</UL>
<BR>[Called By]<UL><LI><a href="#[e4]">&gt;&gt;</a>&nbsp;&nbsp;&nbsp;bsp_Init
</UL>

<P><STRONG><a name="[3]"></a>HardFault_Handler</STRONG> (Thumb, 4 bytes, Stack size 0 bytes, at32f403a_407_int.o(i.HardFault_Handler))
<BR>[Address Reference Count : 1]<UL><LI> startup_at32f403a_407.o(RESET)
</UL>
<P><STRONG><a name="[ad]"></a>IIC_Recelve_Ack</STRONG> (Thumb, 66 bytes, Stack size 8 bytes, simulateiic.o(i.IIC_Recelve_Ack))
<BR><BR>[Stack]<UL><LI>Max Depth = 44<LI>Call Chain = IIC_Recelve_Ack &rArr; SDA_IN &rArr; gpio_init
</UL>
<BR>[Calls]<UL><LI><a href="#[b1]">&gt;&gt;</a>&nbsp;&nbsp;&nbsp;delay_us
<LI><a href="#[b3]">&gt;&gt;</a>&nbsp;&nbsp;&nbsp;readSDA
<LI><a href="#[b0]">&gt;&gt;</a>&nbsp;&nbsp;&nbsp;Set_IIC_SDA
<LI><a href="#[b2]">&gt;&gt;</a>&nbsp;&nbsp;&nbsp;Set_IIC_SCL
<LI><a href="#[af]">&gt;&gt;</a>&nbsp;&nbsp;&nbsp;SDA_IN
<LI><a href="#[a3]">&gt;&gt;</a>&nbsp;&nbsp;&nbsp;Clr_IIC_SCL
</UL>
<BR>[Called By]<UL><LI><a href="#[b5]">&gt;&gt;</a>&nbsp;&nbsp;&nbsp;IIC_WriteGP8211S
<LI><a href="#[aa]">&gt;&gt;</a>&nbsp;&nbsp;&nbsp;GP8211S_Power
</UL>

<P><STRONG><a name="[ab]"></a>IIC_Start</STRONG> (Thumb, 36 bytes, Stack size 8 bytes, simulateiic.o(i.IIC_Start))
<BR><BR>[Stack]<UL><LI>Max Depth = 44<LI>Call Chain = IIC_Start &rArr; SDA_OUT &rArr; gpio_init
</UL>
<BR>[Calls]<UL><LI><a href="#[b1]">&gt;&gt;</a>&nbsp;&nbsp;&nbsp;delay_us
<LI><a href="#[b0]">&gt;&gt;</a>&nbsp;&nbsp;&nbsp;Set_IIC_SDA
<LI><a href="#[b2]">&gt;&gt;</a>&nbsp;&nbsp;&nbsp;Set_IIC_SCL
<LI><a href="#[b4]">&gt;&gt;</a>&nbsp;&nbsp;&nbsp;SDA_OUT
<LI><a href="#[a5]">&gt;&gt;</a>&nbsp;&nbsp;&nbsp;Clr_IIC_SDA
<LI><a href="#[a3]">&gt;&gt;</a>&nbsp;&nbsp;&nbsp;Clr_IIC_SCL
</UL>
<BR>[Called By]<UL><LI><a href="#[b5]">&gt;&gt;</a>&nbsp;&nbsp;&nbsp;IIC_WriteGP8211S
<LI><a href="#[aa]">&gt;&gt;</a>&nbsp;&nbsp;&nbsp;GP8211S_Power
</UL>

<P><STRONG><a name="[ae]"></a>IIC_Stop</STRONG> (Thumb, 36 bytes, Stack size 8 bytes, simulateiic.o(i.IIC_Stop))
<BR><BR>[Stack]<UL><LI>Max Depth = 44<LI>Call Chain = IIC_Stop &rArr; SDA_OUT &rArr; gpio_init
</UL>
<BR>[Calls]<UL><LI><a href="#[b1]">&gt;&gt;</a>&nbsp;&nbsp;&nbsp;delay_us
<LI><a href="#[b0]">&gt;&gt;</a>&nbsp;&nbsp;&nbsp;Set_IIC_SDA
<LI><a href="#[b2]">&gt;&gt;</a>&nbsp;&nbsp;&nbsp;Set_IIC_SCL
<LI><a href="#[b4]">&gt;&gt;</a>&nbsp;&nbsp;&nbsp;SDA_OUT
<LI><a href="#[a5]">&gt;&gt;</a>&nbsp;&nbsp;&nbsp;Clr_IIC_SDA
</UL>
<BR>[Called By]<UL><LI><a href="#[b5]">&gt;&gt;</a>&nbsp;&nbsp;&nbsp;IIC_WriteGP8211S
<LI><a href="#[aa]">&gt;&gt;</a>&nbsp;&nbsp;&nbsp;GP8211S_Power
</UL>

<P><STRONG><a name="[ac]"></a>IIC_WRITE_BYTE</STRONG> (Thumb, 72 bytes, Stack size 16 bytes, simulateiic.o(i.IIC_WRITE_BYTE))
<BR><BR>[Stack]<UL><LI>Max Depth = 52<LI>Call Chain = IIC_WRITE_BYTE &rArr; SDA_OUT &rArr; gpio_init
</UL>
<BR>[Calls]<UL><LI><a href="#[b1]">&gt;&gt;</a>&nbsp;&nbsp;&nbsp;delay_us
<LI><a href="#[b0]">&gt;&gt;</a>&nbsp;&nbsp;&nbsp;Set_IIC_SDA
<LI><a href="#[b2]">&gt;&gt;</a>&nbsp;&nbsp;&nbsp;Set_IIC_SCL
<LI><a href="#[b4]">&gt;&gt;</a>&nbsp;&nbsp;&nbsp;SDA_OUT
<LI><a href="#[a5]">&gt;&gt;</a>&nbsp;&nbsp;&nbsp;Clr_IIC_SDA
<LI><a href="#[a3]">&gt;&gt;</a>&nbsp;&nbsp;&nbsp;Clr_IIC_SCL
</UL>
<BR>[Called By]<UL><LI><a href="#[b5]">&gt;&gt;</a>&nbsp;&nbsp;&nbsp;IIC_WriteGP8211S
<LI><a href="#[aa]">&gt;&gt;</a>&nbsp;&nbsp;&nbsp;GP8211S_Power
</UL>

<P><STRONG><a name="[b5]"></a>IIC_WriteGP8211S</STRONG> (Thumb, 112 bytes, Stack size 32 bytes, gp8211s.o(i.IIC_WriteGP8211S))
<BR><BR>[Stack]<UL><LI>Max Depth = 84<LI>Call Chain = IIC_WriteGP8211S &rArr; IIC_WRITE_BYTE &rArr; SDA_OUT &rArr; gpio_init
</UL>
<BR>[Calls]<UL><LI><a href="#[ac]">&gt;&gt;</a>&nbsp;&nbsp;&nbsp;IIC_WRITE_BYTE
<LI><a href="#[ae]">&gt;&gt;</a>&nbsp;&nbsp;&nbsp;IIC_Stop
<LI><a href="#[ab]">&gt;&gt;</a>&nbsp;&nbsp;&nbsp;IIC_Start
<LI><a href="#[ad]">&gt;&gt;</a>&nbsp;&nbsp;&nbsp;IIC_Recelve_Ack
</UL>
<BR>[Called By]<UL><LI><a href="#[e4]">&gt;&gt;</a>&nbsp;&nbsp;&nbsp;bsp_Init
<LI><a href="#[6b]">&gt;&gt;</a>&nbsp;&nbsp;&nbsp;SetReadWrite
<LI><a href="#[65]">&gt;&gt;</a>&nbsp;&nbsp;&nbsp;ReadSelectSwitch
<LI><a href="#[6a]">&gt;&gt;</a>&nbsp;&nbsp;&nbsp;LevelValueDispose
</UL>

<P><STRONG><a name="[d6]"></a>IndexToBaudrate</STRONG> (Thumb, 154 bytes, Stack size 0 bytes, function.o(i.IndexToBaudrate))
<BR><BR>[Called By]<UL><LI><a href="#[58]">&gt;&gt;</a>&nbsp;&nbsp;&nbsp;main
<LI><a href="#[6b]">&gt;&gt;</a>&nbsp;&nbsp;&nbsp;SetReadWrite
</UL>

<P><STRONG><a name="[b6]"></a>InterADconfig</STRONG> (Thumb, 160 bytes, Stack size 16 bytes, interiorad.o(i.InterADconfig))
<BR><BR>[Stack]<UL><LI>Max Depth = 36<LI>Call Chain = InterADconfig &rArr; gpio_init
</UL>
<BR>[Calls]<UL><LI><a href="#[ba]">&gt;&gt;</a>&nbsp;&nbsp;&nbsp;crm_adc_clock_div_set
<LI><a href="#[be]">&gt;&gt;</a>&nbsp;&nbsp;&nbsp;adc_ordinary_conversion_trigger_set
<LI><a href="#[96]">&gt;&gt;</a>&nbsp;&nbsp;&nbsp;adc_ordinary_channel_set
<LI><a href="#[bf]">&gt;&gt;</a>&nbsp;&nbsp;&nbsp;adc_enable
<LI><a href="#[bb]">&gt;&gt;</a>&nbsp;&nbsp;&nbsp;adc_combine_mode_select
<LI><a href="#[c3]">&gt;&gt;</a>&nbsp;&nbsp;&nbsp;adc_calibration_status_get
<LI><a href="#[c2]">&gt;&gt;</a>&nbsp;&nbsp;&nbsp;adc_calibration_start
<LI><a href="#[c1]">&gt;&gt;</a>&nbsp;&nbsp;&nbsp;adc_calibration_init_status_get
<LI><a href="#[c0]">&gt;&gt;</a>&nbsp;&nbsp;&nbsp;adc_calibration_init
<LI><a href="#[bc]">&gt;&gt;</a>&nbsp;&nbsp;&nbsp;adc_base_default_para_init
<LI><a href="#[bd]">&gt;&gt;</a>&nbsp;&nbsp;&nbsp;adc_base_config
<LI><a href="#[b8]">&gt;&gt;</a>&nbsp;&nbsp;&nbsp;gpio_default_para_init
<LI><a href="#[b9]">&gt;&gt;</a>&nbsp;&nbsp;&nbsp;gpio_init
<LI><a href="#[b7]">&gt;&gt;</a>&nbsp;&nbsp;&nbsp;crm_periph_clock_enable
</UL>
<BR>[Called By]<UL><LI><a href="#[58]">&gt;&gt;</a>&nbsp;&nbsp;&nbsp;main
</UL>

<P><STRONG><a name="[6a]"></a>LevelValueDispose</STRONG> (Thumb, 584 bytes, Stack size 112 bytes, command.o(i.LevelValueDispose))
<BR><BR>[Stack]<UL><LI>Max Depth = 376<LI>Call Chain = LevelValueDispose &rArr; __0sscanf &rArr; __vfscanf_char &rArr; __vfscanf &rArr; _scanf_real
</UL>
<BR>[Calls]<UL><LI><a href="#[9f]">&gt;&gt;</a>&nbsp;&nbsp;&nbsp;sprintfx
<LI><a href="#[9e]">&gt;&gt;</a>&nbsp;&nbsp;&nbsp;printfx
<LI><a href="#[86]">&gt;&gt;</a>&nbsp;&nbsp;&nbsp;__aeabi_ui2d
<LI><a href="#[77]">&gt;&gt;</a>&nbsp;&nbsp;&nbsp;__aeabi_dmul
<LI><a href="#[78]">&gt;&gt;</a>&nbsp;&nbsp;&nbsp;__aeabi_ddiv
<LI><a href="#[89]">&gt;&gt;</a>&nbsp;&nbsp;&nbsp;__aeabi_d2uiz
<LI><a href="#[c5]">&gt;&gt;</a>&nbsp;&nbsp;&nbsp;__aeabi_cdcmple
<LI><a href="#[b5]">&gt;&gt;</a>&nbsp;&nbsp;&nbsp;IIC_WriteGP8211S
<LI><a href="#[c7]">&gt;&gt;</a>&nbsp;&nbsp;&nbsp;__aeabi_f2d
<LI><a href="#[7b]">&gt;&gt;</a>&nbsp;&nbsp;&nbsp;__aeabi_d2f
<LI><a href="#[c4]">&gt;&gt;</a>&nbsp;&nbsp;&nbsp;gLowerCaseString
<LI><a href="#[c6]">&gt;&gt;</a>&nbsp;&nbsp;&nbsp;QueryPoint
<LI><a href="#[71]">&gt;&gt;</a>&nbsp;&nbsp;&nbsp;__0sscanf
<LI><a href="#[9c]">&gt;&gt;</a>&nbsp;&nbsp;&nbsp;strcmp
</UL>
<BR>[Address Reference Count : 1]<UL><LI> command.o(.constdata)
</UL>
<P><STRONG><a name="[4]"></a>MemManage_Handler</STRONG> (Thumb, 4 bytes, Stack size 0 bytes, at32f403a_407_int.o(i.MemManage_Handler))
<BR>[Address Reference Count : 1]<UL><LI> startup_at32f403a_407.o(RESET)
</UL>
<P><STRONG><a name="[2]"></a>NMI_Handler</STRONG> (Thumb, 2 bytes, Stack size 0 bytes, at32f403a_407_int.o(i.NMI_Handler))
<BR>[Address Reference Count : 1]<UL><LI> startup_at32f403a_407.o(RESET)
</UL>
<P><STRONG><a name="[9]"></a>PendSV_Handler</STRONG> (Thumb, 2 bytes, Stack size 0 bytes, at32f403a_407_int.o(i.PendSV_Handler))
<BR>[Address Reference Count : 1]<UL><LI> startup_at32f403a_407.o(RESET)
</UL>
<P><STRONG><a name="[c6]"></a>QueryPoint</STRONG> (Thumb, 204 bytes, Stack size 40 bytes, spiflash.o(i.QueryPoint))
<BR><BR>[Stack]<UL><LI>Max Depth = 72<LI>Call Chain = QueryPoint &rArr; spi_flash_read &rArr; spiFlash_wrByte
</UL>
<BR>[Calls]<UL><LI><a href="#[a2]">&gt;&gt;</a>&nbsp;&nbsp;&nbsp;spi_flash_read
<LI><a href="#[6f]">&gt;&gt;</a>&nbsp;&nbsp;&nbsp;__aeabi_memset
</UL>
<BR>[Called By]<UL><LI><a href="#[6a]">&gt;&gt;</a>&nbsp;&nbsp;&nbsp;LevelValueDispose
</UL>

<P><STRONG><a name="[a6]"></a>ReadParamet</STRONG> (Thumb, 160 bytes, Stack size 16 bytes, spiflash.o(i.ReadParamet))
<BR><BR>[Stack]<UL><LI>Max Depth = 48<LI>Call Chain = ReadParamet &rArr; spi_flash_read &rArr; spiFlash_wrByte
</UL>
<BR>[Calls]<UL><LI><a href="#[a2]">&gt;&gt;</a>&nbsp;&nbsp;&nbsp;spi_flash_read
<LI><a href="#[6e]">&gt;&gt;</a>&nbsp;&nbsp;&nbsp;__aeabi_memclr
</UL>
<BR>[Called By]<UL><LI><a href="#[e7]">&gt;&gt;</a>&nbsp;&nbsp;&nbsp;epramInitialize
<LI><a href="#[e4]">&gt;&gt;</a>&nbsp;&nbsp;&nbsp;bsp_Init
<LI><a href="#[6b]">&gt;&gt;</a>&nbsp;&nbsp;&nbsp;SetReadWrite
<LI><a href="#[64]">&gt;&gt;</a>&nbsp;&nbsp;&nbsp;FactoryReset
</UL>

<P><STRONG><a name="[65]"></a>ReadSelectSwitch</STRONG> (Thumb, 1008 bytes, Stack size 88 bytes, command.o(i.ReadSelectSwitch))
<BR><BR>[Stack]<UL><LI>Max Depth = 352<LI>Call Chain = ReadSelectSwitch &rArr; __0sscanf &rArr; __vfscanf_char &rArr; __vfscanf &rArr; _scanf_real
</UL>
<BR>[Calls]<UL><LI><a href="#[9f]">&gt;&gt;</a>&nbsp;&nbsp;&nbsp;sprintfx
<LI><a href="#[c9]">&gt;&gt;</a>&nbsp;&nbsp;&nbsp;printx
<LI><a href="#[9e]">&gt;&gt;</a>&nbsp;&nbsp;&nbsp;printfx
<LI><a href="#[78]">&gt;&gt;</a>&nbsp;&nbsp;&nbsp;__aeabi_ddiv
<LI><a href="#[c5]">&gt;&gt;</a>&nbsp;&nbsp;&nbsp;__aeabi_cdcmple
<LI><a href="#[b5]">&gt;&gt;</a>&nbsp;&nbsp;&nbsp;IIC_WriteGP8211S
<LI><a href="#[c7]">&gt;&gt;</a>&nbsp;&nbsp;&nbsp;__aeabi_f2d
<LI><a href="#[7b]">&gt;&gt;</a>&nbsp;&nbsp;&nbsp;__aeabi_d2f
<LI><a href="#[c4]">&gt;&gt;</a>&nbsp;&nbsp;&nbsp;gLowerCaseString
<LI><a href="#[a1]">&gt;&gt;</a>&nbsp;&nbsp;&nbsp;CalculatingLevel
<LI><a href="#[7c]">&gt;&gt;</a>&nbsp;&nbsp;&nbsp;atoi
<LI><a href="#[71]">&gt;&gt;</a>&nbsp;&nbsp;&nbsp;__0sscanf
<LI><a href="#[9c]">&gt;&gt;</a>&nbsp;&nbsp;&nbsp;strcmp
<LI><a href="#[a0]">&gt;&gt;</a>&nbsp;&nbsp;&nbsp;strlen
<LI><a href="#[9b]">&gt;&gt;</a>&nbsp;&nbsp;&nbsp;__aeabi_memclr4
<LI><a href="#[c8]">&gt;&gt;</a>&nbsp;&nbsp;&nbsp;__hardfp_atof
</UL>
<BR>[Address Reference Count : 1]<UL><LI> command.o(.constdata)
</UL>
<P><STRONG><a name="[62]"></a>ReadVersion</STRONG> (Thumb, 250 bytes, Stack size 56 bytes, command.o(i.ReadVersion))
<BR><BR>[Stack]<UL><LI>Max Depth = 72<LI>Call Chain = ReadVersion &rArr; printfx
</UL>
<BR>[Calls]<UL><LI><a href="#[9e]">&gt;&gt;</a>&nbsp;&nbsp;&nbsp;printfx
<LI><a href="#[c4]">&gt;&gt;</a>&nbsp;&nbsp;&nbsp;gLowerCaseString
<LI><a href="#[9c]">&gt;&gt;</a>&nbsp;&nbsp;&nbsp;strcmp
<LI><a href="#[a0]">&gt;&gt;</a>&nbsp;&nbsp;&nbsp;strlen
<LI><a href="#[9b]">&gt;&gt;</a>&nbsp;&nbsp;&nbsp;__aeabi_memclr4
<LI><a href="#[ca]">&gt;&gt;</a>&nbsp;&nbsp;&nbsp;__aeabi_memcpy
</UL>
<BR>[Address Reference Count : 1]<UL><LI> command.o(.constdata)
</UL>
<P><STRONG><a name="[66]"></a>ReadWriteBoardIDN</STRONG> (Thumb, 166 bytes, Stack size 160 bytes, command.o(i.ReadWriteBoardIDN))
<BR><BR>[Stack]<UL><LI>Max Depth = 424<LI>Call Chain = ReadWriteBoardIDN &rArr; __0sscanf &rArr; __vfscanf_char &rArr; __vfscanf &rArr; _scanf_real
</UL>
<BR>[Calls]<UL><LI><a href="#[9e]">&gt;&gt;</a>&nbsp;&nbsp;&nbsp;printfx
<LI><a href="#[c4]">&gt;&gt;</a>&nbsp;&nbsp;&nbsp;gLowerCaseString
<LI><a href="#[71]">&gt;&gt;</a>&nbsp;&nbsp;&nbsp;__0sscanf
<LI><a href="#[9c]">&gt;&gt;</a>&nbsp;&nbsp;&nbsp;strcmp
<LI><a href="#[a0]">&gt;&gt;</a>&nbsp;&nbsp;&nbsp;strlen
<LI><a href="#[9b]">&gt;&gt;</a>&nbsp;&nbsp;&nbsp;__aeabi_memclr4
<LI><a href="#[6e]">&gt;&gt;</a>&nbsp;&nbsp;&nbsp;__aeabi_memclr
<LI><a href="#[ca]">&gt;&gt;</a>&nbsp;&nbsp;&nbsp;__aeabi_memcpy
</UL>
<BR>[Address Reference Count : 1]<UL><LI> command.o(.constdata)
</UL>
<P><STRONG><a name="[69]"></a>ReadWriteMaxCH</STRONG> (Thumb, 210 bytes, Stack size 48 bytes, command.o(i.ReadWriteMaxCH))
<BR><BR>[Stack]<UL><LI>Max Depth = 312<LI>Call Chain = ReadWriteMaxCH &rArr; __0sscanf &rArr; __vfscanf_char &rArr; __vfscanf &rArr; _scanf_real
</UL>
<BR>[Calls]<UL><LI><a href="#[9f]">&gt;&gt;</a>&nbsp;&nbsp;&nbsp;sprintfx
<LI><a href="#[9e]">&gt;&gt;</a>&nbsp;&nbsp;&nbsp;printfx
<LI><a href="#[a7]">&gt;&gt;</a>&nbsp;&nbsp;&nbsp;SaveParamet
<LI><a href="#[c4]">&gt;&gt;</a>&nbsp;&nbsp;&nbsp;gLowerCaseString
<LI><a href="#[71]">&gt;&gt;</a>&nbsp;&nbsp;&nbsp;__0sscanf
<LI><a href="#[9c]">&gt;&gt;</a>&nbsp;&nbsp;&nbsp;strcmp
<LI><a href="#[a0]">&gt;&gt;</a>&nbsp;&nbsp;&nbsp;strlen
<LI><a href="#[9b]">&gt;&gt;</a>&nbsp;&nbsp;&nbsp;__aeabi_memclr4
</UL>
<BR>[Address Reference Count : 1]<UL><LI> command.o(.constdata)
</UL>
<P><STRONG><a name="[61]"></a>RebackCharacter</STRONG> (Thumb, 106 bytes, Stack size 16 bytes, command.o(i.RebackCharacter))
<BR><BR>[Stack]<UL><LI>Max Depth = 280<LI>Call Chain = RebackCharacter &rArr; __0sscanf &rArr; __vfscanf_char &rArr; __vfscanf &rArr; _scanf_real
</UL>
<BR>[Calls]<UL><LI><a href="#[9e]">&gt;&gt;</a>&nbsp;&nbsp;&nbsp;printfx
<LI><a href="#[71]">&gt;&gt;</a>&nbsp;&nbsp;&nbsp;__0sscanf
</UL>
<BR>[Address Reference Count : 1]<UL><LI> command.o(.constdata)
</UL>
<P><STRONG><a name="[af]"></a>SDA_IN</STRONG> (Thumb, 270 bytes, Stack size 16 bytes, simulateiic.o(i.SDA_IN))
<BR><BR>[Stack]<UL><LI>Max Depth = 36<LI>Call Chain = SDA_IN &rArr; gpio_init
</UL>
<BR>[Calls]<UL><LI><a href="#[b9]">&gt;&gt;</a>&nbsp;&nbsp;&nbsp;gpio_init
</UL>
<BR>[Called By]<UL><LI><a href="#[ad]">&gt;&gt;</a>&nbsp;&nbsp;&nbsp;IIC_Recelve_Ack
</UL>

<P><STRONG><a name="[b4]"></a>SDA_OUT</STRONG> (Thumb, 270 bytes, Stack size 16 bytes, simulateiic.o(i.SDA_OUT))
<BR><BR>[Stack]<UL><LI>Max Depth = 36<LI>Call Chain = SDA_OUT &rArr; gpio_init
</UL>
<BR>[Calls]<UL><LI><a href="#[b9]">&gt;&gt;</a>&nbsp;&nbsp;&nbsp;gpio_init
</UL>
<BR>[Called By]<UL><LI><a href="#[ac]">&gt;&gt;</a>&nbsp;&nbsp;&nbsp;IIC_WRITE_BYTE
<LI><a href="#[ae]">&gt;&gt;</a>&nbsp;&nbsp;&nbsp;IIC_Stop
<LI><a href="#[ab]">&gt;&gt;</a>&nbsp;&nbsp;&nbsp;IIC_Start
</UL>

<P><STRONG><a name="[cb]"></a>SPI1_Config</STRONG> (Thumb, 200 bytes, Stack size 24 bytes, spidrive.o(i.SPI1_Config))
<BR><BR>[Stack]<UL><LI>Max Depth = 44<LI>Call Chain = SPI1_Config &rArr; gpio_init
</UL>
<BR>[Calls]<UL><LI><a href="#[ce]">&gt;&gt;</a>&nbsp;&nbsp;&nbsp;spi_init
<LI><a href="#[cf]">&gt;&gt;</a>&nbsp;&nbsp;&nbsp;spi_enable
<LI><a href="#[cd]">&gt;&gt;</a>&nbsp;&nbsp;&nbsp;spi_default_para_init
<LI><a href="#[cc]">&gt;&gt;</a>&nbsp;&nbsp;&nbsp;gpio_bits_set
<LI><a href="#[b9]">&gt;&gt;</a>&nbsp;&nbsp;&nbsp;gpio_init
<LI><a href="#[b7]">&gt;&gt;</a>&nbsp;&nbsp;&nbsp;crm_periph_clock_enable
</UL>
<BR>[Called By]<UL><LI><a href="#[58]">&gt;&gt;</a>&nbsp;&nbsp;&nbsp;main
</UL>

<P><STRONG><a name="[7]"></a>SVC_Handler</STRONG> (Thumb, 2 bytes, Stack size 0 bytes, at32f403a_407_int.o(i.SVC_Handler))
<BR>[Address Reference Count : 1]<UL><LI> startup_at32f403a_407.o(RESET)
</UL>
<P><STRONG><a name="[a7]"></a>SaveParamet</STRONG> (Thumb, 152 bytes, Stack size 16 bytes, spiflash.o(i.SaveParamet))
<BR><BR>[Stack]<UL><LI>Max Depth = 72<LI>Call Chain = SaveParamet &rArr; spi_flash_write &rArr; spiflash_wait_busy &rArr; spiFlash_wrByte
</UL>
<BR>[Calls]<UL><LI><a href="#[d1]">&gt;&gt;</a>&nbsp;&nbsp;&nbsp;spi_flash_write
<LI><a href="#[d0]">&gt;&gt;</a>&nbsp;&nbsp;&nbsp;spi_flash_erase_sector
</UL>
<BR>[Called By]<UL><LI><a href="#[d2]">&gt;&gt;</a>&nbsp;&nbsp;&nbsp;stateVOA
<LI><a href="#[e7]">&gt;&gt;</a>&nbsp;&nbsp;&nbsp;epramInitialize
<LI><a href="#[6b]">&gt;&gt;</a>&nbsp;&nbsp;&nbsp;SetReadWrite
<LI><a href="#[68]">&gt;&gt;</a>&nbsp;&nbsp;&nbsp;SaveSelectSwitch
<LI><a href="#[69]">&gt;&gt;</a>&nbsp;&nbsp;&nbsp;ReadWriteMaxCH
<LI><a href="#[64]">&gt;&gt;</a>&nbsp;&nbsp;&nbsp;FactoryReset
</UL>

<P><STRONG><a name="[68]"></a>SaveSelectSwitch</STRONG> (Thumb, 90 bytes, Stack size 32 bytes, command.o(i.SaveSelectSwitch))
<BR><BR>[Stack]<UL><LI>Max Depth = 296<LI>Call Chain = SaveSelectSwitch &rArr; __0sscanf &rArr; __vfscanf_char &rArr; __vfscanf &rArr; _scanf_real
</UL>
<BR>[Calls]<UL><LI><a href="#[d2]">&gt;&gt;</a>&nbsp;&nbsp;&nbsp;stateVOA
<LI><a href="#[9e]">&gt;&gt;</a>&nbsp;&nbsp;&nbsp;printfx
<LI><a href="#[a7]">&gt;&gt;</a>&nbsp;&nbsp;&nbsp;SaveParamet
<LI><a href="#[c4]">&gt;&gt;</a>&nbsp;&nbsp;&nbsp;gLowerCaseString
<LI><a href="#[71]">&gt;&gt;</a>&nbsp;&nbsp;&nbsp;__0sscanf
<LI><a href="#[9c]">&gt;&gt;</a>&nbsp;&nbsp;&nbsp;strcmp
<LI><a href="#[9b]">&gt;&gt;</a>&nbsp;&nbsp;&nbsp;__aeabi_memclr4
</UL>
<BR>[Address Reference Count : 1]<UL><LI> command.o(.constdata)
</UL>
<P><STRONG><a name="[6b]"></a>SetReadWrite</STRONG> (Thumb, 2096 bytes, Stack size 296 bytes, command.o(i.SetReadWrite))
<BR><BR>[Stack]<UL><LI>Max Depth = 560<LI>Call Chain = SetReadWrite &rArr; __0sscanf &rArr; __vfscanf_char &rArr; __vfscanf &rArr; _scanf_real
</UL>
<BR>[Calls]<UL><LI><a href="#[9f]">&gt;&gt;</a>&nbsp;&nbsp;&nbsp;sprintfx
<LI><a href="#[d2]">&gt;&gt;</a>&nbsp;&nbsp;&nbsp;stateVOA
<LI><a href="#[a2]">&gt;&gt;</a>&nbsp;&nbsp;&nbsp;spi_flash_read
<LI><a href="#[9e]">&gt;&gt;</a>&nbsp;&nbsp;&nbsp;printfx
<LI><a href="#[77]">&gt;&gt;</a>&nbsp;&nbsp;&nbsp;__aeabi_dmul
<LI><a href="#[78]">&gt;&gt;</a>&nbsp;&nbsp;&nbsp;__aeabi_ddiv
<LI><a href="#[89]">&gt;&gt;</a>&nbsp;&nbsp;&nbsp;__aeabi_d2uiz
<LI><a href="#[c5]">&gt;&gt;</a>&nbsp;&nbsp;&nbsp;__aeabi_cdcmple
<LI><a href="#[a7]">&gt;&gt;</a>&nbsp;&nbsp;&nbsp;SaveParamet
<LI><a href="#[a6]">&gt;&gt;</a>&nbsp;&nbsp;&nbsp;ReadParamet
<LI><a href="#[b5]">&gt;&gt;</a>&nbsp;&nbsp;&nbsp;IIC_WriteGP8211S
<LI><a href="#[d6]">&gt;&gt;</a>&nbsp;&nbsp;&nbsp;IndexToBaudrate
<LI><a href="#[c7]">&gt;&gt;</a>&nbsp;&nbsp;&nbsp;__aeabi_f2d
<LI><a href="#[87]">&gt;&gt;</a>&nbsp;&nbsp;&nbsp;__aeabi_d2iz
<LI><a href="#[7b]">&gt;&gt;</a>&nbsp;&nbsp;&nbsp;__aeabi_d2f
<LI><a href="#[c4]">&gt;&gt;</a>&nbsp;&nbsp;&nbsp;gLowerCaseString
<LI><a href="#[a9]">&gt;&gt;</a>&nbsp;&nbsp;&nbsp;__NVIC_SystemReset
<LI><a href="#[d1]">&gt;&gt;</a>&nbsp;&nbsp;&nbsp;spi_flash_write
<LI><a href="#[d0]">&gt;&gt;</a>&nbsp;&nbsp;&nbsp;spi_flash_erase_sector
<LI><a href="#[d5]">&gt;&gt;</a>&nbsp;&nbsp;&nbsp;spi_flash_erase_chip
<LI><a href="#[d3]">&gt;&gt;</a>&nbsp;&nbsp;&nbsp;StorageDevice
<LI><a href="#[7c]">&gt;&gt;</a>&nbsp;&nbsp;&nbsp;atoi
<LI><a href="#[71]">&gt;&gt;</a>&nbsp;&nbsp;&nbsp;__0sscanf
<LI><a href="#[9c]">&gt;&gt;</a>&nbsp;&nbsp;&nbsp;strcmp
<LI><a href="#[a0]">&gt;&gt;</a>&nbsp;&nbsp;&nbsp;strlen
<LI><a href="#[9b]">&gt;&gt;</a>&nbsp;&nbsp;&nbsp;__aeabi_memclr4
<LI><a href="#[d4]">&gt;&gt;</a>&nbsp;&nbsp;&nbsp;__aeabi_memcpy4
<LI><a href="#[ca]">&gt;&gt;</a>&nbsp;&nbsp;&nbsp;__aeabi_memcpy
</UL>
<BR>[Address Reference Count : 1]<UL><LI> command.o(.constdata)
</UL>
<P><STRONG><a name="[b2]"></a>Set_IIC_SCL</STRONG> (Thumb, 90 bytes, Stack size 8 bytes, simulateiic.o(i.Set_IIC_SCL))
<BR><BR>[Stack]<UL><LI>Max Depth = 8<LI>Call Chain = Set_IIC_SCL
</UL>
<BR>[Calls]<UL><LI><a href="#[cc]">&gt;&gt;</a>&nbsp;&nbsp;&nbsp;gpio_bits_set
</UL>
<BR>[Called By]<UL><LI><a href="#[ac]">&gt;&gt;</a>&nbsp;&nbsp;&nbsp;IIC_WRITE_BYTE
<LI><a href="#[ae]">&gt;&gt;</a>&nbsp;&nbsp;&nbsp;IIC_Stop
<LI><a href="#[ab]">&gt;&gt;</a>&nbsp;&nbsp;&nbsp;IIC_Start
<LI><a href="#[ad]">&gt;&gt;</a>&nbsp;&nbsp;&nbsp;IIC_Recelve_Ack
</UL>

<P><STRONG><a name="[b0]"></a>Set_IIC_SDA</STRONG> (Thumb, 90 bytes, Stack size 8 bytes, simulateiic.o(i.Set_IIC_SDA))
<BR><BR>[Stack]<UL><LI>Max Depth = 8<LI>Call Chain = Set_IIC_SDA
</UL>
<BR>[Calls]<UL><LI><a href="#[cc]">&gt;&gt;</a>&nbsp;&nbsp;&nbsp;gpio_bits_set
</UL>
<BR>[Called By]<UL><LI><a href="#[ac]">&gt;&gt;</a>&nbsp;&nbsp;&nbsp;IIC_WRITE_BYTE
<LI><a href="#[ae]">&gt;&gt;</a>&nbsp;&nbsp;&nbsp;IIC_Stop
<LI><a href="#[ab]">&gt;&gt;</a>&nbsp;&nbsp;&nbsp;IIC_Start
<LI><a href="#[ad]">&gt;&gt;</a>&nbsp;&nbsp;&nbsp;IIC_Recelve_Ack
</UL>

<P><STRONG><a name="[d3]"></a>StorageDevice</STRONG> (Thumb, 296 bytes, Stack size 32 bytes, spiflash.o(i.StorageDevice))
<BR><BR>[Stack]<UL><LI>Max Depth = 88<LI>Call Chain = StorageDevice &rArr; spi_flash_write &rArr; spiflash_wait_busy &rArr; spiFlash_wrByte
</UL>
<BR>[Calls]<UL><LI><a href="#[a2]">&gt;&gt;</a>&nbsp;&nbsp;&nbsp;spi_flash_read
<LI><a href="#[d1]">&gt;&gt;</a>&nbsp;&nbsp;&nbsp;spi_flash_write
<LI><a href="#[d0]">&gt;&gt;</a>&nbsp;&nbsp;&nbsp;spi_flash_erase_sector
</UL>
<BR>[Called By]<UL><LI><a href="#[6b]">&gt;&gt;</a>&nbsp;&nbsp;&nbsp;SetReadWrite
</UL>

<P><STRONG><a name="[d7]"></a>SysTickConfigure</STRONG> (Thumb, 88 bytes, Stack size 16 bytes, initial.o(i.SysTickConfigure))
<BR><BR>[Stack]<UL><LI>Max Depth = 16<LI>Call Chain = SysTickConfigure
</UL>
<BR>[Calls]<UL><LI><a href="#[d8]">&gt;&gt;</a>&nbsp;&nbsp;&nbsp;systick_clock_source_config
</UL>
<BR>[Called By]<UL><LI><a href="#[58]">&gt;&gt;</a>&nbsp;&nbsp;&nbsp;main
</UL>

<P><STRONG><a name="[a]"></a>SysTick_Handler</STRONG> (Thumb, 80 bytes, Stack size 0 bytes, at32f403a_407_int.o(i.SysTick_Handler))
<BR>[Address Reference Count : 1]<UL><LI> startup_at32f403a_407.o(RESET)
</UL>
<P><STRONG><a name="[59]"></a>SystemInit</STRONG> (Thumb, 100 bytes, Stack size 0 bytes, system_at32f403a_407.o(i.SystemInit))
<BR>[Address Reference Count : 1]<UL><LI> startup_at32f403a_407.o(.text)
</UL>
<P><STRONG><a name="[63]"></a>SystemReset</STRONG> (Thumb, 24 bytes, Stack size 0 bytes, command.o(i.SystemReset))
<BR><BR>[Stack]<UL><LI>Max Depth = 16<LI>Call Chain = SystemReset &rArr; printfx
</UL>
<BR>[Calls]<UL><LI><a href="#[9e]">&gt;&gt;</a>&nbsp;&nbsp;&nbsp;printfx
<LI><a href="#[a8]">&gt;&gt;</a>&nbsp;&nbsp;&nbsp;delay_ms
<LI><a href="#[a9]">&gt;&gt;</a>&nbsp;&nbsp;&nbsp;__NVIC_SystemReset
</UL>
<BR>[Address Reference Count : 1]<UL><LI> command.o(.constdata)
</UL>
<P><STRONG><a name="[3f]"></a>UART4_IRQHandler</STRONG> (Thumb, 22 bytes, Stack size 8 bytes, at32f403a_407_int.o(i.UART4_IRQHandler))
<BR><BR>[Stack]<UL><LI>Max Depth = 8<LI>Call Chain = UART4_IRQHandler
</UL>
<BR>[Calls]<UL><LI><a href="#[d9]">&gt;&gt;</a>&nbsp;&nbsp;&nbsp;usart_flag_get
<LI><a href="#[da]">&gt;&gt;</a>&nbsp;&nbsp;&nbsp;usart_flag_clear
</UL>
<BR>[Address Reference Count : 1]<UL><LI> startup_at32f403a_407.o(RESET)
</UL>
<P><STRONG><a name="[30]"></a>USART1_IRQHandler</STRONG> (Thumb, 182 bytes, Stack size 8 bytes, at32f403a_407_int.o(i.USART1_IRQHandler))
<BR><BR>[Stack]<UL><LI>Max Depth = 8<LI>Call Chain = USART1_IRQHandler
</UL>
<BR>[Calls]<UL><LI><a href="#[d9]">&gt;&gt;</a>&nbsp;&nbsp;&nbsp;usart_flag_get
<LI><a href="#[da]">&gt;&gt;</a>&nbsp;&nbsp;&nbsp;usart_flag_clear
</UL>
<BR>[Address Reference Count : 1]<UL><LI> startup_at32f403a_407.o(RESET)
</UL>
<P><STRONG><a name="[31]"></a>USART2_IRQHandler</STRONG> (Thumb, 22 bytes, Stack size 8 bytes, at32f403a_407_int.o(i.USART2_IRQHandler))
<BR><BR>[Stack]<UL><LI>Max Depth = 8<LI>Call Chain = USART2_IRQHandler
</UL>
<BR>[Calls]<UL><LI><a href="#[d9]">&gt;&gt;</a>&nbsp;&nbsp;&nbsp;usart_flag_get
<LI><a href="#[da]">&gt;&gt;</a>&nbsp;&nbsp;&nbsp;usart_flag_clear
</UL>
<BR>[Address Reference Count : 1]<UL><LI> startup_at32f403a_407.o(RESET)
</UL>
<P><STRONG><a name="[32]"></a>USART3_IRQHandler</STRONG> (Thumb, 22 bytes, Stack size 8 bytes, at32f403a_407_int.o(i.USART3_IRQHandler))
<BR><BR>[Stack]<UL><LI>Max Depth = 8<LI>Call Chain = USART3_IRQHandler
</UL>
<BR>[Calls]<UL><LI><a href="#[d9]">&gt;&gt;</a>&nbsp;&nbsp;&nbsp;usart_flag_get
<LI><a href="#[da]">&gt;&gt;</a>&nbsp;&nbsp;&nbsp;usart_flag_clear
</UL>
<BR>[Address Reference Count : 1]<UL><LI> startup_at32f403a_407.o(RESET)
</UL>
[...]
</UL>
<BR>[Called By]<UL><LI><a href="#[ed]">&gt;&gt;</a>&nbsp;&nbsp;&nbsp;usart1_config
</UL>

<P><STRONG><a name="[101]"></a>nvic_priority_group_config</STRONG> (Thumb, 32 bytes, Stack size 0 bytes, at32f403a_407_misc.o(i.nvic_priority_group_config))
<BR><BR>[Called By]<UL><LI><a href="#[ed]">&gt;&gt;</a>&nbsp;&nbsp;&nbsp;usart1_config
</UL>

<P><STRONG><a name="[9e]"></a>printfx</STRONG> (Thumb, 40 bytes, Stack size 16 bytes, serialport.o(i.printfx))
<BR><BR>[Stack]<UL><LI>Max Depth = 16<LI>Call Chain = printfx
</UL>
<BR>[Calls]<UL><LI><a href="#[f0]">&gt;&gt;</a>&nbsp;&nbsp;&nbsp;usart_data_transmit
<LI><a href="#[d9]">&gt;&gt;</a>&nbsp;&nbsp;&nbsp;usart_flag_get
</UL>
<BR>[Called By]<UL><LI><a href="#[ee]">&gt;&gt;</a>&nbsp;&nbsp;&nbsp;rxCommand
<LI><a href="#[e4]">&gt;&gt;</a>&nbsp;&nbsp;&nbsp;bsp_Init
<LI><a href="#[60]">&gt;&gt;</a>&nbsp;&nbsp;&nbsp;help
<LI><a href="#[63]">&gt;&gt;</a>&nbsp;&nbsp;&nbsp;SystemReset
<LI><a href="#[6b]">&gt;&gt;</a>&nbsp;&nbsp;&nbsp;SetReadWrite
<LI><a href="#[68]">&gt;&gt;</a>&nbsp;&nbsp;&nbsp;SaveSelectSwitch
<LI><a href="#[61]">&gt;&gt;</a>&nbsp;&nbsp;&nbsp;RebackCharacter
<LI><a href="#[69]">&gt;&gt;</a>&nbsp;&nbsp;&nbsp;ReadWriteMaxCH
<LI><a href="#[66]">&gt;&gt;</a>&nbsp;&nbsp;&nbsp;ReadWriteBoardIDN
<LI><a href="#[62]">&gt;&gt;</a>&nbsp;&nbsp;&nbsp;ReadVersion
<LI><a href="#[65]">&gt;&gt;</a>&nbsp;&nbsp;&nbsp;ReadSelectSwitch
<LI><a href="#[6a]">&gt;&gt;</a>&nbsp;&nbsp;&nbsp;LevelValueDispose
<LI><a href="#[64]">&gt;&gt;</a>&nbsp;&nbsp;&nbsp;FactoryReset
<LI><a href="#[67]">&gt;&gt;</a>&nbsp;&nbsp;&nbsp;BaudrateUART
</UL>

<P><STRONG><a name="[c9]"></a>printx</STRONG> (Thumb, 28 bytes, Stack size 8 bytes, serialport.o(i.printx))
<BR><BR>[Stack]<UL><LI>Max Depth = 8<LI>Call Chain = printx
</UL>
<BR>[Calls]<UL><LI><a href="#[f0]">&gt;&gt;</a>&nbsp;&nbsp;&nbsp;usart_data_transmit
<LI><a href="#[d9]">&gt;&gt;</a>&nbsp;&nbsp;&nbsp;usart_flag_get
</UL>
<BR>[Called By]<UL><LI><a href="#[ee]">&gt;&gt;</a>&nbsp;&nbsp;&nbsp;rxCommand
<LI><a href="#[65]">&gt;&gt;</a>&nbsp;&nbsp;&nbsp;ReadSelectSwitch
</UL>

<P><STRONG><a name="[b3]"></a>readSDA</STRONG> (Thumb, 106 bytes, Stack size 8 bytes, simulateiic.o(i.readSDA))
<BR><BR>[Stack]<UL><LI>Max Depth = 8<LI>Call Chain = readSDA
</UL>
<BR>[Calls]<UL><LI><a href="#[f1]">&gt;&gt;</a>&nbsp;&nbsp;&nbsp;gpio_input_data_bit_read
</UL>
<BR>[Called By]<UL><LI><a href="#[ad]">&gt;&gt;</a>&nbsp;&nbsp;&nbsp;IIC_Recelve_Ack
</UL>

<P><STRONG><a name="[ee]"></a>rxCommand</STRONG> (Thumb, 524 bytes, Stack size 32 bytes, command.o(i.rxCommand))
<BR><BR>[Stack]<UL><LI>Max Depth = 48<LI>Call Chain = rxCommand &rArr; printfx
</UL>
<BR>[Calls]<UL><LI><a href="#[c9]">&gt;&gt;</a>&nbsp;&nbsp;&nbsp;printx
<LI><a href="#[9e]">&gt;&gt;</a>&nbsp;&nbsp;&nbsp;printfx
<LI><a href="#[c4]">&gt;&gt;</a>&nbsp;&nbsp;&nbsp;gLowerCaseString
<LI><a href="#[9c]">&gt;&gt;</a>&nbsp;&nbsp;&nbsp;strcmp
<LI><a href="#[6e]">&gt;&gt;</a>&nbsp;&nbsp;&nbsp;__aeabi_memclr
</UL>
<BR>[Called By]<UL><LI><a href="#[58]">&gt;&gt;</a>&nbsp;&nbsp;&nbsp;main
</UL>

<P><STRONG><a name="[f2]"></a>spiFlash_wrByte</STRONG> (Thumb, 50 bytes, Stack size 8 bytes, spiflash.o(i.spiFlash_wrByte))
<BR><BR>[Stack]<UL><LI>Max Depth = 8<LI>Call Chain = spiFlash_wrByte
</UL>
<BR>[Calls]<UL><LI><a href="#[f3]">&gt;&gt;</a>&nbsp;&nbsp;&nbsp;spi_i2s_flag_get
<LI><a href="#[f4]">&gt;&gt;</a>&nbsp;&nbsp;&nbsp;spi_i2s_data_transmit
<LI><a href="#[f5]">&gt;&gt;</a>&nbsp;&nbsp;&nbsp;spi_i2s_data_receive
</UL>
<BR>[Called By]<UL><LI><a href="#[e8]">&gt;&gt;</a>&nbsp;&nbsp;&nbsp;spiflash_wait_busy
<LI><a href="#[a2]">&gt;&gt;</a>&nbsp;&nbsp;&nbsp;spi_flash_read
<LI><a href="#[d1]">&gt;&gt;</a>&nbsp;&nbsp;&nbsp;spi_flash_write
<LI><a href="#[d0]">&gt;&gt;</a>&nbsp;&nbsp;&nbsp;spi_flash_erase_sector
<LI><a href="#[d5]">&gt;&gt;</a>&nbsp;&nbsp;&nbsp;spi_flash_erase_chip
</UL>

<P><STRONG><a name="[cd]"></a>spi_default_para_init</STRONG> (Thumb, 22 bytes, Stack size 0 bytes, at32f403a_407_spi.o(i.spi_default_para_init))
<BR><BR>[Called By]<UL><LI><a href="#[cb]">&gt;&gt;</a>&nbsp;&nbsp;&nbsp;SPI1_Config
</UL>

<P><STRONG><a name="[cf]"></a>spi_enable</STRONG> (Thumb, 10 bytes, Stack size 0 bytes, at32f403a_407_spi.o(i.spi_enable))
<BR><BR>[Called By]<UL><LI><a href="#[cb]">&gt;&gt;</a>&nbsp;&nbsp;&nbsp;SPI1_Config
</UL>

<P><STRONG><a name="[d5]"></a>spi_flash_erase_chip</STRONG> (Thumb, 76 bytes, Stack size 8 bytes, spiflash.o(i.spi_flash_erase_chip))
<BR><BR>[Stack]<UL><LI>Max Depth = 32<LI>Call Chain = spi_flash_erase_chip &rArr; spiflash_wait_busy &rArr; spiFlash_wrByte
</UL>
<BR>[Calls]<UL><LI><a href="#[e8]">&gt;&gt;</a>&nbsp;&nbsp;&nbsp;spiflash_wait_busy
<LI><a href="#[f2]">&gt;&gt;</a>&nbsp;&nbsp;&nbsp;spiFlash_wrByte
</UL>
<BR>[Called By]<UL><LI><a href="#[6b]">&gt;&gt;</a>&nbsp;&nbsp;&nbsp;SetReadWrite
</UL>

<P><STRONG><a name="[d0]"></a>spi_flash_erase_sector</STRONG> (Thumb, 100 bytes, Stack size 8 bytes, spiflash.o(i.spi_flash_erase_sector))
<BR><BR>[Stack]<UL><LI>Max Depth = 32<LI>Call Chain = spi_flash_erase_sector &rArr; spiflash_wait_busy &rArr; spiFlash_wrByte
</UL>
<BR>[Calls]<UL><LI><a href="#[e8]">&gt;&gt;</a>&nbsp;&nbsp;&nbsp;spiflash_wait_busy
<LI><a href="#[f2]">&gt;&gt;</a>&nbsp;&nbsp;&nbsp;spiFlash_wrByte
</UL>
<BR>[Called By]<UL><LI><a href="#[d2]">&gt;&gt;</a>&nbsp;&nbsp;&nbsp;stateVOA
<LI><a href="#[a7]">&gt;&gt;</a>&nbsp;&nbsp;&nbsp;SaveParamet
<LI><a href="#[6b]">&gt;&gt;</a>&nbsp;&nbsp;&nbsp;SetReadWrite
<LI><a href="#[d3]">&gt;&gt;</a>&nbsp;&nbsp;&nbsp;StorageDevice
</UL>

<P><STRONG><a name="[a2]"></a>spi_flash_read</STRONG> (Thumb, 82 bytes, Stack size 24 bytes, spiflash.o(i.spi_flash_read))
<BR><BR>[Stack]<UL><LI>Max Depth = 32<LI>Call Chain = spi_flash_read &rArr; spiFlash_wrByte
</UL>
<BR>[Calls]<UL><LI><a href="#[f2]">&gt;&gt;</a>&nbsp;&nbsp;&nbsp;spiFlash_wrByte
</UL>
<BR>[Called By]<UL><LI><a href="#[d2]">&gt;&gt;</a>&nbsp;&nbsp;&nbsp;stateVOA
<LI><a href="#[a6]">&gt;&gt;</a>&nbsp;&nbsp;&nbsp;ReadParamet
<LI><a href="#[e7]">&gt;&gt;</a>&nbsp;&nbsp;&nbsp;epramInitialize
<LI><a href="#[e4]">&gt;&gt;</a>&nbsp;&nbsp;&nbsp;bsp_Init
<LI><a href="#[6b]">&gt;&gt;</a>&nbsp;&nbsp;&nbsp;SetReadWrite
<LI><a href="#[d3]">&gt;&gt;</a>&nbsp;&nbsp;&nbsp;StorageDevice
<LI><a href="#[c6]">&gt;&gt;</a>&nbsp;&nbsp;&nbsp;QueryPoint
<LI><a href="#[a1]">&gt;&gt;</a>&nbsp;&nbsp;&nbsp;CalculatingLevel
</UL>

<P><STRONG><a name="[d1]"></a>spi_flash_write</STRONG> (Thumb, 172 bytes, Stack size 32 bytes, spiflash.o(i.spi_flash_write))
<BR><BR>[Stack]<UL><LI>Max Depth = 56<LI>Call Chain = spi_flash_write &rArr; spiflash_wait_busy &rArr; spiFlash_wrByte
</UL>
<BR>[Calls]<UL><LI><a href="#[e8]">&gt;&gt;</a>&nbsp;&nbsp;&nbsp;spiflash_wait_busy
<LI><a href="#[f2]">&gt;&gt;</a>&nbsp;&nbsp;&nbsp;spiFlash_wrByte
</UL>
<BR>[Called By]<UL><LI><a href="#[d2]">&gt;&gt;</a>&nbsp;&nbsp;&nbsp;stateVOA
<LI><a href="#[a7]">&gt;&gt;</a>&nbsp;&nbsp;&nbsp;SaveParamet
<LI><a href="#[6b]">&gt;&gt;</a>&nbsp;&nbsp;&nbsp;SetReadWrite
<LI><a href="#[d3]">&gt;&gt;</a>&nbsp;&nbsp;&nbsp;StorageDevice
</UL>

<P><STRONG><a name="[f5]"></a>spi_i2s_data_receive</STRONG> (Thumb, 8 bytes, Stack size 0 bytes, at32f403a_407_spi.o(i.spi_i2s_data_receive))
<BR><BR>[Called By]<UL><LI><a href="#[f2]">&gt;&gt;</a>&nbsp;&nbsp;&nbsp;spiFlash_wrByte
</UL>

<P><STRONG><a name="[f4]"></a>spi_i2s_data_transmit</STRONG> (Thumb, 4 bytes, Stack size 0 bytes, at32f403a_407_spi.o(i.spi_i2s_data_transmit))
<BR><BR>[Called By]<UL><LI><a href="#[f2]">&gt;&gt;</a>&nbsp;&nbsp;&nbsp;spiFlash_wrByte
</UL>

<P><STRONG><a name="[f3]"></a>spi_i2s_flag_get</STRONG> (Thumb, 16 bytes, Stack size 0 bytes, at32f403a_407_spi.o(i.spi_i2s_flag_get))
<BR><BR>[Called By]<UL><LI><a href="#[f2]">&gt;&gt;</a>&nbsp;&nbsp;&nbsp;spiFlash_wrByte
</UL>

<P><STRONG><a name="[ce]"></a>spi_init</STRONG> (Thumb, 292 bytes, Stack size 0 bytes, at32f403a_407_spi.o(i.spi_init))
<BR><BR>[Called By]<UL><LI><a href="#[cb]">&gt;&gt;</a>&nbsp;&nbsp;&nbsp;SPI1_Config
</UL>

<P><STRONG><a name="[e8]"></a>spiflash_wait_busy</STRONG> (Thumb, 82 bytes, Stack size 16 bytes, spiflash.o(i.spiflash_wait_busy))
<BR><BR>[Stack]<UL><LI>Max Depth = 24<LI>Call Chain = spiflash_wait_busy &rArr; spiFlash_wrByte
</UL>
<BR>[Calls]<UL><LI><a href="#[f2]">&gt;&gt;</a>&nbsp;&nbsp;&nbsp;spiFlash_wrByte
<LI><a href="#[b1]">&gt;&gt;</a>&nbsp;&nbsp;&nbsp;delay_us
</UL>
<BR>[Called By]<UL><LI><a href="#[e7]">&gt;&gt;</a>&nbsp;&nbsp;&nbsp;epramInitialize
<LI><a href="#[d1]">&gt;&gt;</a>&nbsp;&nbsp;&nbsp;spi_flash_write
<LI><a href="#[d0]">&gt;&gt;</a>&nbsp;&nbsp;&nbsp;spi_flash_erase_sector
<LI><a href="#[d5]">&gt;&gt;</a>&nbsp;&nbsp;&nbsp;spi_flash_erase_chip
</UL>

<P><STRONG><a name="[9f]"></a>sprintfx</STRONG> (Thumb, 84 bytes, Stack size 160 bytes, serialport.o(i.sprintfx))
<BR><BR>[Stack]<UL><LI>Max Depth = 184<LI>Call Chain = sprintfx &rArr; __c89vsprintf
</UL>
<BR>[Calls]<UL><LI><a href="#[f0]">&gt;&gt;</a>&nbsp;&nbsp;&nbsp;usart_data_transmit
<LI><a href="#[d9]">&gt;&gt;</a>&nbsp;&nbsp;&nbsp;usart_flag_get
<LI><a href="#[f6]">&gt;&gt;</a>&nbsp;&nbsp;&nbsp;__c89vsprintf
<LI><a href="#[a0]">&gt;&gt;</a>&nbsp;&nbsp;&nbsp;strlen
<LI><a href="#[9b]">&gt;&gt;</a>&nbsp;&nbsp;&nbsp;__aeabi_memclr4
</UL>
<BR>[Called By]<UL><LI><a href="#[6b]">&gt;&gt;</a>&nbsp;&nbsp;&nbsp;SetReadWrite
<LI><a href="#[69]">&gt;&gt;</a>&nbsp;&nbsp;&nbsp;ReadWriteMaxCH
<LI><a href="#[65]">&gt;&gt;</a>&nbsp;&nbsp;&nbsp;ReadSelectSwitch
<LI><a href="#[6a]">&gt;&gt;</a>&nbsp;&nbsp;&nbsp;LevelValueDispose
<LI><a href="#[67]">&gt;&gt;</a>&nbsp;&nbsp;&nbsp;BaudrateUART
</UL>

<P><STRONG><a name="[d2]"></a>stateVOA</STRONG> (Thumb, 400 bytes, Stack size 40 bytes, spiflash.o(i.stateVOA))
<BR><BR>[Stack]<UL><LI>Max Depth = 112<LI>Call Chain = stateVOA &rArr; SaveParamet &rArr; spi_flash_write &rArr; spiflash_wait_busy &rArr; spiFlash_wrByte
</UL>
<BR>[Calls]<UL><LI><a href="#[a2]">&gt;&gt;</a>&nbsp;&nbsp;&nbsp;spi_flash_read
<LI><a href="#[a7]">&gt;&gt;</a>&nbsp;&nbsp;&nbsp;SaveParamet
<LI><a href="#[d1]">&gt;&gt;</a>&nbsp;&nbsp;&nbsp;spi_flash_write
<LI><a href="#[d0]">&gt;&gt;</a>&nbsp;&nbsp;&nbsp;spi_flash_erase_sector
</UL>
<BR>[Called By]<UL><LI><a href="#[e4]">&gt;&gt;</a>&nbsp;&nbsp;&nbsp;bsp_Init
<LI><a href="#[6b]">&gt;&gt;</a>&nbsp;&nbsp;&nbsp;SetReadWrite
<LI><a href="#[68]">&gt;&gt;</a>&nbsp;&nbsp;&nbsp;SaveSelectSwitch
</UL>

<P><STRONG><a name="[ec]"></a>swIIC_config</STRONG> (Thumb, 170 bytes, Stack size 16 bytes, simulateiic.o(i.swIIC_config))
<BR><BR>[Stack]<UL><LI>Max Depth = 36<LI>Call Chain = swIIC_config &rArr; gpio_init
</UL>
<BR>[Calls]<UL><LI><a href="#[b9]">&gt;&gt;</a>&nbsp;&nbsp;&nbsp;gpio_init
<LI><a href="#[b7]">&gt;&gt;</a>&nbsp;&nbsp;&nbsp;crm_periph_clock_enable
</UL>
<BR>[Called By]<UL><LI><a href="#[58]">&gt;&gt;</a>&nbsp;&nbsp;&nbsp;main
</UL>

<P><STRONG><a name="[eb]"></a>system_clock_config</STRONG> (Thumb, 108 bytes, Stack size 8 bytes, at32f403a_407_clock.o(i.system_clock_config))
<BR><BR>[Stack]<UL><LI>Max Depth = 40<LI>Call Chain = system_clock_config &rArr; system_core_clock_update
</UL>
<BR>[Calls]<UL><LI><a href="#[100]">&gt;&gt;</a>&nbsp;&nbsp;&nbsp;system_core_clock_update
<LI><a href="#[e6]">&gt;&gt;</a>&nbsp;&nbsp;&nbsp;crm_sysclk_switch_status_get
<LI><a href="#[ff]">&gt;&gt;</a>&nbsp;&nbsp;&nbsp;crm_sysclk_switch
<LI><a href="#[f7]">&gt;&gt;</a>&nbsp;&nbsp;&nbsp;crm_reset
<LI><a href="#[fa]">&gt;&gt;</a>&nbsp;&nbsp;&nbsp;crm_pll_config
<LI><a href="#[f9]">&gt;&gt;</a>&nbsp;&nbsp;&nbsp;crm_flag_get
<LI><a href="#[f8]">&gt;&gt;</a>&nbsp;&nbsp;&nbsp;crm_clock_source_enable
<LI><a href="#[fe]">&gt;&gt;</a>&nbsp;&nbsp;&nbsp;crm_auto_step_mode_enable
<LI><a href="#[fc]">&gt;&gt;</a>&nbsp;&nbsp;&nbsp;crm_apb2_div_set
<LI><a href="#[fd]">&gt;&gt;</a>&nbsp;&nbsp;&nbsp;crm_apb1_div_set
<LI><a href="#[fb]">&gt;&gt;</a>&nbsp;&nbsp;&nbsp;crm_ahb_div_set
</UL>
<BR>[Called By]<UL><LI><a href="#[58]">&gt;&gt;</a>&nbsp;&nbsp;&nbsp;main
</UL>

<P><STRONG><a name="[100]"></a>system_core_clock_update</STRONG> (Thumb, 222 bytes, Stack size 32 bytes, system_at32f403a_407.o(i.system_core_clock_update))
<BR><BR>[Stack]<UL><LI>Max Depth = 32<LI>Call Chain = system_core_clock_update
</UL>
<BR>[Calls]<UL><LI><a href="#[e6]">&gt;&gt;</a>&nbsp;&nbsp;&nbsp;crm_sysclk_switch_status_get
</UL>
<BR>[Called By]<UL><LI><a href="#[eb]">&gt;&gt;</a>&nbsp;&nbsp;&nbsp;system_clock_config
</UL>

<P><STRONG><a name="[d8]"></a>systick_clock_source_config</STRONG> (Thumb, 40 bytes, Stack size 0 bytes, at32f403a_407_misc.o(i.systick_clock_source_config))
<BR><BR>[Called By]<UL><LI><a href="#[d7]">&gt;&gt;</a>&nbsp;&nbsp;&nbsp;SysTickConfigure
</UL>

<P><STRONG><a name="[ed]"></a>usart1_config</STRONG> (Thumb, 172 bytes, Stack size 16 bytes, serialport.o(i.usart1_config))
<BR><BR>[Stack]<UL><LI>Max Depth = 88<LI>Call Chain = usart1_config &rArr; usart_init &rArr; crm_clocks_freq_get
</UL>
<BR>[Calls]<UL><LI><a href="#[104]">&gt;&gt;</a>&nbsp;&nbsp;&nbsp;usart_transmitter_enable
<LI><a href="#[105]">&gt;&gt;</a>&nbsp;&nbsp;&nbsp;usart_receiver_enable
<LI><a href="#[106]">&gt;&gt;</a>&nbsp;&nbsp;&nbsp;usart_interrupt_enable
<LI><a href="#[103]">&gt;&gt;</a>&nbsp;&nbsp;&nbsp;usart_init
<LI><a href="#[107]">&gt;&gt;</a>&nbsp;&nbsp;&nbsp;usart_enable
<LI><a href="#[f0]">&gt;&gt;</a>&nbsp;&nbsp;&nbsp;usart_data_transmit
<LI><a href="#[b8]">&gt;&gt;</a>&nbsp;&nbsp;&nbsp;gpio_default_para_init
<LI><a href="#[101]">&gt;&gt;</a>&nbsp;&nbsp;&nbsp;nvic_priority_group_config
<LI><a href="#[102]">&gt;&gt;</a>&nbsp;&nbsp;&nbsp;nvic_irq_enable
<LI><a href="#[b9]">&gt;&gt;</a>&nbsp;&nbsp;&nbsp;gpio_init
<LI><a href="#[b7]">&gt;&gt;</a>&nbsp;&nbsp;&nbsp;crm_periph_clock_enable
</UL>
<BR>[Called By]<UL><LI><a href="#[58]">&gt;&gt;</a>&nbsp;&nbsp;&nbsp;main
</UL>

<P><STRONG><a name="[f0]"></a>usart_data_transmit</STRONG> (Thumb, 8 bytes, Stack size 0 bytes, at32f403a_407_usart.o(i.usart_data_transmit))
<BR><BR>[Called By]<UL><LI><a href="#[9f]">&gt;&gt;</a>&nbsp;&nbsp;&nbsp;sprintfx
<LI><a href="#[c9]">&gt;&gt;</a>&nbsp;&nbsp;&nbsp;printx
<LI><a href="#[9e]">&gt;&gt;</a>&nbsp;&nbsp;&nbsp;printfx
<LI><a href="#[ed]">&gt;&gt;</a>&nbsp;&nbsp;&nbsp;usart1_config
</UL>

<P><STRONG><a name="[107]"></a>usart_enable</STRONG> (Thumb, 10 bytes, Stack size 0 bytes, at32f403a_407_usart.o(i.usart_enable))
<BR><BR>[Called By]<UL><LI><a href="#[ed]">&gt;&gt;</a>&nbsp;&nbsp;&nbsp;usart1_config
</UL>

<P><STRONG><a name="[da]"></a>usart_flag_clear</STRONG> (Thumb, 18 bytes, Stack size 0 bytes, at32f403a_407_usart.o(i.usart_flag_clear))
<BR><BR>[Called By]<UL><LI><a href="#[32]">&gt;&gt;</a>&nbsp;&nbsp;&nbsp;USART3_IRQHandler
<LI><a href="#[31]">&gt;&gt;</a>&nbsp;&nbsp;&nbsp;USART2_IRQHandler
<LI><a href="#[30]">&gt;&gt;</a>&nbsp;&nbsp;&nbsp;USART1_IRQHandler
<LI><a href="#[3f]">&gt;&gt;</a>&nbsp;&nbsp;&nbsp;UART4_IRQHandler
</UL>

<P><STRONG><a name="[d9]"></a>usart_flag_get</STRONG> (Thumb, 16 bytes, Stack size 0 bytes, at32f403a_407_usart.o(i.usart_flag_get))
<BR><BR>[Called By]<UL><LI><a href="#[9f]">&gt;&gt;</a>&nbsp;&nbsp;&nbsp;sprintfx
<LI><a href="#[c9]">&gt;&gt;</a>&nbsp;&nbsp;&nbsp;printx
<LI><a href="#[9e]">&gt;&gt;</a>&nbsp;&nbsp;&nbsp;printfx
<LI><a href="#[32]">&gt;&gt;</a>&nbsp;&nbsp;&nbsp;USART3_IRQHandler
<LI><a href="#[31]">&gt;&gt;</a>&nbsp;&nbsp;&nbsp;USART2_IRQHandler
<LI><a href="#[30]">&gt;&gt;</a>&nbsp;&nbsp;&nbsp;USART1_IRQHandler
<LI><a href="#[3f]">&gt;&gt;</a>&nbsp;&nbsp;&nbsp;UART4_IRQHandler
</UL>

<P><STRONG><a name="[103]"></a>usart_init</STRONG> (Thumb, 120 bytes, Stack size 48 bytes, at32f403a_407_usart.o(i.usart_init))
<BR><BR>[Stack]<UL><LI>Max Depth = 72<LI>Call Chain = usart_init &rArr; crm_clocks_freq_get
</UL>
<BR>[Calls]<UL><LI><a href="#[e5]">&gt;&gt;</a>&nbsp;&nbsp;&nbsp;crm_clocks_freq_get
</UL>
<BR>[Called By]<UL><LI><a href="#[ed]">&gt;&gt;</a>&nbsp;&nbsp;&nbsp;usart1_config
</UL>

<P><STRONG><a name="[106]"></a>usart_interrupt_enable</STRONG> (Thumb, 54 bytes, Stack size 12 bytes, at32f403a_407_usart.o(i.usart_interrupt_enable))
<BR><BR>[Stack]<UL><LI>Max Depth = 12<LI>Call Chain = usart_interrupt_enable
</UL>
<BR>[Called By]<UL><LI><a href="#[ed]">&gt;&gt;</a>&nbsp;&nbsp;&nbsp;usart1_config
</UL>

<P><STRONG><a name="[105]"></a>usart_receiver_enable</STRONG> (Thumb, 10 bytes, Stack size 0 bytes, at32f403a_407_usart.o(i.usart_receiver_enable))
<BR><BR>[Called By]<UL><LI><a href="#[ed]">&gt;&gt;</a>&nbsp;&nbsp;&nbsp;usart1_config
</UL>

<P><STRONG><a name="[104]"></a>usart_transmitter_enable</STRONG> (Thumb, 10 bytes, Stack size 0 bytes, at32f403a_407_usart.o(i.usart_transmitter_enable))
<BR><BR>[Called By]<UL><LI><a href="#[ed]">&gt;&gt;</a>&nbsp;&nbsp;&nbsp;usart1_config
</UL>
<P>
<H3>
Local Symbols
</H3>
<P><STRONG><a name="[a9]"></a>__NVIC_SystemReset</STRONG> (Thumb, 32 bytes, Stack size 0 bytes, command.o(i.__NVIC_SystemReset))
<BR><BR>[Called By]<UL><LI><a href="#[63]">&gt;&gt;</a>&nbsp;&nbsp;&nbsp;SystemReset
<LI><a href="#[6b]">&gt;&gt;</a>&nbsp;&nbsp;&nbsp;SetReadWrite
<LI><a href="#[64]">&gt;&gt;</a>&nbsp;&nbsp;&nbsp;FactoryReset
</UL>

<P><STRONG><a name="[df]"></a>_fp_digits</STRONG> (Thumb, 366 bytes, Stack size 64 bytes, printfa.o(i._fp_digits), UNUSED)
<BR><BR>[Calls]<UL><LI><a href="#[77]">&gt;&gt;</a>&nbsp;&nbsp;&nbsp;__aeabi_dmul
<LI><a href="#[78]">&gt;&gt;</a>&nbsp;&nbsp;&nbsp;__aeabi_ddiv
<LI><a href="#[7f]">&gt;&gt;</a>&nbsp;&nbsp;&nbsp;__aeabi_dadd
<LI><a href="#[e0]">&gt;&gt;</a>&nbsp;&nbsp;&nbsp;__aeabi_cdrcmple
<LI><a href="#[92]">&gt;&gt;</a>&nbsp;&nbsp;&nbsp;__aeabi_d2ulz
<LI><a href="#[8b]">&gt;&gt;</a>&nbsp;&nbsp;&nbsp;__aeabi_uldivmod
</UL>
<BR>[Called By]<UL><LI><a href="#[dc]">&gt;&gt;</a>&nbsp;&nbsp;&nbsp;_printf_core
</UL>

<P><STRONG><a name="[dc]"></a>_printf_core</STRONG> (Thumb, 1704 bytes, Stack size 136 bytes, printfa.o(i._printf_core), UNUSED)
<BR><BR>[Calls]<UL><LI><a href="#[e1]">&gt;&gt;</a>&nbsp;&nbsp;&nbsp;_printf_pre_padding
<LI><a href="#[e2]">&gt;&gt;</a>&nbsp;&nbsp;&nbsp;_printf_post_padding
<LI><a href="#[df]">&gt;&gt;</a>&nbsp;&nbsp;&nbsp;_fp_digits
<LI><a href="#[8b]">&gt;&gt;</a>&nbsp;&nbsp;&nbsp;__aeabi_uldivmod
<LI><a href="#[e3]">&gt;&gt;</a>&nbsp;&nbsp;&nbsp;__aeabi_uidivmod
</UL>
<BR>[Called By]<UL><LI><a href="#[db]">&gt;&gt;</a>&nbsp;&nbsp;&nbsp;__0vsprintf
</UL>

<P><STRONG><a name="[e2]"></a>_printf_post_padding</STRONG> (Thumb, 36 bytes, Stack size 24 bytes, printfa.o(i._printf_post_padding), UNUSED)
<BR><BR>[Called By]<UL><LI><a href="#[dc]">&gt;&gt;</a>&nbsp;&nbsp;&nbsp;_printf_core
</UL>

<P><STRONG><a name="[e1]"></a>_printf_pre_padding</STRONG> (Thumb, 46 bytes, Stack size 24 bytes, printfa.o(i._printf_pre_padding), UNUSED)
<BR><BR>[Called By]<UL><LI><a href="#[dc]">&gt;&gt;</a>&nbsp;&nbsp;&nbsp;_printf_core
</UL>

<P><STRONG><a name="[5f]"></a>_sputc</STRONG> (Thumb, 10 bytes, Stack size 0 bytes, printfa.o(i._sputc))
<BR><BR>[Called By]<UL><LI><a href="#[db]">&gt;&gt;</a>&nbsp;&nbsp;&nbsp;__0vsprintf
</UL>
<BR>[Address Reference Count : 1]<UL><LI> printfa.o(i.__0vsprintf)
</UL>
<P><STRONG><a name="[75]"></a>_fp_value</STRONG> (Thumb, 296 bytes, Stack size 64 bytes, scanf_fp.o(.text), UNUSED)
<BR><BR>[Calls]<UL><LI><a href="#[77]">&gt;&gt;</a>&nbsp;&nbsp;&nbsp;__aeabi_dmul
<LI><a href="#[78]">&gt;&gt;</a>&nbsp;&nbsp;&nbsp;__aeabi_ddiv
<LI><a href="#[76]">&gt;&gt;</a>&nbsp;&nbsp;&nbsp;__aeabi_ul2d
</UL>
<BR>[Called By]<UL><LI><a href="#[79]">&gt;&gt;</a>&nbsp;&nbsp;&nbsp;_scanf_really_real
</UL>

<P><STRONG><a name="[5d]"></a>_scanf_char_input</STRONG> (Thumb, 12 bytes, Stack size 0 bytes, scanf_char.o(.text))
<BR>[Address Reference Count : 1]<UL><LI> scanf_char.o(.text)
</UL>
<P><STRONG><a name="[8d]"></a>_local_sscanf</STRONG> (Thumb, 54 bytes, Stack size 56 bytes, strtod.o(.text))
<BR><BR>[Stack]<UL><LI>Max Depth = 160<LI>Call Chain = _local_sscanf &rArr; _scanf_real
</UL>
<BR>[Calls]<UL><LI><a href="#[8e]">&gt;&gt;</a>&nbsp;&nbsp;&nbsp;_scanf_real
</UL>
<BR>[Called By]<UL><LI><a href="#[8f]">&gt;&gt;</a>&nbsp;&nbsp;&nbsp;__strtod_int
</UL>
<P>
<H3>
Undefined Global Symbols
</H3><HR></body></html>
