<html>
<body>
<pre>
<h1>µVision Build Log</h1>
<h2>Tool Versions:</h2>
IDE-Version: ¦ÌVision V5.36.0.0
Copyright (C) 2021 ARM Ltd and ARM Germany GmbH. All rights reserved.
License Information: MDK Karl, MDK, LIC=MGXG8-3K9PW-5BWEB-2G47P-P01Q3-NQNM9
 
Tool Versions:
Toolchain:       MDK-ARM Professional  Version: 5.36.0.0
Toolchain Path:  D:\Keil_v5\ARM\ARMCC\Bin
C Compiler:      Armcc.exe V5.06 update 7 (build 960)
Assembler:       Armasm.exe V5.06 update 7 (build 960)
Linker/Locator:  ArmLink.exe V5.06 update 7 (build 960)
Library Manager: ArmAr.exe V5.06 update 7 (build 960)
Hex Converter:   FromElf.exe V5.06 update 7 (build 960)
CPU DLL:         SARMCM3.DLL V5.36.0.0
Dialog DLL:      DCM.DLL V1.17.3.0
Target DLL:      Segger\JL2CM3.dll V2.99.40.0
Dialog DLL:      TCM.DLL V1.53.0.0
 
<h2>Project:</h2>
C:\Users\Karl\Desktop\Âí´ïVOA\J2-1_V65.3\Project\mdk_v5\project.uvprojx
Project File Date:  08/21/2024

<h2>Output:</h2>
*** Using Compiler 'V5.06 update 7 (build 960)', folder: 'D:\Keil_v5\ARM\ARMCC\Bin'
Rebuild target 'project'
compiling at32f403a_407_clock.c...
compiling Temperature.c...
compiling at32f403a_407_can.c...
compiling main.c...
compiling at32f403a_407_adc.c...
compiling at32f403a_407_int.c...
compiling GP8211S.c...
compiling at32f403a_407_crc.c...
compiling SPIdrive.c...
compiling at32f403a_407_bpr.c...
compiling Initial.c...
compiling InteriorAD.c...
compiling spiFlash.c...
compiling at32f403a_407_acc.c...
compiling Delay.c...
compiling SerialPort.c...
compiling Function.c...
compiling IOstream.c...
compiling simulateIIC.c...
compiling Command.c...
compiling at32f403a_407_crm.c...
compiling at32f403a_407_debug.c...
compiling at32f403a_407_emac.c...
compiling at32f403a_407_dac.c...
compiling at32f403a_407_dma.c...
compiling at32f403a_407_exint.c...
compiling at32f403a_407_gpio.c...
compiling at32f403a_407_misc.c...
compiling at32f403a_407_flash.c...
compiling at32f403a_407_i2c.c...
compiling at32f403a_407_pwc.c...
assembling startup_at32f403a_407.s...
compiling at32f403a_407_rtc.c...
compiling at32f403a_407_sdio.c...
compiling at32f403a_407_spi.c...
compiling at32f403a_407_usart.c...
compiling at32f403a_407_tmr.c...
compiling at32f403a_407_wdt.c...
compiling at32f403a_407_usb.c...
compiling at32f403a_407_wwdt.c...
compiling system_at32f403a_407.c...
compiling at32f403a_407_xmc.c...
linking...
Program Size: Code=23360 RO-data=1592 RW-data=24 ZI-data=2056  
FromELF: creating hex file...
".\objects\template.axf" - 0 Error(s), 0 Warning(s).

<h2>Software Packages used:</h2>

Package Vendor: ArteryTek
                
                ArteryTek.AT32F403A_407_DFP.2.1.2
                ArteryTek AT32F403A_407 Series Device Support,Drivers

<h2>Collection of Component include folders:</h2>
  D:\Packs\ArteryTek\AT32F403A_407_DFP\2.1.2\Device\Include

<h2>Collection of Component Files used:</h2>
Build Time Elapsed:  00:00:02
</pre>
</body>
</html>
