Component: ARM Compiler 5.06 update 7 (build 960) Tool: armlink [4d3601]

==============================================================================

Section Cross References

    main.o(i.main) refers to at32f403a_407_clock.o(i.system_clock_config) for system_clock_config
    main.o(i.main) refers to initial.o(i.SysTickConfigure) for SysTickConfigure
    main.o(i.main) refers to iostream.o(i.ioConfig) for ioConfig
    main.o(i.main) refers to simulateiic.o(i.swIIC_config) for swIIC_config
    main.o(i.main) refers to spidrive.o(i.SPI1_Config) for SPI1_Config
    main.o(i.main) refers to initial.o(i.epramInitialize) for epramInitialize
    main.o(i.main) refers to function.o(i.IndexToBaudrate) for IndexToBaudrate
    main.o(i.main) refers to serialport.o(i.usart1_config) for usart1_config
    main.o(i.main) refers to interiorad.o(i.InterADconfig) for InterADconfig
    main.o(i.main) refers to initial.o(i.bsp_Init) for bsp_Init
    main.o(i.main) refers to command.o(i.rxCommand) for rxCommand
    main.o(i.main) refers to temperature.o(i.AcquisitMCP9700A) for AcquisitMCP9700A
    main.o(i.main) refers to function.o(i.WorkStateLED) for WorkStateLED
    main.o(i.main) refers to initial.o(.bss) for params
    at32f403a_407_int.o(i.SysTick_Handler) refers to serialport.o(.data) for pUART
    at32f403a_407_int.o(i.SysTick_Handler) refers to temperature.o(.bss) for sTempere
    at32f403a_407_int.o(i.UART4_IRQHandler) refers to at32f403a_407_usart.o(i.usart_flag_get) for usart_flag_get
    at32f403a_407_int.o(i.UART4_IRQHandler) refers to at32f403a_407_usart.o(i.usart_flag_clear) for usart_flag_clear
    at32f403a_407_int.o(i.USART1_IRQHandler) refers to at32f403a_407_usart.o(i.usart_flag_get) for usart_flag_get
    at32f403a_407_int.o(i.USART1_IRQHandler) refers to at32f403a_407_usart.o(i.usart_flag_clear) for usart_flag_clear
    at32f403a_407_int.o(i.USART1_IRQHandler) refers to serialport.o(.data) for pUART
    at32f403a_407_int.o(i.USART2_IRQHandler) refers to at32f403a_407_usart.o(i.usart_flag_get) for usart_flag_get
    at32f403a_407_int.o(i.USART2_IRQHandler) refers to at32f403a_407_usart.o(i.usart_flag_clear) for usart_flag_clear
    at32f403a_407_int.o(i.USART3_IRQHandler) refers to at32f403a_407_usart.o(i.usart_flag_get) for usart_flag_get
    at32f403a_407_int.o(i.USART3_IRQHandler) refers to at32f403a_407_usart.o(i.usart_flag_clear) for usart_flag_clear
    at32f403a_407_clock.o(i.system_clock_config) refers to at32f403a_407_crm.o(i.crm_reset) for crm_reset
    at32f403a_407_clock.o(i.system_clock_config) refers to at32f403a_407_crm.o(i.crm_clock_source_enable) for crm_clock_source_enable
    at32f403a_407_clock.o(i.system_clock_config) refers to at32f403a_407_crm.o(i.crm_flag_get) for crm_flag_get
    at32f403a_407_clock.o(i.system_clock_config) refers to at32f403a_407_crm.o(i.crm_pll_config) for crm_pll_config
    at32f403a_407_clock.o(i.system_clock_config) refers to at32f403a_407_crm.o(i.crm_ahb_div_set) for crm_ahb_div_set
    at32f403a_407_clock.o(i.system_clock_config) refers to at32f403a_407_crm.o(i.crm_apb2_div_set) for crm_apb2_div_set
    at32f403a_407_clock.o(i.system_clock_config) refers to at32f403a_407_crm.o(i.crm_apb1_div_set) for crm_apb1_div_set
    at32f403a_407_clock.o(i.system_clock_config) refers to at32f403a_407_crm.o(i.crm_auto_step_mode_enable) for crm_auto_step_mode_enable
    at32f403a_407_clock.o(i.system_clock_config) refers to at32f403a_407_crm.o(i.crm_sysclk_switch) for crm_sysclk_switch
    at32f403a_407_clock.o(i.system_clock_config) refers to at32f403a_407_crm.o(i.crm_sysclk_switch_status_get) for crm_sysclk_switch_status_get
    at32f403a_407_clock.o(i.system_clock_config) refers to system_at32f403a_407.o(i.system_core_clock_update) for system_core_clock_update
    iostream.o(i.exint_line15_config) refers to at32f403a_407_crm.o(i.crm_periph_clock_enable) for crm_periph_clock_enable
    iostream.o(i.exint_line15_config) refers to at32f403a_407_gpio.o(i.gpio_exint_line_config) for gpio_exint_line_config
    iostream.o(i.exint_line15_config) refers to at32f403a_407_exint.o(i.exint_default_para_init) for exint_default_para_init
    iostream.o(i.exint_line15_config) refers to at32f403a_407_exint.o(i.exint_init) for exint_init
    iostream.o(i.exint_line15_config) refers to at32f403a_407_misc.o(i.nvic_priority_group_config) for nvic_priority_group_config
    iostream.o(i.exint_line15_config) refers to at32f403a_407_misc.o(i.nvic_irq_enable) for nvic_irq_enable
    iostream.o(i.ioConfig) refers to at32f403a_407_crm.o(i.crm_periph_clock_enable) for crm_periph_clock_enable
    iostream.o(i.ioConfig) refers to at32f403a_407_gpio.o(i.gpio_init) for gpio_init
    iostream.o(i.ioConfig) refers to at32f403a_407_gpio.o(i.gpio_pin_remap_config) for gpio_pin_remap_config
    iostream.o(.data) refers to iostream.o(.bss) for button
    initial.o(i.SysTickConfigure) refers to at32f403a_407_misc.o(i.systick_clock_source_config) for systick_clock_source_config
[...]
    ..\..\libraries\drivers\src\at32f403a_407_usb.c 0x00000000   Number         0  at32f403a_407_usb.o ABSOLUTE
    ..\..\libraries\drivers\src\at32f403a_407_wdt.c 0x00000000   Number         0  at32f403a_407_wdt.o ABSOLUTE
    ..\..\libraries\drivers\src\at32f403a_407_wwdt.c 0x00000000   Number         0  at32f403a_407_wwdt.o ABSOLUTE
    ..\..\libraries\drivers\src\at32f403a_407_xmc.c 0x00000000   Number         0  at32f403a_407_xmc.o ABSOLUTE
    ..\\..\\libraries\\cmsis\\cm4\\device_support\\system_at32f403a_407.c 0x00000000   Number         0  system_at32f403a_407.o ABSOLUTE
    ..\\..\\libraries\\drivers\\src\\at32f403a_407_acc.c 0x00000000   Number         0  at32f403a_407_acc.o ABSOLUTE
    ..\\..\\libraries\\drivers\\src\\at32f403a_407_adc.c 0x00000000   Number         0  at32f403a_407_adc.o ABSOLUTE
    ..\\..\\libraries\\drivers\\src\\at32f403a_407_bpr.c 0x00000000   Number         0  at32f403a_407_bpr.o ABSOLUTE
    ..\\..\\libraries\\drivers\\src\\at32f403a_407_can.c 0x00000000   Number         0  at32f403a_407_can.o ABSOLUTE
    ..\\..\\libraries\\drivers\\src\\at32f403a_407_crc.c 0x00000000   Number         0  at32f403a_407_crc.o ABSOLUTE
    ..\\..\\libraries\\drivers\\src\\at32f403a_407_crm.c 0x00000000   Number         0  at32f403a_407_crm.o ABSOLUTE
    ..\\..\\libraries\\drivers\\src\\at32f403a_407_dac.c 0x00000000   Number         0  at32f403a_407_dac.o ABSOLUTE
    ..\\..\\libraries\\drivers\\src\\at32f403a_407_debug.c 0x00000000   Number         0  at32f403a_407_debug.o ABSOLUTE
    ..\\..\\libraries\\drivers\\src\\at32f403a_407_dma.c 0x00000000   Number         0  at32f403a_407_dma.o ABSOLUTE
    ..\\..\\libraries\\drivers\\src\\at32f403a_407_emac.c 0x00000000   Number         0  at32f403a_407_emac.o ABSOLUTE
    ..\\..\\libraries\\drivers\\src\\at32f403a_407_exint.c 0x00000000   Number         0  at32f403a_407_exint.o ABSOLUTE
    ..\\..\\libraries\\drivers\\src\\at32f403a_407_flash.c 0x00000000   Number         0  at32f403a_407_flash.o ABSOLUTE
    ..\\..\\libraries\\drivers\\src\\at32f403a_407_gpio.c 0x00000000   Number         0  at32f403a_407_gpio.o ABSOLUTE
    ..\\..\\libraries\\drivers\\src\\at32f403a_407_i2c.c 0x00000000   Number         0  at32f403a_407_i2c.o ABSOLUTE
    ..\\..\\libraries\\drivers\\src\\at32f403a_407_misc.c 0x00000000   Number         0  at32f403a_407_misc.o ABSOLUTE
    ..\\..\\libraries\\drivers\\src\\at32f403a_407_pwc.c 0x00000000   Number         0  at32f403a_407_pwc.o ABSOLUTE
    ..\\..\\libraries\\drivers\\src\\at32f403a_407_rtc.c 0x00000000   Number         0  at32f403a_407_rtc.o ABSOLUTE
    ..\\..\\libraries\\drivers\\src\\at32f403a_407_sdio.c 0x00000000   Number         0  at32f403a_407_sdio.o ABSOLUTE
    ..\\..\\libraries\\drivers\\src\\at32f403a_407_spi.c 0x00000000   Number         0  at32f403a_407_spi.o ABSOLUTE
    ..\\..\\libraries\\drivers\\src\\at32f403a_407_tmr.c 0x00000000   Number         0  at32f403a_407_tmr.o ABSOLUTE
    ..\\..\\libraries\\drivers\\src\\at32f403a_407_usart.c 0x00000000   Number         0  at32f403a_407_usart.o ABSOLUTE
    ..\\..\\libraries\\drivers\\src\\at32f403a_407_usb.c 0x00000000   Number         0  at32f403a_407_usb.o ABSOLUTE
    ..\\..\\libraries\\drivers\\src\\at32f403a_407_wdt.c 0x00000000   Number         0  at32f403a_407_wdt.o ABSOLUTE
    ..\\..\\libraries\\drivers\\src\\at32f403a_407_wwdt.c 0x00000000   Number         0  at32f403a_407_wwdt.o ABSOLUTE
    ..\\..\\libraries\\drivers\\src\\at32f403a_407_xmc.c 0x00000000   Number         0  at32f403a_407_xmc.o ABSOLUTE
    ..\\bsp\\src\\Command.c                  0x00000000   Number         0  command.o ABSOLUTE
    ..\\bsp\\src\\Delay.c                    0x00000000   Number         0  delay.o ABSOLUTE
    ..\\bsp\\src\\Function.c                 0x00000000   Number         0  function.o ABSOLUTE
    ..\\bsp\\src\\GP8211S.c                  0x00000000   Number         0  gp8211s.o ABSOLUTE
    ..\\bsp\\src\\IOstream.c                 0x00000000   Number         0  iostream.o ABSOLUTE
    ..\\bsp\\src\\Initial.c                  0x00000000   Number         0  initial.o ABSOLUTE
    ..\\bsp\\src\\InteriorAD.c               0x00000000   Number         0  interiorad.o ABSOLUTE
    ..\\bsp\\src\\SPIdrive.c                 0x00000000   Number         0  spidrive.o ABSOLUTE
    ..\\bsp\\src\\SerialPort.c               0x00000000   Number         0  serialport.o ABSOLUTE
    ..\\bsp\\src\\Temperature.c              0x00000000   Number         0  temperature.o ABSOLUTE
    ..\\bsp\\src\\at32f403a_407_clock.c      0x00000000   Number         0  at32f403a_407_clock.o ABSOLUTE
    ..\\bsp\\src\\at32f403a_407_int.c        0x00000000   Number         0  at32f403a_407_int.o ABSOLUTE
    ..\\bsp\\src\\main.c                     0x00000000   Number         0  main.o ABSOLUTE
    ..\\bsp\\src\\simulateIIC.c              0x00000000   Number         0  simulateiic.o ABSOLUTE
    ..\\bsp\\src\\spiFlash.c                 0x00000000   Number         0  spiflash.o ABSOLUTE
    ..\bsp\src\Command.c                     0x00000000   Number         0  command.o ABSOLUTE
    ..\bsp\src\Delay.c                       0x00000000   Number         0  delay.o ABSOLUTE
    ..\bsp\src\Function.c                    0x00000000   Number         0  function.o ABSOLUTE
    ..\bsp\src\GP8211S.c                     0x00000000   Number         0  gp8211s.o ABSOLUTE
    ..\bsp\src\IOstream.c                    0x00000000   Number         0  iostream.o ABSOLUTE
    ..\bsp\src\Initial.c                     0x00000000   Number         0  initial.o ABSOLUTE
    ..\bsp\src\InteriorAD.c                  0x00000000   Number         0  interiorad.o ABSOLUTE
    ..\bsp\src\SPIdrive.c                    0x00000000   Number         0  spidrive.o ABSOLUTE
    ..\bsp\src\SerialPort.c                  0x00000000   Number         0  serialport.o ABSOLUTE
    ..\bsp\src\Temperature.c                 0x00000000   Number         0  temperature.o ABSOLUTE
    ..\bsp\src\at32f403a_407_clock.c         0x00000000   Number         0  at32f403a_407_clock.o ABSOLUTE
    ..\bsp\src\at32f403a_407_int.c           0x00000000   Number         0  at32f403a_407_int.o ABSOLUTE
    ..\bsp\src\main.c                        0x00000000   Number         0  main.o ABSOLUTE
    ..\bsp\src\simulateIIC.c                 0x00000000   Number         0  simulateiic.o ABSOLUTE
    ..\bsp\src\spiFlash.c                    0x00000000   Number         0  spiflash.o ABSOLUTE
    cdcmple.s                                0x00000000   Number         0  cdcmple.o ABSOLUTE
    cdrcmple.s                               0x00000000   Number         0  cdrcmple.o ABSOLUTE
    dc.s                                     0x00000000   Number         0  dc.o ABSOLUTE
    handlers.s                               0x00000000   Number         0  handlers.o ABSOLUTE
    init.s                                   0x00000000   Number         0  init.o ABSOLUTE
    RESET                                    0x08000000   Section      388  startup_at32f403a_407.o(RESET)
    .ARM.Collect$$$$00000000                 0x08000184   Section        0  entry.o(.ARM.Collect$$$$00000000)
    .ARM.Collect$$$$00000001                 0x08000184   Section        4  entry2.o(.ARM.Collect$$$$00000001)
    .ARM.Collect$$$$00000004                 0x08000188   Section        4  entry5.o(.ARM.Collect$$$$00000004)
    .ARM.Collect$$$$00000008                 0x0800018c   Section        0  entry7b.o(.ARM.Collect$$$$00000008)
    .ARM.Collect$$$$0000000A                 0x0800018c   Section        0  entry8b.o(.ARM.Collect$$$$0000000A)
    .ARM.Collect$$$$0000000B                 0x0800018c   Section        8  entry9a.o(.ARM.Collect$$$$0000000B)
    .ARM.Collect$$$$0000000E                 0x08000194   Section        4  entry12b.o(.ARM.Collect$$$$0000000E)
    .ARM.Collect$$$$0000000F                 0x08000198   Section        0  entry10a.o(.ARM.Collect$$$$0000000F)
    .ARM.Collect$$$$00000011                 0x08000198   Section        0  entry11a.o(.ARM.Collect$$$$00000011)
    .ARM.Collect$$$$00002712                 0x08000198   Section        4  entry2.o(.ARM.Collect$$$$00002712)
    __lit__00000000                          0x08000198   Data           4  entry2.o(.ARM.Collect$$$$00002712)
    .text                                    0x0800019c   Section       36  startup_at32f403a_407.o(.text)
    $v0                                      0x0800019c   Number         0  startup_at32f403a_407.o(.text)
    .text                                    0x080001c0   Section        0  memcpya.o(.text)
    .text                                    0x080001e4   Section        0  memseta.o(.text)
    .text                                    0x08000208   Section        0  strncpy.o(.text)
    .text                                    0x08000220   Section        0  strlen.o(.text)
    .text                                    0x0800022e   Section        0  strcmp.o(.text)
    .text                                    0x0800024c   Section        0  __0sscanf.o(.text)
    .text                                    0x08000284   Section        0  _scanf_int.o(.text)
    .text                                    0x080003d0   Section        0  _scanf_str.o(.text)
    .text                                    0x080004b0   Section        0  scanf_fp.o(.text)
    _fp_value                                0x080004b1   Thumb Code   296  scanf_fp.o(.text)
    .text                                    0x08000810   Section        0  atoi.o(.text)
    .text                                    0x0800082a   Section        0  dadd.o(.text)
    .text                                    0x08000978   Section        0  dmul.o(.text)
    .text                                    0x08000a5c   Section        0  ddiv.o(.text)
    .text                                    0x08000b3a   Section        0  dfltui.o(.text)
    .text                                    0x08000b54   Section        0  dfixi.o(.text)
    .text                                    0x08000b92   Section        0  dfixui.o(.text)
    .text                                    0x08000bc4   Section        0  f2d.o(.text)
    .text                                    0x08000bec   Section       48  cdcmple.o(.text)
    .text                                    0x08000c1c   Section       48  cdrcmple.o(.text)
    .text                                    0x08000c4c   Section        0  d2f.o(.text)
    .text                                    0x08000c84   Section        0  uidiv.o(.text)
    .text                                    0x08000cb0   Section        0  uldiv.o(.text)
    .text                                    0x08000d12   Section        0  llshl.o(.text)
    .text                                    0x08000d30   Section        0  llushr.o(.text)
    .text                                    0x08000d50   Section        0  llsshr.o(.text)
    .text                                    0x08000d74   Section        0  _chval.o(.text)
    .text                                    0x08000d90   Section        0  scanf_char.o(.text)
    _scanf_char_input                        0x08000d91   Thumb Code    12  scanf_char.o(.text)
    .text                                    0x08000db8   Section        0  _sgetc.o(.text)
    .text                                    0x08000df8   Section        0  strtod.o(.text)
    _local_sscanf                            0x08000df9   Thumb Code    54  strtod.o(.text)
    .text                                    0x08000e94   Section        0  strtol.o(.text)
    .text                                    0x08000f04   Section        0  iusefp.o(.text)
    .text                                    0x08000f04   Section        0  fepilogue.o(.text)
    .text                                    0x08000f72   Section        0  depilogue.o(.text)
    .text                                    0x0800102c   Section        0  dfltul.o(.text)
    .text                                    0x08001044   Section        0  dfixul.o(.text)
    .text                                    0x08001074   Section       36  init.o(.text)
    .text                                    0x08001098   Section        0  ctype_o.o(.text)
    .text                                    0x080010a0   Section        0  isspace_o.o(.text)
    .text                                    0x080010b4   Section        0  _scanf.o(.text)
    .text                                    0x080013e4   Section        0  _strtoul.o(.text)
    i.ADC1_GetSingle                         0x08001484   Section        0  interiorad.o(i.ADC1_GetSingle)
    i.AcquisitMCP9700A                       0x080014b8   Section        0  temperature.o(i.AcquisitMCP9700A)
    i.BaudrateUART                           0x08001548   Section        0  command.o(i.BaudrateUART)
    i.BusFault_Handler                       0x08001630   Section        0  at32f403a_407_int.o(i.BusFault_Handler)
    i.CalculatingLevel                       0x08001634   Section        0  spiflash.o(i.CalculatingLevel)
    i.Clr_IIC_SCL                            0x080017f4   Section        0  simulateiic.o(i.Clr_IIC_SCL)
    i.Clr_IIC_SDA                            0x0800185c   Section        0  simulateiic.o(i.Clr_IIC_SDA)
    i.DebugMon_Handler                       0x080018c4   Section        0  at32f403a_407_int.o(i.DebugMon_Handler)
    i.FactoryReset                           0x080018c8   Section        0  command.o(i.FactoryReset)
    i.GP8211S_Power                          0x08001904   Section        0  gp8211s.o(i.GP8211S_Power)
    i.HardFault_Handler                      0x0800197c   Section        0  at32f403a_407_int.o(i.HardFault_Handler)
    i.IIC_Recelve_Ack                        0x08001980   Section        0  simulateiic.o(i.IIC_Recelve_Ack)
    i.IIC_Start                              0x080019c2   Section        0  simulateiic.o(i.IIC_Start)
    i.IIC_Stop                               0x080019e6   Section        0  simulateiic.o(i.IIC_Stop)
    i.IIC_WRITE_BYTE                         0x08001a0a   Section        0  simulateiic.o(i.IIC_WRITE_BYTE)
    i.IIC_WriteGP8211S                       0x08001a54   Section        0  gp8211s.o(i.IIC_WriteGP8211S)
    i.IndexToBaudrate                        0x08001ac8   Section        0  function.o(i.IndexToBaudrate)
    i.InterADconfig                          0x08001b7c   Section        0  interiorad.o(i.InterADconfig)
    i.LevelValueDispose                      0x08001c28   Section        0  command.o(i.LevelValueDispose)
    i.MemManage_Handler                      0x08001f08   Section        0  at32f403a_407_int.o(i.MemManage_Handler)
    i.NMI_Handler                            0x08001f0c   Section        0  at32f403a_407_int.o(i.NMI_Handler)
    i.PendSV_Handler                         0x08001f0e   Section        0  at32f403a_407_int.o(i.PendSV_Handler)
    i.QueryPoint                             0x08001f10   Section        0  spiflash.o(i.QueryPoint)
    i.ReadParamet                            0x08001fdc   Section        0  spiflash.o(i.ReadParamet)
    i.ReadSelectSwitch                       0x0800207c   Section        0  command.o(i.ReadSelectSwitch)
    i.ReadVersion                            0x08002504   Section        0  command.o(i.ReadVersion)
    i.ReadWriteBoardIDN                      0x08002624   Section        0  command.o(i.ReadWriteBoardIDN)
    i.ReadWriteMaxCH                         0x08002718   Section        0  command.o(i.ReadWriteMaxCH)
    i.RebackCharacter                        0x0800283c   Section        0  command.o(i.RebackCharacter)
    i.SDA_IN                                 0x080028c4   Section        0  simulateiic.o(i.SDA_IN)
    i.SDA_OUT                                0x080029e8   Section        0  simulateiic.o(i.SDA_OUT)
    i.SPI1_Config                            0x08002b0c   Section        0  spidrive.o(i.SPI1_Config)
    i.SVC_Handler                            0x08002be0   Section        0  at32f403a_407_int.o(i.SVC_Handler)
    i.SaveParamet                            0x08002be2   Section        0  spiflash.o(i.SaveParamet)
    i.SaveSelectSwitch                       0x08002c7c   Section        0  command.o(i.SaveSelectSwitch)
    i.SetReadWrite                           0x08002d00   Section        0  command.o(i.SetReadWrite)
    i.Set_IIC_SCL                            0x080035f8   Section        0  simulateiic.o(i.Set_IIC_SCL)
    i.Set_IIC_SDA                            0x08003660   Section        0  simulateiic.o(i.Set_IIC_SDA)
    i.StorageDevice                          0x080036c8   Section        0  spiflash.o(i.StorageDevice)
    i.SysTickConfigure                       0x080037f0   Section        0  initial.o(i.SysTickConfigure)
    i.SysTick_Handler                        0x08003854   Section        0  at32f403a_407_int.o(i.SysTick_Handler)
    i.SystemInit                             0x080038b0   Section        0  system_at32f403a_407.o(i.SystemInit)
    i.SystemReset                            0x08003920   Section        0  command.o(i.SystemReset)
    i.UART4_IRQHandler                       0x08003940   Section        0  at32f403a_407_int.o(i.UART4_IRQHandler)
    i.USART1_IRQHandler                      0x0800395c   Section        0  at32f403a_407_int.o(i.USART1_IRQHandler)
    i.USART2_IRQHandler                      0x08003a1c   Section        0  at32f403a_407_int.o(i.USART2_IRQHandler)
    i.USART3_IRQHandler                      0x08003a38   Section        0  at32f403a_407_int.o(i.USART3_IRQHandler)
    i.UsageFault_Handler                     0x08003a54   Section        0  at32f403a_407_int.o(i.UsageFault_Handler)
    i.WorkStateLED                           0x08003a58   Section        0  function.o(i.WorkStateLED)
    i.__0vsprintf                            0x08003a90   Section        0  printfa.o(i.__0vsprintf)
    i.__NVIC_SystemReset                     0x08003ab4   Section        0  command.o(i.__NVIC_SystemReset)
    __NVIC_SystemReset                       0x08003ab5   Thumb Code    32  command.o(i.__NVIC_SystemReset)
    i.__aeabi_errno_addr                     0x08003adc   Section        0  errno.o(i.__aeabi_errno_addr)
    i.__hardfp_atof                          0x08003ae8   Section        0  atof.o(i.__hardfp_atof)
    i.__read_errno                           0x08003b20   Section        0  errno.o(i.__read_errno)
    i.__scatterload_copy                     0x08003b2c   Section       14  handlers.o(i.__scatterload_copy)
    i.__scatterload_null                     0x08003b3a   Section        2  handlers.o(i.__scatterload_null)
    i.__scatterload_zeroinit                 0x08003b3c   Section       14  handlers.o(i.__scatterload_zeroinit)
    i.__set_errno                            0x08003b4c   Section        0  errno.o(i.__set_errno)
    i._fp_digits                             0x08003b58   Section        0  printfa.o(i._fp_digits)
    _fp_digits                               0x08003b59   Thumb Code   366  printfa.o(i._fp_digits)
    i._is_digit                              0x08003cdc   Section        0  scanf_fp.o(i._is_digit)
    i._printf_core                           0x08003cec   Section        0  printfa.o(i._printf_core)
    _printf_core                             0x08003ced   Thumb Code  1704  printfa.o(i._printf_core)
    i._printf_post_padding                   0x080043a0   Section        0  printfa.o(i._printf_post_padding)
    _printf_post_padding                     0x080043a1   Thumb Code    36  printfa.o(i._printf_post_padding)
    i._printf_pre_padding                    0x080043c4   Section        0  printfa.o(i._printf_pre_padding)
    _printf_pre_padding                      0x080043c5   Thumb Code    46  printfa.o(i._printf_pre_padding)
    i._sputc                                 0x080043f2   Section        0  printfa.o(i._sputc)
    _sputc                                   0x080043f3   Thumb Code    10  printfa.o(i._sputc)
    i.adc_base_config                        0x080043fc   Section        0  at32f403a_407_adc.o(i.adc_base_config)
    i.adc_base_default_para_init             0x08004428   Section        0  at32f403a_407_adc.o(i.adc_base_default_para_init)
    i.adc_calibration_init                   0x08004436   Section        0  at32f403a_407_adc.o(i.adc_calibration_init)
    i.adc_calibration_init_status_get        0x08004442   Section        0  at32f403a_407_adc.o(i.adc_calibration_init_status_get)
    i.adc_calibration_start                  0x08004454   Section        0  at32f403a_407_adc.o(i.adc_calibration_start)
    i.adc_calibration_status_get             0x08004460   Section        0  at32f403a_407_adc.o(i.adc_calibration_status_get)
    i.adc_combine_mode_select                0x08004474   Section        0  at32f403a_407_adc.o(i.adc_combine_mode_select)
    i.adc_enable                             0x08004488   Section        0  at32f403a_407_adc.o(i.adc_enable)
    i.adc_flag_get                           0x08004492   Section        0  at32f403a_407_adc.o(i.adc_flag_get)
    i.adc_ordinary_channel_set               0x080044a2   Section        0  at32f403a_407_adc.o(i.adc_ordinary_channel_set)
    i.adc_ordinary_conversion_data_get       0x08004636   Section        0  at32f403a_407_adc.o(i.adc_ordinary_conversion_data_get)
    i.adc_ordinary_conversion_trigger_set    0x0800463e   Section        0  at32f403a_407_adc.o(i.adc_ordinary_conversion_trigger_set)
    i.adc_ordinary_software_trigger_enable   0x08004672   Section        0  at32f403a_407_adc.o(i.adc_ordinary_software_trigger_enable)
    i.bsp_Init                               0x0800467c   Section        0  initial.o(i.bsp_Init)
    i.crm_adc_clock_div_set                  0x080047ec   Section        0  at32f403a_407_crm.o(i.crm_adc_clock_div_set)
    i.crm_ahb_div_set                        0x0800480c   Section        0  at32f403a_407_crm.o(i.crm_ahb_div_set)
    i.crm_apb1_div_set                       0x08004820   Section        0  at32f403a_407_crm.o(i.crm_apb1_div_set)
    i.crm_apb2_div_set                       0x08004834   Section        0  at32f403a_407_crm.o(i.crm_apb2_div_set)
    i.crm_auto_step_mode_enable              0x08004848   Section        0  at32f403a_407_crm.o(i.crm_auto_step_mode_enable)
    i.crm_clock_source_enable                0x08004870   Section        0  at32f403a_407_crm.o(i.crm_clock_source_enable)
    i.crm_clocks_freq_get                    0x080048d0   Section        0  at32f403a_407_crm.o(i.crm_clocks_freq_get)
    i.crm_flag_get                           0x080049fc   Section        0  at32f403a_407_crm.o(i.crm_flag_get)
    i.crm_periph_clock_enable                0x08004a2c   Section        0  at32f403a_407_crm.o(i.crm_periph_clock_enable)
    i.crm_pll_config                         0x08004a70   Section        0  at32f403a_407_crm.o(i.crm_pll_config)
    i.crm_reset                              0x08004adc   Section        0  at32f403a_407_crm.o(i.crm_reset)
    i.crm_sysclk_switch                      0x08004b34   Section        0  at32f403a_407_crm.o(i.crm_sysclk_switch)
    i.crm_sysclk_switch_status_get           0x08004b48   Section        0  at32f403a_407_crm.o(i.crm_sysclk_switch_status_get)
    i.delay_ms                               0x08004b58   Section        0  delay.o(i.delay_ms)
    i.delay_us                               0x08004b76   Section        0  delay.o(i.delay_us)
    i.epramInitialize                        0x08004b90   Section        0  initial.o(i.epramInitialize)
    i.gLowerCaseString                       0x08004c6c   Section        0  command.o(i.gLowerCaseString)
    i.gpio_bits_reset                        0x08004c9a   Section        0  at32f403a_407_gpio.o(i.gpio_bits_reset)
    i.gpio_bits_set                          0x08004c9e   Section        0  at32f403a_407_gpio.o(i.gpio_bits_set)
    i.gpio_default_para_init                 0x08004ca2   Section        0  at32f403a_407_gpio.o(i.gpio_default_para_init)
    i.gpio_init                              0x08004cb8   Section        0  at32f403a_407_gpio.o(i.gpio_init)
    i.gpio_input_data_bit_read               0x08004d60   Section        0  at32f403a_407_gpio.o(i.gpio_input_data_bit_read)
    i.gpio_pin_remap_config                  0x08004d74   Section        0  at32f403a_407_gpio.o(i.gpio_pin_remap_config)
    i.help                                   0x08004dc0   Section        0  command.o(i.help)
    i.ioConfig                               0x08004de8   Section        0  iostream.o(i.ioConfig)
    i.main                                   0x08004efc   Section        0  main.o(i.main)
    i.nvic_irq_enable                        0x08004f40   Section        0  at32f403a_407_misc.o(i.nvic_irq_enable)
    i.nvic_priority_group_config             0x08005008   Section        0  at32f403a_407_misc.o(i.nvic_priority_group_config)
    i.printfx                                0x08005030   Section        0  serialport.o(i.printfx)
    i.printx                                 0x0800505c   Section        0  serialport.o(i.printx)
    i.readSDA                                0x0800507c   Section        0  simulateiic.o(i.readSDA)
    i.rxCommand                              0x080050f4   Section        0  command.o(i.rxCommand)
    i.spiFlash_wrByte                        0x0800531c   Section        0  spiflash.o(i.spiFlash_wrByte)
    i.spi_default_para_init                  0x08005354   Section        0  at32f403a_407_spi.o(i.spi_default_para_init)
    i.spi_enable                             0x0800536a   Section        0  at32f403a_407_spi.o(i.spi_enable)
    i.spi_flash_erase_chip                   0x08005374   Section        0  spiflash.o(i.spi_flash_erase_chip)
    i.spi_flash_erase_sector                 0x080053c4   Section        0  spiflash.o(i.spi_flash_erase_sector)
    i.spi_flash_read                         0x0800542c   Section        0  spiflash.o(i.spi_flash_read)
    i.spi_flash_write                        0x08005484   Section        0  spiflash.o(i.spi_flash_write)
    i.spi_i2s_data_receive                   0x08005534   Section        0  at32f403a_407_spi.o(i.spi_i2s_data_receive)
    i.spi_i2s_data_transmit                  0x0800553c   Section        0  at32f403a_407_spi.o(i.spi_i2s_data_transmit)
    i.spi_i2s_flag_get                       0x08005540   Section        0  at32f403a_407_spi.o(i.spi_i2s_flag_get)
    i.spi_init                               0x08005550   Section        0  at32f403a_407_spi.o(i.spi_init)
    i.spiflash_wait_busy                     0x08005674   Section        0  spiflash.o(i.spiflash_wait_busy)
    i.sprintfx                               0x080056cc   Section        0  serialport.o(i.sprintfx)
    i.stateVOA                               0x08005724   Section        0  spiflash.o(i.stateVOA)
    i.swIIC_config                           0x080058bc   Section        0  simulateiic.o(i.swIIC_config)
    i.system_clock_config                    0x08005974   Section        0  at32f403a_407_clock.o(i.system_clock_config)
    i.system_core_clock_update               0x080059e0   Section        0  system_at32f403a_407.o(i.system_core_clock_update)
    i.systick_clock_source_config            0x08005ad8   Section        0  at32f403a_407_misc.o(i.systick_clock_source_config)
    i.usart1_config                          0x08005b00   Section        0  serialport.o(i.usart1_config)
    i.usart_data_transmit                    0x08005bbc   Section        0  at32f403a_407_usart.o(i.usart_data_transmit)
    i.usart_enable                           0x08005bc4   Section        0  at32f403a_407_usart.o(i.usart_enable)
    i.usart_flag_clear                       0x08005bce   Section        0  at32f403a_407_usart.o(i.usart_flag_clear)
    i.usart_flag_get                         0x08005be0   Section        0  at32f403a_407_usart.o(i.usart_flag_get)
    i.usart_init                             0x08005bf0   Section        0  at32f403a_407_usart.o(i.usart_init)
    i.usart_interrupt_enable                 0x08005c78   Section        0  at32f403a_407_usart.o(i.usart_interrupt_enable)
    i.usart_receiver_enable                  0x08005cae   Section        0  at32f403a_407_usart.o(i.usart_receiver_enable)
    i.usart_transmitter_enable               0x08005cb8   Section        0  at32f403a_407_usart.o(i.usart_transmitter_enable)
    .constdata                               0x08005cc4   Section      148  command.o(.constdata)
    .constdata                               0x08005d58   Section       40  at32f403a_407_crm.o(.constdata)
    sclk_ahb_div_table                       0x08005d58   Data          16  at32f403a_407_crm.o(.constdata)
    ahb_apb1_div_table                       0x08005d68   Data           8  at32f403a_407_crm.o(.constdata)
    ahb_apb2_div_table                       0x08005d70   Data           8  at32f403a_407_crm.o(.constdata)
    adc_div_table                            0x08005d78   Data           8  at32f403a_407_crm.o(.constdata)
    .constdata                               0x08005d80   Section       16  system_at32f403a_407.o(.constdata)
    sys_ahb_div_table                        0x08005d80   Data          16  system_at32f403a_407.o(.constdata)
    .constdata                               0x08005d90   Section      129  ctype_o.o(.constdata)
    .constdata                               0x08005e14   Section        4  ctype_o.o(.constdata)
    table                                    0x08005e14   Data           4  ctype_o.o(.constdata)
    .conststring                             0x08005e18   Section      832  command.o(.conststring)
    .data                                    0x20000000   Section        8  serialport.o(.data)
    .data                                    0x20000008   Section        3  simulateiic.o(.data)
    .data                                    0x2000000c   Section        4  function.o(.data)
    count                                    0x2000000c   Data           4  function.o(.data)
    .data                                    0x20000010   Section        4  system_at32f403a_407.o(.data)
    .data                                    0x20000014   Section        4  errno.o(.data)
    _errno                                   0x20000014   Data           4  errno.o(.data)
    .bss                                     0x20000018   Section      236  initial.o(.bss)
    .bss                                     0x20000104   Section      268  serialport.o(.bss)
    .bss                                     0x20000210   Section       16  temperature.o(.bss)
    STACK                                    0x20000220   Section     1536  startup_at32f403a_407.o(STACK)

    Global Symbols

    Symbol Name                              Value     Ov Type        Size  Object(Section)

    BuildAttributes$$THM_ISAv4$E$P$D$K$B$S$7EM$VFPi3$EXTD16$VFPS$VFMA$PE$A:L22UL41UL21$X:L11$S22US41US21$IEEE1$IW$USESV6$~STKCKD$USESV7$~SHL$OTIME$ROPI$IEEEX$EBA8$MICROLIB$REQ8$PRES8$EABIv2 0x00000000   Number         0  anon$$obj.o ABSOLUTE
    __ARM_use_no_argv                        0x00000000   Number         0  main.o ABSOLUTE
    __arm_fini_                               - Undefined Weak Reference
    __cpp_initialize__aeabi_                  - Undefined Weak Reference
    __cxa_finalize                            - Undefined Weak Reference
    __decompress                              - Undefined Weak Reference
    _clock_init                               - Undefined Weak Reference
    _microlib_exit                            - Undefined Weak Reference
    _scanf_longlong                           - Undefined Weak Reference
    __Vectors_Size                           0x00000184   Number         0  startup_at32f403a_407.o ABSOLUTE
    __Vectors                                0x08000000   Data           4  startup_at32f403a_407.o(RESET)
    __Vectors_End                            0x08000184   Data           0  startup_at32f403a_407.o(RESET)
    __main                                   0x08000185   Thumb Code     0  entry.o(.ARM.Collect$$$$00000000)
    _main_stk                                0x08000185   Thumb Code     0  entry2.o(.ARM.Collect$$$$00000001)
    _main_scatterload                        0x08000189   Thumb Code     0  entry5.o(.ARM.Collect$$$$00000004)
    __main_after_scatterload                 0x0800018d   Thumb Code     0  entry5.o(.ARM.Collect$$$$00000004)
    _main_clock                              0x0800018d   Thumb Code     0  entry7b.o(.ARM.Collect$$$$00000008)
    _main_cpp_init                           0x0800018d   Thumb Code     0  entry8b.o(.ARM.Collect$$$$0000000A)
    _main_init                               0x0800018d   Thumb Code     0  entry9a.o(.ARM.Collect$$$$0000000B)
    __rt_lib_shutdown_fini                   0x08000195   Thumb Code     0  entry12b.o(.ARM.Collect$$$$0000000E)
    __rt_final_cpp                           0x08000199   Thumb Code     0  entry10a.o(.ARM.Collect$$$$0000000F)
    __rt_final_exit                          0x08000199   Thumb Code     0  entry11a.o(.ARM.Collect$$$$00000011)
    Reset_Handler                            0x0800019d   Thumb Code     8  startup_at32f403a_407.o(.text)
    ACC_IRQHandler                           0x080001b7   Thumb Code     0  startup_at32f403a_407.o(.text)
    ADC1_2_IRQHandler                        0x080001b7   Thumb Code     0  startup_at32f403a_407.o(.text)
    ADC3_IRQHandler                          0x080001b7   Thumb Code     0  startup_at32f403a_407.o(.text)
    CAN1_RX1_IRQHandler                      0x080001b7   Thumb Code     0  startup_at32f403a_407.o(.text)
    CAN1_SE_IRQHandler                       0x080001b7   Thumb Code     0  startup_at32f403a_407.o(.text)
    CAN2_RX0_IRQHandler                      0x080001b7   Thumb Code     0  startup_at32f403a_407.o(.text)
    CAN2_RX1_IRQHandler                      0x080001b7   Thumb Code     0  startup_at32f403a_407.o(.text)
    CAN2_SE_IRQHandler                       0x080001b7   Thumb Code     0  startup_at32f403a_407.o(.text)
    CAN2_TX_IRQHandler                       0x080001b7   Thumb Code     0  startup_at32f403a_407.o(.text)
    CRM_IRQHandler                           0x080001b7   Thumb Code     0  startup_at32f403a_407.o(.text)
    DMA1_Channel1_IRQHandler                 0x080001b7   Thumb Code     0  startup_at32f403a_407.o(.text)
    DMA1_Channel2_IRQHandler                 0x080001b7   Thumb Code     0  startup_at32f403a_407.o(.text)
    DMA1_Channel3_IRQHandler                 0x080001b7   Thumb Code     0  startup_at32f403a_407.o(.text)
    DMA1_Channel4_IRQHandler                 0x080001b7   Thumb Code     0  startup_at32f403a_407.o(.text)
    DMA1_Channel5_IRQHandler                 0x080001b7   Thumb Code     0  startup_at32f403a_407.o(.text)
    DMA1_Channel6_IRQHandler                 0x080001b7   Thumb Code     0  startup_at32f403a_407.o(.text)
    DMA1_Channel7_IRQHandler                 0x080001b7   Thumb Code     0  startup_at32f403a_407.o(.text)
    DMA2_Channel1_IRQHandler                 0x080001b7   Thumb Code     0  startup_at32f403a_407.o(.text)
    DMA2_Channel2_IRQHandler                 0x080001b7   Thumb Code     0  startup_at32f403a_407.o(.text)
    DMA2_Channel3_IRQHandler                 0x080001b7   Thumb Code     0  startup_at32f403a_407.o(.text)
    DMA2_Channel4_5_IRQHandler               0x080001b7   Thumb Code     0  startup_at32f403a_407.o(.text)
    DMA2_Channel6_7_IRQHandler               0x080001b7   Thumb Code     0  startup_at32f403a_407.o(.text)
    EMAC_IRQHandler                          0x080001b7   Thumb Code     0  startup_at32f403a_407.o(.text)
    EMAC_WKUP_IRQHandler                     0x080001b7   Thumb Code     0  startup_at32f403a_407.o(.text)
    EXINT0_IRQHandler                        0x080001b7   Thumb Code     0  startup_at32f403a_407.o(.text)
    EXINT15_10_IRQHandler                    0x080001b7   Thumb Code     0  startup_at32f403a_407.o(.text)
    EXINT1_IRQHandler                        0x080001b7   Thumb Code     0  startup_at32f403a_407.o(.text)
    EXINT2_IRQHandler                        0x080001b7   Thumb Code     0  startup_at32f403a_407.o(.text)
    EXINT3_IRQHandler                        0x080001b7   Thumb Code     0  startup_at32f403a_407.o(.text)
    EXINT4_IRQHandler                        0x080001b7   Thumb Code     0  startup_at32f403a_407.o(.text)
    EXINT9_5_IRQHandler                      0x080001b7   Thumb Code     0  startup_at32f403a_407.o(.text)
    FLASH_IRQHandler                         0x080001b7   Thumb Code     0  startup_at32f403a_407.o(.text)
    I2C1_ERR_IRQHandler                      0x080001b7   Thumb Code     0  startup_at32f403a_407.o(.text)
    I2C1_EVT_IRQHandler                      0x080001b7   Thumb Code     0  startup_at32f403a_407.o(.text)
    I2C2_ERR_IRQHandler                      0x080001b7   Thumb Code     0  startup_at32f403a_407.o(.text)
    I2C2_EVT_IRQHandler                      0x080001b7   Thumb Code     0  startup_at32f403a_407.o(.text)
    I2C3_ERR_IRQHandler                      0x080001b7   Thumb Code     0  startup_at32f403a_407.o(.text)
    I2C3_EVT_IRQHandler                      0x080001b7   Thumb Code     0  startup_at32f403a_407.o(.text)
    PVM_IRQHandler                           0x080001b7   Thumb Code     0  startup_at32f403a_407.o(.text)
    RTCAlarm_IRQHandler                      0x080001b7   Thumb Code     0  startup_at32f403a_407.o(.text)
    RTC_IRQHandler                           0x080001b7   Thumb Code     0  startup_at32f403a_407.o(.text)
    SDIO1_IRQHandler                         0x080001b7   Thumb Code     0  startup_at32f403a_407.o(.text)
    SDIO2_IRQHandler                         0x080001b7   Thumb Code     0  startup_at32f403a_407.o(.text)
    SPI1_IRQHandler                          0x080001b7   Thumb Code     0  startup_at32f403a_407.o(.text)
    SPI2_I2S2EXT_IRQHandler                  0x080001b7   Thumb Code     0  startup_at32f403a_407.o(.text)
    SPI3_I2S3EXT_IRQHandler                  0x080001b7   Thumb Code     0  startup_at32f403a_407.o(.text)
    SPI4_IRQHandler                          0x080001b7   Thumb Code     0  startup_at32f403a_407.o(.text)
    TAMPER_IRQHandler                        0x080001b7   Thumb Code     0  startup_at32f403a_407.o(.text)
    TMR1_BRK_TMR9_IRQHandler                 0x080001b7   Thumb Code     0  startup_at32f403a_407.o(.text)
    TMR1_CH_IRQHandler                       0x080001b7   Thumb Code     0  startup_at32f403a_407.o(.text)
    TMR1_OVF_TMR10_IRQHandler                0x080001b7   Thumb Code     0  startup_at32f403a_407.o(.text)
    TMR1_TRG_HALL_TMR11_IRQHandler           0x080001b7   Thumb Code     0  startup_at32f403a_407.o(.text)
    TMR2_GLOBAL_IRQHandler                   0x080001b7   Thumb Code     0  startup_at32f403a_407.o(.text)
    TMR3_GLOBAL_IRQHandler                   0x080001b7   Thumb Code     0  startup_at32f403a_407.o(.text)
    TMR4_GLOBAL_IRQHandler                   0x080001b7   Thumb Code     0  startup_at32f403a_407.o(.text)
    TMR5_GLOBAL_IRQHandler                   0x080001b7   Thumb Code     0  startup_at32f403a_407.o(.text)
    TMR6_GLOBAL_IRQHandler                   0x080001b7   Thumb Code     0  startup_at32f403a_407.o(.text)
    TMR7_GLOBAL_IRQHandler                   0x080001b7   Thumb Code     0  startup_at32f403a_407.o(.text)
    TMR8_BRK_TMR12_IRQHandler                0x080001b7   Thumb Code     0  startup_at32f403a_407.o(.text)
    TMR8_CH_IRQHandler                       0x080001b7   Thumb Code     0  startup_at32f403a_407.o(.text)
    TMR8_OVF_TMR13_IRQHandler                0x080001b7   Thumb Code     0  startup_at32f403a_407.o(.text)
    TMR8_TRG_HALL_TMR14_IRQHandler           0x080001b7   Thumb Code     0  startup_at32f403a_407.o(.text)
    UART5_IRQHandler                         0x080001b7   Thumb Code     0  startup_at32f403a_407.o(.text)
    UART7_IRQHandler                         0x080001b7   Thumb Code     0  startup_at32f403a_407.o(.text)
    UART8_IRQHandler                         0x080001b7   Thumb Code     0  startup_at32f403a_407.o(.text)
    USART6_IRQHandler                        0x080001b7   Thumb Code     0  startup_at32f403a_407.o(.text)
    USBFSWakeUp_IRQHandler                   0x080001b7   Thumb Code     0  startup_at32f403a_407.o(.text)
    USBFS_H_CAN1_TX_IRQHandler               0x080001b7   Thumb Code     0  startup_at32f403a_407.o(.text)
    USBFS_L_CAN1_RX0_IRQHandler              0x080001b7   Thumb Code     0  startup_at32f403a_407.o(.text)
    USBFS_MAPH_IRQHandler                    0x080001b7   Thumb Code     0  startup_at32f403a_407.o(.text)
    USBFS_MAPL_IRQHandler                    0x080001b7   Thumb Code     0  startup_at32f403a_407.o(.text)
    WWDT_IRQHandler                          0x080001b7   Thumb Code     0  startup_at32f403a_407.o(.text)
    XMC_IRQHandler                           0x080001b7   Thumb Code     0  startup_at32f403a_407.o(.text)
    __aeabi_memcpy                           0x080001c1   Thumb Code    36  memcpya.o(.text)
    __aeabi_memcpy4                          0x080001c1   Thumb Code     0  memcpya.o(.text)
    __aeabi_memcpy8                          0x080001c1   Thumb Code     0  memcpya.o(.text)
    __aeabi_memset                           0x080001e5   Thumb Code    14  memseta.o(.text)
    __aeabi_memset4                          0x080001e5   Thumb Code     0  memseta.o(.text)
    __aeabi_memset8                          0x080001e5   Thumb Code     0  memseta.o(.text)
    __aeabi_memclr                           0x080001f3   Thumb Code     4  memseta.o(.text)
    __aeabi_memclr4                          0x080001f3   Thumb Code     0  memseta.o(.text)
    __aeabi_memclr8                          0x080001f3   Thumb Code     0  memseta.o(.text)
    _memset$wrapper                          0x080001f7   Thumb Code    18  memseta.o(.text)
    strncpy                                  0x08000209   Thumb Code    24  strncpy.o(.text)
    strlen                                   0x08000221   Thumb Code    14  strlen.o(.text)
    strcmp                                   0x0800022f   Thumb Code    28  strcmp.o(.text)
    __0sscanf                                0x0800024d   Thumb Code    48  __0sscanf.o(.text)
    _scanf_int                               0x08000285   Thumb Code   332  _scanf_int.o(.text)
    _scanf_string                            0x080003d1   Thumb Code   224  _scanf_str.o(.text)
    _scanf_real                              0x080005d9   Thumb Code     0  scanf_fp.o(.text)
    _scanf_really_real                       0x080005d9   Thumb Code   556  scanf_fp.o(.text)
    atoi                                     0x08000811   Thumb Code    26  atoi.o(.text)
    __aeabi_dadd                             0x0800082b   Thumb Code   322  dadd.o(.text)
    __aeabi_dsub                             0x0800096d   Thumb Code     6  dadd.o(.text)
    __aeabi_drsub                            0x08000973   Thumb Code     6  dadd.o(.text)
    __aeabi_dmul                             0x08000979   Thumb Code   228  dmul.o(.text)
    __aeabi_ddiv                             0x08000a5d   Thumb Code   222  ddiv.o(.text)
    __aeabi_ui2d                             0x08000b3b   Thumb Code    26  dfltui.o(.text)
    __aeabi_d2iz                             0x08000b55   Thumb Code    62  dfixi.o(.text)
    __aeabi_d2uiz                            0x08000b93   Thumb Code    50  dfixui.o(.text)
    __aeabi_f2d                              0x08000bc5   Thumb Code    38  f2d.o(.text)
    __aeabi_cdcmpeq                          0x08000bed   Thumb Code     0  cdcmple.o(.text)
    __aeabi_cdcmple                          0x08000bed   Thumb Code    48  cdcmple.o(.text)
    __aeabi_cdrcmple                         0x08000c1d   Thumb Code    48  cdrcmple.o(.text)
    __aeabi_d2f                              0x08000c4d   Thumb Code    56  d2f.o(.text)
    __aeabi_uidiv                            0x08000c85   Thumb Code     0  uidiv.o(.text)
    __aeabi_uidivmod                         0x08000c85   Thumb Code    44  uidiv.o(.text)
    __aeabi_uldivmod                         0x08000cb1   Thumb Code    98  uldiv.o(.text)
    __aeabi_llsl                             0x08000d13   Thumb Code    30  llshl.o(.text)
    _ll_shift_l                              0x08000d13   Thumb Code     0  llshl.o(.text)
    __aeabi_llsr                             0x08000d31   Thumb Code    32  llushr.o(.text)
    _ll_ushift_r                             0x08000d31   Thumb Code     0  llushr.o(.text)
    __aeabi_lasr                             0x08000d51   Thumb Code    36  llsshr.o(.text)
    _ll_sshift_r                             0x08000d51   Thumb Code     0  llsshr.o(.text)
    _chval                                   0x08000d75   Thumb Code    28  _chval.o(.text)
    __vfscanf_char                           0x08000d9d   Thumb Code    20  scanf_char.o(.text)
    _sgetc                                   0x08000db9   Thumb Code    30  _sgetc.o(.text)
    _sbackspace                              0x08000dd7   Thumb Code    34  _sgetc.o(.text)
    __strtod_int                             0x08000e2f   Thumb Code    90  strtod.o(.text)
    strtol                                   0x08000e95   Thumb Code   112  strtol.o(.text)
    __I$use$fp                               0x08000f05   Thumb Code     0  iusefp.o(.text)
    _float_round                             0x08000f05   Thumb Code    18  fepilogue.o(.text)
    _float_epilogue                          0x08000f17   Thumb Code    92  fepilogue.o(.text)
    _double_round                            0x08000f73   Thumb Code    30  depilogue.o(.text)
    _double_epilogue                         0x08000f91   Thumb Code   156  depilogue.o(.text)
    __aeabi_ul2d                             0x0800102d   Thumb Code    24  dfltul.o(.text)
    __aeabi_d2ulz                            0x08001045   Thumb Code    48  dfixul.o(.text)
    __scatterload                            0x08001075   Thumb Code    28  init.o(.text)
    __scatterload_rt2                        0x08001075   Thumb Code     0  init.o(.text)
    __rt_ctype_table                         0x08001099   Thumb Code     4  ctype_o.o(.text)
    isspace                                  0x080010a1   Thumb Code    18  isspace_o.o(.text)
    __vfscanf                                0x080010b5   Thumb Code   810  _scanf.o(.text)
    _strtoul                                 0x080013e5   Thumb Code   158  _strtoul.o(.text)
    ADC1_GetSingle                           0x08001485   Thumb Code    46  interiorad.o(i.ADC1_GetSingle)
    AcquisitMCP9700A                         0x080014b9   Thumb Code   132  temperature.o(i.AcquisitMCP9700A)
    BaudrateUART                             0x08001549   Thumb Code   160  command.o(i.BaudrateUART)
    BusFault_Handler                         0x08001631   Thumb Code     4  at32f403a_407_int.o(i.BusFault_Handler)
    CalculatingLevel                         0x08001635   Thumb Code   438  spiflash.o(i.CalculatingLevel)
    Clr_IIC_SCL                              0x080017f5   Thumb Code    90  simulateiic.o(i.Clr_IIC_SCL)
    Clr_IIC_SDA                              0x0800185d   Thumb Code    90  simulateiic.o(i.Clr_IIC_SDA)
    DebugMon_Handler                         0x080018c5   Thumb Code     2  at32f403a_407_int.o(i.DebugMon_Handler)
    FactoryReset                             0x080018c9   Thumb Code    42  command.o(i.FactoryReset)
    GP8211S_Power                            0x08001905   Thumb Code   116  gp8211s.o(i.GP8211S_Power)
    HardFault_Handler                        0x0800197d   Thumb Code     4  at32f403a_407_int.o(i.HardFault_Handler)
    IIC_Recelve_Ack                          0x08001981   Thumb Code    66  simulateiic.o(i.IIC_Recelve_Ack)
    IIC_Start                                0x080019c3   Thumb Code    36  simulateiic.o(i.IIC_Start)
    IIC_Stop                                 0x080019e7   Thumb Code    36  simulateiic.o(i.IIC_Stop)
    IIC_WRITE_BYTE                           0x08001a0b   Thumb Code    72  simulateiic.o(i.IIC_WRITE_BYTE)
    IIC_WriteGP8211S                         0x08001a55   Thumb Code   112  gp8211s.o(i.IIC_WriteGP8211S)
    IndexToBaudrate                          0x08001ac9   Thumb Code   154  function.o(i.IndexToBaudrate)
    InterADconfig                            0x08001b7d   Thumb Code   160  interiorad.o(i.InterADconfig)
    LevelValueDispose                        0x08001c29   Thumb Code   584  command.o(i.LevelValueDispose)
    MemManage_Handler                        0x08001f09   Thumb Code     4  at32f403a_407_int.o(i.MemManage_Handler)
    NMI_Handler                              0x08001f0d   Thumb Code     2  at32f403a_407_int.o(i.NMI_Handler)
    PendSV_Handler                           0x08001f0f   Thumb Code     2  at32f403a_407_int.o(i.PendSV_Handler)
    QueryPoint                               0x08001f11   Thumb Code   204  spiflash.o(i.QueryPoint)
    ReadParamet                              0x08001fdd   Thumb Code   160  spiflash.o(i.ReadParamet)
    ReadSelectSwitch                         0x0800207d   Thumb Code  1008  command.o(i.ReadSelectSwitch)
    ReadVersion                              0x08002505   Thumb Code   250  command.o(i.ReadVersion)
    ReadWriteBoardIDN                        0x08002625   Thumb Code   166  command.o(i.ReadWriteBoardIDN)
    ReadWriteMaxCH                           0x08002719   Thumb Code   210  command.o(i.ReadWriteMaxCH)
    RebackCharacter                          0x0800283d   Thumb Code   106  command.o(i.RebackCharacter)
    SDA_IN                                   0x080028c5   Thumb Code   270  simulateiic.o(i.SDA_IN)
    SDA_OUT                                  0x080029e9   Thumb Code   270  simulateiic.o(i.SDA_OUT)
    SPI1_Config                              0x08002b0d   Thumb Code   200  spidrive.o(i.SPI1_Config)
    SVC_Handler                              0x08002be1   Thumb Code     2  at32f403a_407_int.o(i.SVC_Handler)
    SaveParamet                              0x08002be3   Thumb Code   152  spiflash.o(i.SaveParamet)
    SaveSelectSwitch                         0x08002c7d   Thumb Code    90  command.o(i.SaveSelectSwitch)
    SetReadWrite                             0x08002d01   Thumb Code  2096  command.o(i.SetReadWrite)
    Set_IIC_SCL                              0x080035f9   Thumb Code    90  simulateiic.o(i.Set_IIC_SCL)
    Set_IIC_SDA                              0x08003661   Thumb Code    90  simulateiic.o(i.Set_IIC_SDA)
    StorageDevice                            0x080036c9   Thumb Code   296  spiflash.o(i.StorageDevice)
    SysTickConfigure                         0x080037f1   Thumb Code    88  initial.o(i.SysTickConfigure)
    SysTick_Handler                          0x08003855   Thumb Code    80  at32f403a_407_int.o(i.SysTick_Handler)
    SystemInit                               0x080038b1   Thumb Code   100  system_at32f403a_407.o(i.SystemInit)
    SystemReset                              0x08003921   Thumb Code    24  command.o(i.SystemReset)
    UART4_IRQHandler                         0x08003941   Thumb Code    22  at32f403a_407_int.o(i.UART4_IRQHandler)
    USART1_IRQHandler                        0x0800395d   Thumb Code   182  at32f403a_407_int.o(i.USART1_IRQHandler)
    USART2_IRQHandler                        0x08003a1d   Thumb Code    22  at32f403a_407_int.o(i.USART2_IRQHandler)
    USART3_IRQHandler                        0x08003a39   Thumb Code    22  at32f403a_407_int.o(i.USART3_IRQHandler)
    UsageFault_Handler                       0x08003a55   Thumb Code     4  at32f403a_407_int.o(i.UsageFault_Handler)
    WorkStateLED                             0x08003a59   Thumb Code    42  function.o(i.WorkStateLED)
    __0vsprintf                              0x08003a91   Thumb Code    30  printfa.o(i.__0vsprintf)
    __1vsprintf                              0x08003a91   Thumb Code     0  printfa.o(i.__0vsprintf)
    __2vsprintf                              0x08003a91   Thumb Code     0  printfa.o(i.__0vsprintf)
    __c89vsprintf                            0x08003a91   Thumb Code     0  printfa.o(i.__0vsprintf)
    vsprintf                                 0x08003a91   Thumb Code     0  printfa.o(i.__0vsprintf)
    __aeabi_errno_addr                       0x08003add   Thumb Code     4  errno.o(i.__aeabi_errno_addr)
    __rt_errno_addr                          0x08003add   Thumb Code     0  errno.o(i.__aeabi_errno_addr)
    __hardfp_atof                            0x08003ae9   Thumb Code    44  atof.o(i.__hardfp_atof)
    __read_errno                             0x08003b21   Thumb Code     6  errno.o(i.__read_errno)
    __scatterload_copy                       0x08003b2d   Thumb Code    14  handlers.o(i.__scatterload_copy)
    __scatterload_null                       0x08003b3b   Thumb Code     2  handlers.o(i.__scatterload_null)
    __scatterload_zeroinit                   0x08003b3d   Thumb Code    14  handlers.o(i.__scatterload_zeroinit)
    __set_errno                              0x08003b4d   Thumb Code     6  errno.o(i.__set_errno)
    _is_digit                                0x08003cdd   Thumb Code    14  scanf_fp.o(i._is_digit)
    adc_base_config                          0x080043fd   Thumb Code    44  at32f403a_407_adc.o(i.adc_base_config)
    adc_base_default_para_init               0x08004429   Thumb Code    14  at32f403a_407_adc.o(i.adc_base_default_para_init)
    adc_calibration_init                     0x08004437   Thumb Code    12  at32f403a_407_adc.o(i.adc_calibration_init)
    adc_calibration_init_status_get          0x08004443   Thumb Code    18  at32f403a_407_adc.o(i.adc_calibration_init_status_get)
    adc_calibration_start                    0x08004455   Thumb Code    12  at32f403a_407_adc.o(i.adc_calibration_start)
    adc_calibration_status_get               0x08004461   Thumb Code    18  at32f403a_407_adc.o(i.adc_calibration_status_get)
    adc_combine_mode_select                  0x08004475   Thumb Code    14  at32f403a_407_adc.o(i.adc_combine_mode_select)
    adc_enable                               0x08004489   Thumb Code    10  at32f403a_407_adc.o(i.adc_enable)
    adc_flag_get                             0x08004493   Thumb Code    16  at32f403a_407_adc.o(i.adc_flag_get)
    adc_ordinary_channel_set                 0x080044a3   Thumb Code   404  at32f403a_407_adc.o(i.adc_ordinary_channel_set)
    adc_ordinary_conversion_data_get         0x08004637   Thumb Code     8  at32f403a_407_adc.o(i.adc_ordinary_conversion_data_get)
    adc_ordinary_conversion_trigger_set      0x0800463f   Thumb Code    52  at32f403a_407_adc.o(i.adc_ordinary_conversion_trigger_set)
    adc_ordinary_software_trigger_enable     0x08004673   Thumb Code    10  at32f403a_407_adc.o(i.adc_ordinary_software_trigger_enable)
    bsp_Init                                 0x0800467d   Thumb Code   334  initial.o(i.bsp_Init)
    crm_adc_clock_div_set                    0x080047ed   Thumb Code    28  at32f403a_407_crm.o(i.crm_adc_clock_div_set)
    crm_ahb_div_set                          0x0800480d   Thumb Code    14  at32f403a_407_crm.o(i.crm_ahb_div_set)
    crm_apb1_div_set                         0x08004821   Thumb Code    14  at32f403a_407_crm.o(i.crm_apb1_div_set)
    crm_apb2_div_set                         0x08004835   Thumb Code    14  at32f403a_407_crm.o(i.crm_apb2_div_set)
    crm_auto_step_mode_enable                0x08004849   Thumb Code    34  at32f403a_407_crm.o(i.crm_auto_step_mode_enable)
    crm_clock_source_enable                  0x08004871   Thumb Code    90  at32f403a_407_crm.o(i.crm_clock_source_enable)
    crm_clocks_freq_get                      0x080048d1   Thumb Code   268  at32f403a_407_crm.o(i.crm_clocks_freq_get)
    crm_flag_get                             0x080049fd   Thumb Code    42  at32f403a_407_crm.o(i.crm_flag_get)
    crm_periph_clock_enable                  0x08004a2d   Thumb Code    62  at32f403a_407_crm.o(i.crm_periph_clock_enable)
    crm_pll_config                           0x08004a71   Thumb Code   104  at32f403a_407_crm.o(i.crm_pll_config)
    crm_reset                                0x08004add   Thumb Code    80  at32f403a_407_crm.o(i.crm_reset)
    crm_sysclk_switch                        0x08004b35   Thumb Code    14  at32f403a_407_crm.o(i.crm_sysclk_switch)
    crm_sysclk_switch_status_get             0x08004b49   Thumb Code    10  at32f403a_407_crm.o(i.crm_sysclk_switch_status_get)
    delay_ms                                 0x08004b59   Thumb Code    30  delay.o(i.delay_ms)
    delay_us                                 0x08004b77   Thumb Code    26  delay.o(i.delay_us)
    epramInitialize                          0x08004b91   Thumb Code   188  initial.o(i.epramInitialize)
    gLowerCaseString                         0x08004c6d   Thumb Code    46  command.o(i.gLowerCaseString)
    gpio_bits_reset                          0x08004c9b   Thumb Code     4  at32f403a_407_gpio.o(i.gpio_bits_reset)
    gpio_bits_set                            0x08004c9f   Thumb Code     4  at32f403a_407_gpio.o(i.gpio_bits_set)
    gpio_default_para_init                   0x08004ca3   Thumb Code    22  at32f403a_407_gpio.o(i.gpio_default_para_init)
    gpio_init                                0x08004cb9   Thumb Code   168  at32f403a_407_gpio.o(i.gpio_init)
    gpio_input_data_bit_read                 0x08004d61   Thumb Code    18  at32f403a_407_gpio.o(i.gpio_input_data_bit_read)
    gpio_pin_remap_config                    0x08004d75   Thumb Code    70  at32f403a_407_gpio.o(i.gpio_pin_remap_config)
    help                                     0x08004dc1   Thumb Code    36  command.o(i.help)
    ioConfig                                 0x08004de9   Thumb Code   256  iostream.o(i.ioConfig)
    main                                     0x08004efd   Thumb Code    64  main.o(i.main)
    nvic_irq_enable                          0x08004f41   Thumb Code   190  at32f403a_407_misc.o(i.nvic_irq_enable)
    nvic_priority_group_config               0x08005009   Thumb Code    32  at32f403a_407_misc.o(i.nvic_priority_group_config)
    printfx                                  0x08005031   Thumb Code    40  serialport.o(i.printfx)
    printx                                   0x0800505d   Thumb Code    28  serialport.o(i.printx)
    readSDA                                  0x0800507d   Thumb Code   106  simulateiic.o(i.readSDA)
    rxCommand                                0x080050f5   Thumb Code   524  command.o(i.rxCommand)
    spiFlash_wrByte                          0x0800531d   Thumb Code    50  spiflash.o(i.spiFlash_wrByte)
    spi_default_para_init                    0x08005355   Thumb Code    22  at32f403a_407_spi.o(i.spi_default_para_init)
    spi_enable                               0x0800536b   Thumb Code    10  at32f403a_407_spi.o(i.spi_enable)
    spi_flash_erase_chip                     0x08005375   Thumb Code    76  spiflash.o(i.spi_flash_erase_chip)
    spi_flash_erase_sector                   0x080053c5   Thumb Code   100  spiflash.o(i.spi_flash_erase_sector)
    spi_flash_read                           0x0800542d   Thumb Code    82  spiflash.o(i.spi_flash_read)
    spi_flash_write                          0x08005485   Thumb Code   172  spiflash.o(i.spi_flash_write)
    spi_i2s_data_receive                     0x08005535   Thumb Code     8  at32f403a_407_spi.o(i.spi_i2s_data_receive)
    spi_i2s_data_transmit                    0x0800553d   Thumb Code     4  at32f403a_407_spi.o(i.spi_i2s_data_transmit)
    spi_i2s_flag_get                         0x08005541   Thumb Code    16  at32f403a_407_spi.o(i.spi_i2s_flag_get)
    spi_init                                 0x08005551   Thumb Code   292  at32f403a_407_spi.o(i.spi_init)
    spiflash_wait_busy                       0x08005675   Thumb Code    82  spiflash.o(i.spiflash_wait_busy)
    sprintfx                                 0x080056cd   Thumb Code    84  serialport.o(i.sprintfx)
    stateVOA                                 0x08005725   Thumb Code   400  spiflash.o(i.stateVOA)
    swIIC_config                             0x080058bd   Thumb Code   170  simulateiic.o(i.swIIC_config)
    system_clock_config                      0x08005975   Thumb Code   108  at32f403a_407_clock.o(i.system_clock_config)
    system_core_clock_update                 0x080059e1   Thumb Code   222  system_at32f403a_407.o(i.system_core_clock_update)
    systick_clock_source_config              0x08005ad9   Thumb Code    40  at32f403a_407_misc.o(i.systick_clock_source_config)
    usart1_config                            0x08005b01   Thumb Code   172  serialport.o(i.usart1_config)
    usart_data_transmit                      0x08005bbd   Thumb Code     8  at32f403a_407_usart.o(i.usart_data_transmit)
    usart_enable                             0x08005bc5   Thumb Code    10  at32f403a_407_usart.o(i.usart_enable)
    usart_flag_clear                         0x08005bcf   Thumb Code    18  at32f403a_407_usart.o(i.usart_flag_clear)
    usart_flag_get                           0x08005be1   Thumb Code    16  at32f403a_407_usart.o(i.usart_flag_get)
    usart_init                               0x08005bf1   Thumb Code   120  at32f403a_407_usart.o(i.usart_init)
    usart_interrupt_enable                   0x08005c79   Thumb Code    54  at32f403a_407_usart.o(i.usart_interrupt_enable)
    usart_receiver_enable                    0x08005caf   Thumb Code    10  at32f403a_407_usart.o(i.usart_receiver_enable)
    usart_transmitter_enable                 0x08005cb9   Thumb Code    10  at32f403a_407_usart.o(i.usart_transmitter_enable)
    cmdMessage                               0x08005cc4   Data         144  command.o(.constdata)
    cmdStrLen                                0x08005d54   Data           4  command.o(.constdata)
    __ctype_table                            0x08005d90   Data         129  ctype_o.o(.constdata)
    Region$$Table$$Base                      0x08006158   Number         0  anon$$obj.o(Region$$Table)
    Region$$Table$$Limit                     0x08006178   Number         0  anon$$obj.o(Region$$Table)
    pUART                                    0x20000000   Data           4  serialport.o(.data)
    pCAN1                                    0x20000004   Data           4  serialport.o(.data)
    IICx                                     0x20000008   Data           1  simulateiic.o(.data)
    iicWcmd                                  0x20000009   Data           1  simulateiic.o(.data)
    iicRcmd                                  0x2000000a   Data           1  simulateiic.o(.data)
    system_core_clock                        0x20000010   Data           4  system_at32f403a_407.o(.data)
    params                                   0x20000018   Data         164  initial.o(.bss)
    slvd                                     0x200000bc   Data          12  initial.o(.bss)
    sVOA                                     0x200000c8   Data          60  initial.o(.bss)
    urStruct                                 0x20000104   Data         268  serialport.o(.bss)
    sTempere                                 0x20000210   Data          16  temperature.o(.bss)
    __initial_sp                             0x20000820   Data           0  startup_at32f403a_407.o(STACK)



==============================================================================

Memory Map of the image

  Image Entry point : 0x08000185

  Load Region LR_IROM1 (Base: 0x08000000, Size: 0x00006190, Max: 0x00100000, ABSOLUTE)

    Execution Region ER_IROM1 (Exec base: 0x08000000, Load base: 0x08000000, Size: 0x00006178, Max: 0x00100000, ABSOLUTE)

    Exec Addr    Load Addr    Size         Type   Attr      Idx    E Section Name        Object

    0x08000000   0x08000000   0x00000184   Data   RO         4558    RESET               startup_at32f403a_407.o
    0x08000184   0x08000184   0x00000000   Code   RO         4589  * .ARM.Collect$$$$00000000  mc_w.l(entry.o)
    0x08000184   0x08000184   0x00000004   Code   RO         4701    .ARM.Collect$$$$00000001  mc_w.l(entry2.o)
    0x08000188   0x08000188   0x00000004   Code   RO         4704    .ARM.Collect$$$$00000004  mc_w.l(entry5.o)
    0x0800018c   0x0800018c   0x00000000   Code   RO         4706    .ARM.Collect$$$$00000008  mc_w.l(entry7b.o)
    0x0800018c   0x0800018c   0x00000000   Code   RO         4708    .ARM.Collect$$$$0000000A  mc_w.l(entry8b.o)
    0x0800018c   0x0800018c   0x00000008   Code   RO         4709    .ARM.Collect$$$$0000000B  mc_w.l(entry9a.o)
    0x08000194   0x08000194   0x00000004   Code   RO         4716    .ARM.Collect$$$$0000000E  mc_w.l(entry12b.o)
    0x08000198   0x08000198   0x00000000   Code   RO         4711    .ARM.Collect$$$$0000000F  mc_w.l(entry10a.o)
    0x08000198   0x08000198   0x00000000   Code   RO         4713    .ARM.Collect$$$$00000011  mc_w.l(entry11a.o)
    0x08000198   0x08000198   0x00000004   Code   RO         4702    .ARM.Collect$$$$00002712  mc_w.l(entry2.o)
    0x0800019c   0x0800019c   0x00000024   Code   RO         4559    .text               startup_at32f403a_407.o
    0x080001c0   0x080001c0   0x00000024   Code   RO         4592    .text               mc_w.l(memcpya.o)
    0x080001e4   0x080001e4   0x00000024   Code   RO         4594    .text               mc_w.l(memseta.o)
    0x08000208   0x08000208   0x00000018   Code   RO         4596    .text               mc_w.l(strncpy.o)
    0x08000220   0x08000220   0x0000000e   Code   RO         4598    .text               mc_w.l(strlen.o)
    0x0800022e   0x0800022e   0x0000001c   Code   RO         4600    .text               mc_w.l(strcmp.o)
    0x0800024a   0x0800024a   0x00000002   PAD
    0x0800024c   0x0800024c   0x00000038   Code   RO         4634    .text               mc_w.l(__0sscanf.o)
    0x08000284   0x08000284   0x0000014c   Code   RO         4636    .text               mc_w.l(_scanf_int.o)
    0x080003d0   0x080003d0   0x000000e0   Code   RO         4638    .text               mc_w.l(_scanf_str.o)
    0x080004b0   0x080004b0   0x00000360   Code   RO         4640    .text               mc_w.l(scanf_fp.o)
    0x08000810   0x08000810   0x0000001a   Code   RO         4644    .text               mc_w.l(atoi.o)
    0x0800082a   0x0800082a   0x0000014e   Code   RO         4646    .text               mf_w.l(dadd.o)
    0x08000978   0x08000978   0x000000e4   Code   RO         4648    .text               mf_w.l(dmul.o)
    0x08000a5c   0x08000a5c   0x000000de   Code   RO         4650    .text               mf_w.l(ddiv.o)
    0x08000b3a   0x08000b3a   0x0000001a   Code   RO         4656    .text               mf_w.l(dfltui.o)
    0x08000b54   0x08000b54   0x0000003e   Code   RO         4658    .text               mf_w.l(dfixi.o)
    0x08000b92   0x08000b92   0x00000032   Code   RO         4660    .text               mf_w.l(dfixui.o)
    0x08000bc4   0x08000bc4   0x00000026   Code   RO         4662    .text               mf_w.l(f2d.o)
    0x08000bea   0x08000bea   0x00000002   PAD
    0x08000bec   0x08000bec   0x00000030   Code   RO         4664    .text               mf_w.l(cdcmple.o)
    0x08000c1c   0x08000c1c   0x00000030   Code   RO         4666    .text               mf_w.l(cdrcmple.o)
    0x08000c4c   0x08000c4c   0x00000038   Code   RO         4668    .text               mf_w.l(d2f.o)
    0x08000c84   0x08000c84   0x0000002c   Code   RO         4718    .text               mc_w.l(uidiv.o)
    0x08000cb0   0x08000cb0   0x00000062   Code   RO         4720    .text               mc_w.l(uldiv.o)
    0x08000d12   0x08000d12   0x0000001e   Code   RO         4722    .text               mc_w.l(llshl.o)
    0x08000d30   0x08000d30   0x00000020   Code   RO         4724    .text               mc_w.l(llushr.o)
    0x08000d50   0x08000d50   0x00000024   Code   RO         4726    .text               mc_w.l(llsshr.o)
    0x08000d74   0x08000d74   0x0000001c   Code   RO         4735    .text               mc_w.l(_chval.o)
    0x08000d90   0x08000d90   0x00000028   Code   RO         4737    .text               mc_w.l(scanf_char.o)
    0x08000db8   0x08000db8   0x00000040   Code   RO         4739    .text               mc_w.l(_sgetc.o)
    0x08000df8   0x08000df8   0x0000009c   Code   RO         4741    .text               mc_w.l(strtod.o)
    0x08000e94   0x08000e94   0x00000070   Code   RO         4743    .text               mc_w.l(strtol.o)
    0x08000f04   0x08000f04   0x00000000   Code   RO         4745    .text               mc_w.l(iusefp.o)
    0x08000f04   0x08000f04   0x0000006e   Code   RO         4746    .text               mf_w.l(fepilogue.o)
    0x08000f72   0x08000f72   0x000000ba   Code   RO         4748    .text               mf_w.l(depilogue.o)
    0x0800102c   0x0800102c   0x00000018   Code   RO         4752    .text               mf_w.l(dfltul.o)
    0x08001044   0x08001044   0x00000030   Code   RO         4754    .text               mf_w.l(dfixul.o)
    0x08001074   0x08001074   0x00000024   Code   RO         4756    .text               mc_w.l(init.o)
    0x08001098   0x08001098   0x00000008   Code   RO         4760    .text               mc_w.l(ctype_o.o)
    0x080010a0   0x080010a0   0x00000012   Code   RO         4782    .text               mc_w.l(isspace_o.o)
    0x080010b2   0x080010b2   0x00000002   PAD
    0x080010b4   0x080010b4   0x00000330   Code   RO         4788    .text               mc_w.l(_scanf.o)
    0x080013e4   0x080013e4   0x0000009e   Code   RO         4790    .text               mc_w.l(_strtoul.o)
    0x08001482   0x08001482   0x00000002   PAD
    0x08001484   0x08001484   0x00000034   Code   RO          611    i.ADC1_GetSingle    interiorad.o
    0x080014b8   0x080014b8   0x00000090   Code   RO         1138    i.AcquisitMCP9700A  temperature.o
    0x08001548   0x08001548   0x000000e8   Code   RO          965    i.BaudrateUART      command.o
    0x08001630   0x08001630   0x00000004   Code   RO          210    i.BusFault_Handler  at32f403a_407_int.o
    0x08001634   0x08001634   0x000001c0   Code   RO          821    i.CalculatingLevel  spiflash.o
    0x080017f4   0x080017f4   0x00000068   Code   RO          641    i.Clr_IIC_SCL       simulateiic.o
    0x0800185c   0x0800185c   0x00000068   Code   RO          642    i.Clr_IIC_SDA       simulateiic.o
    0x080018c4   0x080018c4   0x00000002   Code   RO          211    i.DebugMon_Handler  at32f403a_407_int.o
    0x080018c6   0x080018c6   0x00000002   PAD
    0x080018c8   0x080018c8   0x0000003c   Code   RO          966    i.FactoryReset      command.o
    0x08001904   0x08001904   0x00000078   Code   RO          935    i.GP8211S_Power     gp8211s.o
    0x0800197c   0x0800197c   0x00000004   Code   RO          212    i.HardFault_Handler  at32f403a_407_int.o
    0x08001980   0x08001980   0x00000042   Code   RO          652    i.IIC_Recelve_Ack   simulateiic.o
    0x080019c2   0x080019c2   0x00000024   Code   RO          653    i.IIC_Start         simulateiic.o
    0x080019e6   0x080019e6   0x00000024   Code   RO          654    i.IIC_Stop          simulateiic.o
    0x08001a0a   0x08001a0a   0x00000048   Code   RO          655    i.IIC_WRITE_BYTE    simulateiic.o
    0x08001a52   0x08001a52   0x00000002   PAD
    0x08001a54   0x08001a54   0x00000074   Code   RO          936    i.IIC_WriteGP8211S  gp8211s.o
    0x08001ac8   0x08001ac8   0x000000b4   Code   RO         1084    i.IndexToBaudrate   function.o
    0x08001b7c   0x08001b7c   0x000000ac   Code   RO          612    i.InterADconfig     interiorad.o
    0x08001c28   0x08001c28   0x000002e0   Code   RO          967    i.LevelValueDispose  command.o
    0x08001f08   0x08001f08   0x00000004   Code   RO          213    i.MemManage_Handler  at32f403a_407_int.o
    0x08001f0c   0x08001f0c   0x00000002   Code   RO          214    i.NMI_Handler       at32f403a_407_int.o
    0x08001f0e   0x08001f0e   0x00000002   Code   RO          215    i.PendSV_Handler    at32f403a_407_int.o
    0x08001f10   0x08001f10   0x000000cc   Code   RO          822    i.QueryPoint        spiflash.o
    0x08001fdc   0x08001fdc   0x000000a0   Code   RO          823    i.ReadParamet       spiflash.o
    0x0800207c   0x0800207c   0x00000488   Code   RO          968    i.ReadSelectSwitch  command.o
    0x08002504   0x08002504   0x00000120   Code   RO          969    i.ReadVersion       command.o
    0x08002624   0x08002624   0x000000f4   Code   RO          970    i.ReadWriteBoardIDN  command.o
    0x08002718   0x08002718   0x00000124   Code   RO          971    i.ReadWriteMaxCH    command.o
    0x0800283c   0x0800283c   0x00000088   Code   RO          972    i.RebackCharacter   command.o
    0x080028c4   0x080028c4   0x00000124   Code   RO          661    i.SDA_IN            simulateiic.o
    0x080029e8   0x080029e8   0x00000124   Code   RO          662    i.SDA_OUT           simulateiic.o
    0x08002b0c   0x08002b0c   0x000000d4   Code   RO          545    i.SPI1_Config       spidrive.o
    0x08002be0   0x08002be0   0x00000002   Code   RO          216    i.SVC_Handler       at32f403a_407_int.o
    0x08002be2   0x08002be2   0x00000098   Code   RO          824    i.SaveParamet       spiflash.o
    0x08002c7a   0x08002c7a   0x00000002   PAD
    0x08002c7c   0x08002c7c   0x00000084   Code   RO          973    i.SaveSelectSwitch  command.o
    0x08002d00   0x08002d00   0x000008f8   Code   RO          974    i.SetReadWrite      command.o
    0x080035f8   0x080035f8   0x00000068   Code   RO          663    i.Set_IIC_SCL       simulateiic.o
    0x08003660   0x08003660   0x00000068   Code   RO          664    i.Set_IIC_SDA       simulateiic.o
    0x080036c8   0x080036c8   0x00000128   Code   RO          825    i.StorageDevice     spiflash.o
    0x080037f0   0x080037f0   0x00000064   Code   RO          382    i.SysTickConfigure  initial.o
    0x08003854   0x08003854   0x0000005c   Code   RO          217    i.SysTick_Handler   at32f403a_407_int.o
    0x080038b0   0x080038b0   0x00000070   Code   RO         4522    i.SystemInit        system_at32f403a_407.o
    0x08003920   0x08003920   0x00000020   Code   RO          975    i.SystemReset       command.o
    0x08003940   0x08003940   0x0000001c   Code   RO          218    i.UART4_IRQHandler  at32f403a_407_int.o
    0x0800395c   0x0800395c   0x000000c0   Code   RO          219    i.USART1_IRQHandler  at32f403a_407_int.o
    0x08003a1c   0x08003a1c   0x0000001c   Code   RO          220    i.USART2_IRQHandler  at32f403a_407_int.o
    0x08003a38   0x08003a38   0x0000001c   Code   RO          221    i.USART3_IRQHandler  at32f403a_407_int.o
    0x08003a54   0x08003a54   0x00000004   Code   RO          222    i.UsageFault_Handler  at32f403a_407_int.o
    0x08003a58   0x08003a58   0x00000038   Code   RO         1087    i.WorkStateLED      function.o
    0x08003a90   0x08003a90   0x00000024   Code   RO         4613    i.__0vsprintf       mc_w.l(printfa.o)
    0x08003ab4   0x08003ab4   0x00000028   Code   RO          976    i.__NVIC_SystemReset  command.o
    0x08003adc   0x08003adc   0x00000008   Code   RO         4728    i.__aeabi_errno_addr  mc_w.l(errno.o)
    0x08003ae4   0x08003ae4   0x00000004   PAD
    0x08003ae8   0x08003ae8   0x00000038   Code   RO         4563    i.__hardfp_atof     m_wm.l(atof.o)
    0x08003b20   0x08003b20   0x0000000c   Code   RO         4729    i.__read_errno      mc_w.l(errno.o)
    0x08003b2c   0x08003b2c   0x0000000e   Code   RO         4799    i.__scatterload_copy  mc_w.l(handlers.o)
    0x08003b3a   0x08003b3a   0x00000002   Code   RO         4800    i.__scatterload_null  mc_w.l(handlers.o)
    0x08003b3c   0x08003b3c   0x0000000e   Code   RO         4801    i.__scatterload_zeroinit  mc_w.l(handlers.o)
    0x08003b4a   0x08003b4a   0x00000002   PAD
    0x08003b4c   0x08003b4c   0x0000000c   Code   RO         4730    i.__set_errno       mc_w.l(errno.o)
    0x08003b58   0x08003b58   0x00000184   Code   RO         4614    i._fp_digits        mc_w.l(printfa.o)
    0x08003cdc   0x08003cdc   0x0000000e   Code   RO         4642    i._is_digit         mc_w.l(scanf_fp.o)
    0x08003cea   0x08003cea   0x00000002   PAD
    0x08003cec   0x08003cec   0x000006b4   Code   RO         4615    i._printf_core      mc_w.l(printfa.o)
    0x080043a0   0x080043a0   0x00000024   Code   RO         4616    i._printf_post_padding  mc_w.l(printfa.o)
    0x080043c4   0x080043c4   0x0000002e   Code   RO         4617    i._printf_pre_padding  mc_w.l(printfa.o)
    0x080043f2   0x080043f2   0x0000000a   Code   RO         4619    i._sputc            mc_w.l(printfa.o)
    0x080043fc   0x080043fc   0x0000002c   Code   RO         1360    i.adc_base_config   at32f403a_407_adc.o
    0x08004428   0x08004428   0x0000000e   Code   RO         1361    i.adc_base_default_para_init  at32f403a_407_adc.o
    0x08004436   0x08004436   0x0000000c   Code   RO         1362    i.adc_calibration_init  at32f403a_407_adc.o
    0x08004442   0x08004442   0x00000012   Code   RO         1363    i.adc_calibration_init_status_get  at32f403a_407_adc.o
    0x08004454   0x08004454   0x0000000c   Code   RO         1364    i.adc_calibration_start  at32f403a_407_adc.o
    0x08004460   0x08004460   0x00000012   Code   RO         1365    i.adc_calibration_status_get  at32f403a_407_adc.o
    0x08004472   0x08004472   0x00000002   PAD
    0x08004474   0x08004474   0x00000014   Code   RO         1366    i.adc_combine_mode_select  at32f403a_407_adc.o
    0x08004488   0x08004488   0x0000000a   Code   RO         1369    i.adc_enable        at32f403a_407_adc.o
    0x08004492   0x08004492   0x00000010   Code   RO         1371    i.adc_flag_get      at32f403a_407_adc.o
    0x080044a2   0x080044a2   0x00000194   Code   RO         1373    i.adc_ordinary_channel_set  at32f403a_407_adc.o
    0x08004636   0x08004636   0x00000008   Code   RO         1374    i.adc_ordinary_conversion_data_get  at32f403a_407_adc.o
    0x0800463e   0x0800463e   0x00000034   Code   RO         1375    i.adc_ordinary_conversion_trigger_set  at32f403a_407_adc.o
    0x08004672   0x08004672   0x0000000a   Code   RO         1378    i.adc_ordinary_software_trigger_enable  at32f403a_407_adc.o
    0x0800467c   0x0800467c   0x00000170   Code   RO          383    i.bsp_Init          initial.o
    0x080047ec   0x080047ec   0x00000020   Code   RO         1894    i.crm_adc_clock_div_set  at32f403a_407_crm.o
    0x0800480c   0x0800480c   0x00000014   Code   RO         1895    i.crm_ahb_div_set   at32f403a_407_crm.o
    0x08004820   0x08004820   0x00000014   Code   RO         1896    i.crm_apb1_div_set  at32f403a_407_crm.o
    0x08004834   0x08004834   0x00000014   Code   RO         1897    i.crm_apb2_div_set  at32f403a_407_crm.o
    0x08004848   0x08004848   0x00000028   Code   RO         1898    i.crm_auto_step_mode_enable  at32f403a_407_crm.o
    0x08004870   0x08004870   0x00000060   Code   RO         1904    i.crm_clock_source_enable  at32f403a_407_crm.o
    0x080048d0   0x080048d0   0x0000012c   Code   RO         1905    i.crm_clocks_freq_get  at32f403a_407_crm.o
    0x080049fc   0x080049fc   0x00000030   Code   RO         1907    i.crm_flag_get      at32f403a_407_crm.o
    0x08004a2c   0x08004a2c   0x00000044   Code   RO         1917    i.crm_periph_clock_enable  at32f403a_407_crm.o
    0x08004a70   0x08004a70   0x0000006c   Code   RO         1920    i.crm_pll_config    at32f403a_407_crm.o
    0x08004adc   0x08004adc   0x00000058   Code   RO         1921    i.crm_reset         at32f403a_407_crm.o
    0x08004b34   0x08004b34   0x00000014   Code   RO         1924    i.crm_sysclk_switch  at32f403a_407_crm.o
    0x08004b48   0x08004b48   0x00000010   Code   RO         1925    i.crm_sysclk_switch_status_get  at32f403a_407_crm.o
    0x08004b58   0x08004b58   0x0000001e   Code   RO         1234    i.delay_ms          delay.o
    0x08004b76   0x08004b76   0x0000001a   Code   RO         1235    i.delay_us          delay.o
    0x08004b90   0x08004b90   0x000000dc   Code   RO          385    i.epramInitialize   initial.o
    0x08004c6c   0x08004c6c   0x0000002e   Code   RO          977    i.gLowerCaseString  command.o
    0x08004c9a   0x08004c9a   0x00000004   Code   RO         2706    i.gpio_bits_reset   at32f403a_407_gpio.o
    0x08004c9e   0x08004c9e   0x00000004   Code   RO         2707    i.gpio_bits_set     at32f403a_407_gpio.o
    0x08004ca2   0x08004ca2   0x00000016   Code   RO         2709    i.gpio_default_para_init  at32f403a_407_gpio.o
    0x08004cb8   0x08004cb8   0x000000a8   Code   RO         2713    i.gpio_init         at32f403a_407_gpio.o
    0x08004d60   0x08004d60   0x00000012   Code   RO         2714    i.gpio_input_data_bit_read  at32f403a_407_gpio.o
    0x08004d72   0x08004d72   0x00000002   PAD
    0x08004d74   0x08004d74   0x0000004c   Code   RO         2719    i.gpio_pin_remap_config  at32f403a_407_gpio.o
    0x08004dc0   0x08004dc0   0x00000028   Code   RO          978    i.help              command.o
    0x08004de8   0x08004de8   0x00000114   Code   RO          336    i.ioConfig          iostream.o
    0x08004efc   0x08004efc   0x00000044   Code   RO            4    i.main              main.o
    0x08004f40   0x08004f40   0x000000c8   Code   RO         3031    i.nvic_irq_enable   at32f403a_407_misc.o
    0x08005008   0x08005008   0x00000028   Code   RO         3033    i.nvic_priority_group_config  at32f403a_407_misc.o
    0x08005030   0x08005030   0x0000002c   Code   RO          472    i.printfx           serialport.o
    0x0800505c   0x0800505c   0x00000020   Code   RO          473    i.printx            serialport.o
    0x0800507c   0x0800507c   0x00000078   Code   RO          665    i.readSDA           simulateiic.o
    0x080050f4   0x080050f4   0x00000228   Code   RO          979    i.rxCommand         command.o
    0x0800531c   0x0800531c   0x00000038   Code   RO          826    i.spiFlash_wrByte   spiflash.o
    0x08005354   0x08005354   0x00000016   Code   RO         3450    i.spi_default_para_init  at32f403a_407_spi.o
    0x0800536a   0x0800536a   0x0000000a   Code   RO         3451    i.spi_enable        at32f403a_407_spi.o
    0x08005374   0x08005374   0x00000050   Code   RO          828    i.spi_flash_erase_chip  spiflash.o
    0x080053c4   0x080053c4   0x00000068   Code   RO          829    i.spi_flash_erase_sector  spiflash.o
    0x0800542c   0x0800542c   0x00000058   Code   RO          831    i.spi_flash_read    spiflash.o
    0x08005484   0x08005484   0x000000b0   Code   RO          832    i.spi_flash_write   spiflash.o
    0x08005534   0x08005534   0x00000008   Code   RO         3455    i.spi_i2s_data_receive  at32f403a_407_spi.o
    0x0800553c   0x0800553c   0x00000004   Code   RO         3456    i.spi_i2s_data_transmit  at32f403a_407_spi.o
    0x08005540   0x08005540   0x00000010   Code   RO         3460    i.spi_i2s_flag_get  at32f403a_407_spi.o
    0x08005550   0x08005550   0x00000124   Code   RO         3463    i.spi_init          at32f403a_407_spi.o
    0x08005674   0x08005674   0x00000058   Code   RO          835    i.spiflash_wait_busy  spiflash.o
    0x080056cc   0x080056cc   0x00000058   Code   RO          474    i.sprintfx          serialport.o
    0x08005724   0x08005724   0x00000198   Code   RO          836    i.stateVOA          spiflash.o
    0x080058bc   0x080058bc   0x000000b8   Code   RO          666    i.swIIC_config      simulateiic.o
    0x08005974   0x08005974   0x0000006c   Code   RO          309    i.system_clock_config  at32f403a_407_clock.o
    0x080059e0   0x080059e0   0x000000f8   Code   RO         4523    i.system_core_clock_update  system_at32f403a_407.o
    0x08005ad8   0x08005ad8   0x00000028   Code   RO         3036    i.systick_clock_source_config  at32f403a_407_misc.o
    0x08005b00   0x08005b00   0x000000bc   Code   RO          476    i.usart1_config     serialport.o
    0x08005bbc   0x08005bbc   0x00000008   Code   RO         3951    i.usart_data_transmit  at32f403a_407_usart.o
    0x08005bc4   0x08005bc4   0x0000000a   Code   RO         3954    i.usart_enable      at32f403a_407_usart.o
    0x08005bce   0x08005bce   0x00000012   Code   RO         3955    i.usart_flag_clear  at32f403a_407_usart.o
    0x08005be0   0x08005be0   0x00000010   Code   RO         3956    i.usart_flag_get    at32f403a_407_usart.o
    0x08005bf0   0x08005bf0   0x00000088   Code   RO         3958    i.usart_init        at32f403a_407_usart.o
    0x08005c78   0x08005c78   0x00000036   Code   RO         3959    i.usart_interrupt_enable  at32f403a_407_usart.o
    0x08005cae   0x08005cae   0x0000000a   Code   RO         3965    i.usart_receiver_enable  at32f403a_407_usart.o
    0x08005cb8   0x08005cb8   0x0000000a   Code   RO         3972    i.usart_transmitter_enable  at32f403a_407_usart.o
    0x08005cc2   0x08005cc2   0x00000002   PAD
    0x08005cc4   0x08005cc4   0x00000094   Data   RO          980    .constdata          command.o
    0x08005d58   0x08005d58   0x00000028   Data   RO         1929    .constdata          at32f403a_407_crm.o
    0x08005d80   0x08005d80   0x00000010   Data   RO         4524    .constdata          system_at32f403a_407.o
    0x08005d90   0x08005d90   0x00000081   Data   RO         4761    .constdata          mc_w.l(ctype_o.o)
    0x08005e11   0x08005e11   0x00000003   PAD
    0x08005e14   0x08005e14   0x00000004   Data   RO         4762    .constdata          mc_w.l(ctype_o.o)
    0x08005e18   0x08005e18   0x00000340   Data   RO          981    .conststring        command.o
    0x08006158   0x08006158   0x00000020   Data   RO         4797    Region$$Table       anon$$obj.o


    Execution Region RW_IRAM1 (Exec base: 0x20000000, Load base: 0x08006178, Size: 0x00000820, Max: 0x00038000, ABSOLUTE)

    Exec Addr    Load Addr    Size         Type   Attr      Idx    E Section Name        Object

    0x20000000   0x08006178   0x00000008   Data   RW          480    .data               serialport.o
    0x20000008   0x08006180   0x00000003   Data   RW          667    .data               simulateiic.o
    0x2000000b   0x08006183   0x00000001   PAD
    0x2000000c   0x08006184   0x00000004   Data   RW         1089    .data               function.o
    0x20000010   0x08006188   0x00000004   Data   RW         4525    .data               system_at32f403a_407.o
    0x20000014   0x0800618c   0x00000004   Data   RW         4731    .data               mc_w.l(errno.o)
    0x20000018        -       0x000000ec   Zero   RW          391    .bss                initial.o
    0x20000104        -       0x0000010c   Zero   RW          479    .bss                serialport.o
    0x20000210        -       0x00000010   Zero   RW         1150    .bss                temperature.o
    0x20000220        -       0x00000600   Zero   RW         4556    STACK               startup_at32f403a_407.o


==============================================================================

Image component sizes


      Code (inc. data)   RO Data    RW Data    ZI Data      Debug   Object Name

       638         42          0          0          0       8754   at32f403a_407_adc.o
       108          0          0          0          0        590   at32f403a_407_clock.o
       876        108         40          0          0       8625   at32f403a_407_crm.o
       292          6          0          0          0       4594   at32f403a_407_gpio.o
       392         40          0          0          0       6617   at32f403a_407_int.o
       280         18          0          0          0      32700   at32f403a_407_misc.o
       352          0          0          0          0       4158   at32f403a_407_spi.o
       262         16          0          0          0       5674   at32f403a_407_usart.o
      6286       1108        980          0          0      44462   command.o
        56          0          0          0          0       1050   delay.o
       236         62          0          4          0       1237   function.o
       236          8          0          0          0       1843   gp8211s.o
       688         78          0          0        236      34078   initial.o
       224         18          0          0          0       1225   interiorad.o
       276         20          0          0          0        655   iostream.o
        68          4          0          0          0      53254   main.o
       352         28          0          8        268       3569   serialport.o
      1514        170          0          3          0       7381   simulateiic.o
       212         12          0          0          0        658   spidrive.o
      2260         48          0          0          0       9113   spiflash.o
        36          8        388          0       1536        924   startup_at32f403a_407.o
       360         38         16          4          0       2240   system_at32f403a_407.o
       144         12          0          0         16       1262   temperature.o

    ----------------------------------------------------------------------
     16160       1844       1456         20       2056     234663   Object Totals
         0          0         32          0          0          0   (incl. Generated)
        12          0          0          1          0          0   (incl. Padding)

    ----------------------------------------------------------------------

      Code (inc. data)   RO Data    RW Data    ZI Data      Debug   Library Member Name

        56         12          0          0          0        132   atof.o
        56          8          0          0          0         84   __0sscanf.o
        28          0          0          0          0         68   _chval.o
       816          6          0          0          0        112   _scanf.o
       332          0          0          0          0         96   _scanf_int.o
       224          0          0          0          0         96   _scanf_str.o
        64          0          0          0          0         84   _sgetc.o
       158          0          0          0          0         92   _strtoul.o
        26          0          0          0          0         80   atoi.o
         8          4        133          0          0         68   ctype_o.o
         0          0          0          0          0          0   entry.o
         0          0          0          0          0          0   entry10a.o
         0          0          0          0          0          0   entry11a.o
         4          0          0          0          0          0   entry12b.o
         8          4          0          0          0          0   entry2.o
         4          0          0          0          0          0   entry5.o
         0          0          0          0          0          0   entry7b.o
         0          0          0          0          0          0   entry8b.o
         8          4          0          0          0          0   entry9a.o
        32         16          0          4          0        204   errno.o
        30          0          0          0          0          0   handlers.o
        36          8          0          0          0         68   init.o
        18          0          0          0          0         76   isspace_o.o
         0          0          0          0          0          0   iusefp.o
        30          0          0          0          0         68   llshl.o
        36          0          0          0          0         68   llsshr.o
        32          0          0          0          0         68   llushr.o
        36          0          0          0          0         68   memcpya.o
        36          0          0          0          0        108   memseta.o
      2232         86          0          0          0        528   printfa.o
        40          8          0          0          0         84   scanf_char.o
       878         12          0          0          0        216   scanf_fp.o
        28          0          0          0          0         76   strcmp.o
        14          0          0          0          0         68   strlen.o
        24          0          0          0          0         76   strncpy.o
       156         12          0          0          0        120   strtod.o
       112          0          0          0          0         88   strtol.o
        44          0          0          0          0         80   uidiv.o
        98          0          0          0          0         92   uldiv.o
        48          0          0          0          0         68   cdcmple.o
        48          0          0          0          0         68   cdrcmple.o
        56          0          0          0          0         88   d2f.o
       334          0          0          0          0        148   dadd.o
       222          0          0          0          0        100   ddiv.o
       186          0          0          0          0        176   depilogue.o
        62          0          0          0          0         80   dfixi.o
        50          0          0          0          0         76   dfixui.o
        48          0          0          0          0         68   dfixul.o
        26          0          0          0          0         76   dfltui.o
        24          0          0          0          0         76   dfltul.o
       228          0          0          0          0         96   dmul.o
        38          0          0          0          0         68   f2d.o
       110          0          0          0          0        168   fepilogue.o

    ----------------------------------------------------------------------
      7200        184        136          4          0       4424   Library Totals
        16          4          3          0          0          0   (incl. Padding)

    ----------------------------------------------------------------------

      Code (inc. data)   RO Data    RW Data    ZI Data      Debug   Library Name

        56         12          0          0          0        132   m_wm.l
      5648        168        133          4          0       2936   mc_w.l
      1480          0          0          0          0       1356   mf_w.l

    ----------------------------------------------------------------------
      7200        184        136          4          0       4424   Library Totals

    ----------------------------------------------------------------------

==============================================================================


      Code (inc. data)   RO Data    RW Data    ZI Data      Debug   

     23360       2028       1592         24       2056     225151   Grand Totals
     23360       2028       1592         24       2056     225151   ELF Image Totals
     23360       2028       1592         24          0          0   ROM Totals

==============================================================================

    Total RO  Size (Code + RO Data)                24952 (  24.37kB)
    Total RW  Size (RW Data + ZI Data)              2080 (   2.03kB)
    Total ROM Size (Code + RO Data + RW Data)      24976 (  24.39kB)

==============================================================================

